[Licensing::Module] Trying to connect to existing licensing client channel...
Built from '6000.3/staging' branch; Version is '6000.3.20f1 (c9ba695d4f07) revision 13220457'; Using compiler version '194234433'; Build Type 'Release'
OS: 'Windows 11  (10.0.26200) CoreSingleLanguage' Language: 'en' Physical Memory: 32472 MB
[Licensing::IpcConnector] Successfully connected to: "LicenseClient-benli" at "2026-08-09T16:05:05.5008496Z"
BatchMode: 1, IsHumanControllingUs: 0, StartBugReporterOnCrash: 0, Is64bit: 1
System  architecture: x64
Process architecture: x64
Date: 2026-08-09T16:05:05Z

COMMAND LINE ARGUMENTS:
C:\Program Files\Unity\Hub\Editor\6000.3.20f1\Editor\Unity.exe
-batchmode
-quit
-projectPath
C:\CutMyBodyPlease\Unity\AnatomyXR
-executeMethod
CutMyBodyPlease.Hospital.Stage05.Editor.HospitalStage05R42Builder.BuildAndMeasureR42
-logFile
C:\CutMyBodyPlease\Reviews\HospitalExterior\Stage05_R42\Unity_6000.3.20f1_R42BuildMeasure.log
Successfully changed project path to: C:\CutMyBodyPlease\Unity\AnatomyXR
C:/CutMyBodyPlease/Unity/AnatomyXR
[UnityMemory] Configuration Parameters - Can be set up in boot.config
    "memorysetup-temp-allocator-size-nav-mesh-worker=65536"
    "memorysetup-temp-allocator-size-audio-worker=65536"
    "memorysetup-temp-allocator-size-gfx=262144"
    "memorysetup-allocator-temp-initial-block-size-main=262144"
    "memorysetup-allocator-temp-initial-block-size-worker=262144"
    "memorysetup-temp-allocator-size-background-worker=32768"
    "memorysetup-temp-allocator-size-job-worker=262144"
    "memorysetup-temp-allocator-size-preload-manager=33554432"
    "memorysetup-temp-allocator-size-gi-baking-worker=262144"
    "memorysetup-temp-allocator-size-gi-baking-worker=262144"
    "memorysetup-temp-allocator-size-gi-baking-worker=262144"
    "memorysetup-temp-allocator-size-gi-baking-worker=262144"
    "memorysetup-temp-allocator-size-gi-baking-worker=262144"
    "memorysetup-bucket-allocator-granularity=16"
    "memorysetup-bucket-allocator-bucket-count=8"
    "memorysetup-bucket-allocator-block-size=33554432"
    "memorysetup-bucket-allocator-block-count=8"
    "memorysetup-main-allocator-block-size=16777216"
    "memorysetup-thread-allocator-block-size=16777216"
    "memorysetup-gfx-main-allocator-block-size=16777216"
    "memorysetup-gfx-thread-allocator-block-size=16777216"
    "memorysetup-cache-allocator-block-size=4194304"
    "memorysetup-typetree-allocator-block-size=2097152"
    "memorysetup-profiler-bucket-allocator-granularity=16"
    "memorysetup-profiler-bucket-allocator-bucket-count=8"
    "memorysetup-profiler-bucket-allocator-block-size=33554432"
    "memorysetup-profiler-bucket-allocator-block-count=8"
    "memorysetup-profiler-allocator-block-size=16777216"
    "memorysetup-profiler-editor-allocator-block-size=1048576"
    "memorysetup-temp-allocator-size-main=16777216"
    "memorysetup-job-temp-allocator-block-size=2097152"
    "memorysetup-job-temp-allocator-block-size-background=1048576"
    "memorysetup-job-temp-allocator-reduction-small-platforms=262144"
    "memorysetup-temp-allocator-size-cloud-worker=32768"
Player connection [40284]  Target information:

Player connection [40284]  * "[IP] 192.168.56.1 [Port] 55504 [Flags] 2 [Guid] 429006428 [EditorId] 429006428 [Version] 1048832 [Id] WindowsEditor(7,Ben0928) [Debug] 1 [PackageName] WindowsEditor [ProjectName] Editor" 

Player connection [40284]  * "[IP] 172.19.25.183 [Port] 55504 [Flags] 2 [Guid] 429006428 [EditorId] 429006428 [Version] 1048832 [Id] WindowsEditor(7,Ben0928) [Debug] 1 [PackageName] WindowsEditor [ProjectName] Editor" 

Player connection [40284] Host joined multi-casting on [225.0.0.222:54997]...
Player connection [40284] Host joined alternative multi-casting on [225.0.0.222:34997]...
Input System module state changed to: Initialized.
[Physics::Module] Initialized fallback backend.
[Physics::Module] Id: 0xdecafbad
[Package Manager] Connected to IPC stream "Upm-21904" after 0.2 seconds.
[Licensing::Module] Licensing is not yet initialized.
[Licensing::Client] Error: HandshakeResponse reported an error:
	ResponseCode: 505
	ResponseStatus: Unsupported protocol version '1.18.1'.
[Licensing::Module] Error: Failed to handshake to channel: "LicenseClient-benli"
[Licensing::IpcConnector] LicenseClient-benli channel disconnected successfully.
[Licensing::IpcConnector] Channel LicenseClient-benli-6000.3.20 doesn't exist
[Licensing::Module] Successfully launched the LicensingClient (PId: 71532)
[Licensing::IpcConnector] Successfully connected to: "LicenseClient-benli-6000.3.20" at "2026-08-09T16:05:07.4447304Z"
[Licensing::Client] Code 10 while verifying Licensing Client signature (process Id: 71532, path: "C:/Program Files/Unity/Hub/Editor/6000.3.20f1/Editor/Data/Resources/Licensing/Client/Unity.Licensing.Client.exe")
[Licensing::Module] LicensingClient has failed validation; ignoring
[Licensing::Client] Handshaking with LicensingClient:
  Version:                 1.18.1+9fbee8e
  Session Id:              293ca08a0ab3478286f12719d6f89c5a
  Correlation Id:          e33db0d5dc57695bbf99b4f1b9700563
  External correlation Id: 6584426945203821947
  Machine Id:              K/xaE00r9U15jR2vrRRSBHB/pCQ=
[Licensing::Module] Successfully connected to LicensingClient on channel: "LicenseClient-benli-6000.3.20" (connect: 0.25s, validation: 0.09s, handshake: 0.01s)
[Licensing::IpcConnector] Successfully connected to: "LicenseClient-benli-6000.3.20-notifications" at "2026-08-09T16:05:07.5468337Z"
[Licensing::Module] Connected to LicensingClient (PId: 71532, launch time: 0.00, total connection time: 0.35s)
[Licensing::Module] Error: Access token is unavailable; failed to update
[Licensing::Client] Successfully resolved entitlement details
[Licensing::Module] License group:
  Id: 18968468702908-UnityPersXXXX
  Product: Unity Personal
  Type: Assigned
  Expiration: Unlimited
[Licensing::Client] Successfully updated license, isAsync: True, time: 0.01
[Licensing::Client] Successfully resolved entitlement details
[Licensing::Module] Licensing Background thread has ended after 2.08s
[Licensing::Module] Licensing is initialized (took 1.51s).
[Licensing::Client] Successfully resolved entitlement details
Library Redirect Path: Library/
[Physics::Module] Selected backend.
[Physics::Module] Name: PhysX
[Physics::Module] Id: 0xf2b8ea05
[Physics::Module] SDK Version: 4.1.2
[Physics::Module] Integration Version: 1.0.0
[Physics::Module] Threading Mode: Multi-Threaded
Refreshing native plugins compatible for Editor in 0.62 ms, found 0 plugins.
Preloading 0 native plugins for Editor in 0.00 ms.
Initialize engine version: 6000.3.20f1 (c9ba695d4f07)
[Subsystems] Discovering subsystems at path C:/Program Files/Unity/Hub/Editor/6000.3.20f1/Editor/Data/Resources/UnitySubsystems
[Subsystems] Discovering subsystems at path C:/CutMyBodyPlease/Unity/AnatomyXR/Assets
GfxDevice: creating device client; kGfxThreadingModeNonThreaded
Direct3D:
    Version:  Direct3D 11.0 [level 11.1]
    Renderer: NVIDIA GeForce RTX 4050 Laptop GPU (ID=0x28e1)
    Vendor:   NVIDIA
    VRAM:     5920 MB
    Driver:   32.0.15.9595
Initialize mono
Mono path[0] = 'C:/Program Files/Unity/Hub/Editor/6000.3.20f1/Editor/Data/Managed'
Mono path[1] = 'C:/Program Files/Unity/Hub/Editor/6000.3.20f1/Editor/Data/MonoBleedingEdge/lib/mono/unityjit-win32'
Mono config path = 'C:/Program Files/Unity/Hub/Editor/6000.3.20f1/Editor/Data/MonoBleedingEdge/etc'
Using monoOptions --debugger-agent=transport=dt_socket,embedding=1,server=y,suspend=n,address=127.0.0.1:56904
Using cacheserver namespaces - metadata:defaultmetadata, artifacts:defaultartifacts
Using cacheserver namespaces - metadata:defaultmetadata, artifacts:defaultartifacts
ImportWorker Server TCP listen port: 0
AcceleratorClientConnectionCallback - disconnected - :0
Begin MonoManager ReloadAssembly
Registering precompiled unity dll's ...
Register platform support module: C:/Program Files/Unity/Hub/Editor/6000.3.20f1/Editor/Data/PlaybackEngines/WindowsStandaloneSupport/UnityEditor.WindowsStandalone.Extensions.dll
Registered in 0.001057 seconds.
- Loaded All Assemblies, in  0.308 seconds
Native extension for WindowsStandalone target not found
Package Manager log level set to [2]
ScheduleIndexationOnStartup MainProcess:False IndexOnStartup:False
Mono: successfully reloaded assembly
- Finished resetting the current domain, in  0.299 seconds
Domain Reload Profiling: 606ms
	BeginReloadAssembly (102ms)
		ExecutionOrderSort (0ms)
		DisableScriptedObjects (0ms)
		BackupInstance (0ms)
		ReleaseScriptingObjects (0ms)
		CreateAndSetChildDomain (8ms)
	RebuildCommonClasses (30ms)
	RebuildNativeTypeToScriptingClass (10ms)
	initialDomainReloadingComplete (31ms)
	LoadAllAssembliesAndSetupDomain (134ms)
		LoadAssemblies (92ms)
		RebuildTransferFunctionScriptingTraits (0ms)
		AnalyzeDomain (132ms)
			TypeCache.Refresh (130ms)
				TypeCache.ScanAssembly (119ms)
			BuildScriptInfoCaches (0ms)
			ResolveRequiredComponents (0ms)
	FinalizeReload (299ms)
		ReleaseScriptCaches (0ms)
		RebuildScriptCaches (0ms)
		SetupLoadedEditorAssemblies (267ms)
			LogAssemblyErrors (0ms)
			InitializePlatformSupportModulesInManaged (35ms)
			SetLoadedEditorAssemblies (3ms)
			BeforeProcessingInitializeOnLoad (61ms)
			ProcessInitializeOnLoadAttributes (103ms)
			ProcessInitializeOnLoadMethodAttributes (64ms)
			AfterProcessingInitializeOnLoad (0ms)
			EditorAssembliesLoaded (0ms)
		ExecutionOrderSort2 (0ms)
		AwakeInstancesAfterBackupRestoration (0ms)
[Licensing::Client] Successfully resolved entitlement details
Application.AssetDatabase Initial Refresh Start
[Package Manager] Restoring resolved packages state from cache
[Licensing::Client] Successfully resolved entitlement details
[Package Manager] Registered 55 packages:
  Packages from [https://packages.unity.com]:
    com.unity.inputsystem@1.20.0 (location: C:\CutMyBodyPlease\Unity\AnatomyXR\Library\PackageCache\com.unity.inputsystem@7a4e1a2a8194)
    com.unity.xr.interaction.toolkit@3.5.1 (location: C:\CutMyBodyPlease\Unity\AnatomyXR\Library\PackageCache\com.unity.xr.interaction.toolkit@63ca3b7ce776)
    com.unity.xr.management@4.7.0 (location: C:\CutMyBodyPlease\Unity\AnatomyXR\Library\PackageCache\com.unity.xr.management@2ad85c7dd480)
    com.unity.xr.openxr@1.17.1 (location: C:\CutMyBodyPlease\Unity\AnatomyXR\Library\PackageCache\com.unity.xr.openxr@58837b2992e0)
    com.unity.xr.core-utils@2.6.0 (location: C:\CutMyBodyPlease\Unity\AnatomyXR\Library\PackageCache\com.unity.xr.core-utils@a8b900321199)
    com.unity.xr.legacyinputhelpers@2.1.13 (location: C:\CutMyBodyPlease\Unity\AnatomyXR\Library\PackageCache\com.unity.xr.legacyinputhelpers@9535ff2c27ac)
    com.unity.mathematics@1.3.3 (location: C:\CutMyBodyPlease\Unity\AnatomyXR\Library\PackageCache\com.unity.mathematics@19a9377c4ffa)
    com.unity.searcher@4.9.4 (location: C:\CutMyBodyPlease\Unity\AnatomyXR\Library\PackageCache\com.unity.searcher@d45a78918735)
    com.unity.burst@1.8.29 (location: C:\CutMyBodyPlease\Unity\AnatomyXR\Library\PackageCache\com.unity.burst@6bb9aca3ef38)
    com.unity.collections@2.6.6 (location: C:\CutMyBodyPlease\Unity\AnatomyXR\Library\PackageCache\com.unity.collections@9796e5ee0d9e)
    com.unity.nuget.mono-cecil@1.11.6 (location: C:\CutMyBodyPlease\Unity\AnatomyXR\Library\PackageCache\com.unity.nuget.mono-cecil@ecb9724e46ff)
    com.unity.test-framework.performance@3.5.0 (location: C:\CutMyBodyPlease\Unity\AnatomyXR\Library\PackageCache\com.unity.test-framework.performance@8b56083ec0f0)
  Built-in packages:
    com.unity.render-pipelines.universal@17.3.0 (location: C:\CutMyBodyPlease\Unity\AnatomyXR\Library\PackageCache\com.unity.render-pipelines.universal@37e06a5b08b3)
    com.unity.modules.accessibility@1.0.0 (location: C:\CutMyBodyPlease\Unity\AnatomyXR\Library\PackageCache\com.unity.modules.accessibility)
    com.unity.modules.adaptiveperformance@1.0.0 (location: C:\CutMyBodyPlease\Unity\AnatomyXR\Library\PackageCache\com.unity.modules.adaptiveperformance)
    com.unity.modules.ai@1.0.0 (location: C:\CutMyBodyPlease\Unity\AnatomyXR\Library\PackageCache\com.unity.modules.ai)
    com.unity.modules.androidjni@1.0.0 (location: C:\CutMyBodyPlease\Unity\AnatomyXR\Library\PackageCache\com.unity.modules.androidjni)
    com.unity.modules.animation@1.0.0 (location: C:\CutMyBodyPlease\Unity\AnatomyXR\Library\PackageCache\com.unity.modules.animation)
    com.unity.modules.assetbundle@1.0.0 (location: C:\CutMyBodyPlease\Unity\AnatomyXR\Library\PackageCache\com.unity.modules.assetbundle)
    com.unity.modules.audio@1.0.0 (location: C:\CutMyBodyPlease\Unity\AnatomyXR\Library\PackageCache\com.unity.modules.audio)
    com.unity.modules.cloth@1.0.0 (location: C:\CutMyBodyPlease\Unity\AnatomyXR\Library\PackageCache\com.unity.modules.cloth)
    com.unity.modules.director@1.0.0 (location: C:\CutMyBodyPlease\Unity\AnatomyXR\Library\PackageCache\com.unity.modules.director)
    com.unity.modules.imageconversion@1.0.0 (location: C:\CutMyBodyPlease\Unity\AnatomyXR\Library\PackageCache\com.unity.modules.imageconversion)
    com.unity.modules.imgui@1.0.0 (location: C:\CutMyBodyPlease\Unity\AnatomyXR\Library\PackageCache\com.unity.modules.imgui)
    com.unity.modules.jsonserialize@1.0.0 (location: C:\CutMyBodyPlease\Unity\AnatomyXR\Library\PackageCache\com.unity.modules.jsonserialize)
    com.unity.modules.particlesystem@1.0.0 (location: C:\CutMyBodyPlease\Unity\AnatomyXR\Library\PackageCache\com.unity.modules.particlesystem)
    com.unity.modules.physics@1.0.0 (location: C:\CutMyBodyPlease\Unity\AnatomyXR\Library\PackageCache\com.unity.modules.physics)
    com.unity.modules.physics2d@1.0.0 (location: C:\CutMyBodyPlease\Unity\AnatomyXR\Library\PackageCache\com.unity.modules.physics2d)
    com.unity.modules.screencapture@1.0.0 (location: C:\CutMyBodyPlease\Unity\AnatomyXR\Library\PackageCache\com.unity.modules.screencapture)
    com.unity.modules.terrain@1.0.0 (location: C:\CutMyBodyPlease\Unity\AnatomyXR\Library\PackageCache\com.unity.modules.terrain)
    com.unity.modules.terrainphysics@1.0.0 (location: C:\CutMyBodyPlease\Unity\AnatomyXR\Library\PackageCache\com.unity.modules.terrainphysics)
    com.unity.modules.tilemap@1.0.0 (location: C:\CutMyBodyPlease\Unity\AnatomyXR\Library\PackageCache\com.unity.modules.tilemap)
    com.unity.modules.ui@1.0.0 (location: C:\CutMyBodyPlease\Unity\AnatomyXR\Library\PackageCache\com.unity.modules.ui)
    com.unity.modules.uielements@1.0.0 (location: C:\CutMyBodyPlease\Unity\AnatomyXR\Library\PackageCache\com.unity.modules.uielements)
    com.unity.modules.umbra@1.0.0 (location: C:\CutMyBodyPlease\Unity\AnatomyXR\Library\PackageCache\com.unity.modules.umbra)
    com.unity.modules.unityanalytics@1.0.0 (location: C:\CutMyBodyPlease\Unity\AnatomyXR\Library\PackageCache\com.unity.modules.unityanalytics)
    com.unity.modules.unitywebrequest@1.0.0 (location: C:\CutMyBodyPlease\Unity\AnatomyXR\Library\PackageCache\com.unity.modules.unitywebrequest)
    com.unity.modules.unitywebrequestassetbundle@1.0.0 (location: C:\CutMyBodyPlease\Unity\AnatomyXR\Library\PackageCache\com.unity.modules.unitywebrequestassetbundle)
    com.unity.modules.unitywebrequestaudio@1.0.0 (location: C:\CutMyBodyPlease\Unity\AnatomyXR\Library\PackageCache\com.unity.modules.unitywebrequestaudio)
    com.unity.modules.unitywebrequesttexture@1.0.0 (location: C:\CutMyBodyPlease\Unity\AnatomyXR\Library\PackageCache\com.unity.modules.unitywebrequesttexture)
    com.unity.modules.unitywebrequestwww@1.0.0 (location: C:\CutMyBodyPlease\Unity\AnatomyXR\Library\PackageCache\com.unity.modules.unitywebrequestwww)
    com.unity.modules.vectorgraphics@1.0.0 (location: C:\CutMyBodyPlease\Unity\AnatomyXR\Library\PackageCache\com.unity.modules.vectorgraphics)
    com.unity.modules.vehicles@1.0.0 (location: C:\CutMyBodyPlease\Unity\AnatomyXR\Library\PackageCache\com.unity.modules.vehicles)
    com.unity.modules.video@1.0.0 (location: C:\CutMyBodyPlease\Unity\AnatomyXR\Library\PackageCache\com.unity.modules.video)
    com.unity.modules.vr@1.0.0 (location: C:\CutMyBodyPlease\Unity\AnatomyXR\Library\PackageCache\com.unity.modules.vr)
    com.unity.modules.wind@1.0.0 (location: C:\CutMyBodyPlease\Unity\AnatomyXR\Library\PackageCache\com.unity.modules.wind)
    com.unity.modules.xr@1.0.0 (location: C:\CutMyBodyPlease\Unity\AnatomyXR\Library\PackageCache\com.unity.modules.xr)
    com.unity.modules.subsystems@1.0.0 (location: C:\CutMyBodyPlease\Unity\AnatomyXR\Library\PackageCache\com.unity.modules.subsystems)
    com.unity.modules.hierarchycore@1.0.0 (location: C:\CutMyBodyPlease\Unity\AnatomyXR\Library\PackageCache\com.unity.modules.hierarchycore)
    com.unity.ugui@2.0.0 (location: C:\CutMyBodyPlease\Unity\AnatomyXR\Library\PackageCache\com.unity.ugui@e20f1880fa04)
    com.unity.render-pipelines.core@17.3.0 (location: C:\CutMyBodyPlease\Unity\AnatomyXR\Library\PackageCache\com.unity.render-pipelines.core@731b06833851)
    com.unity.shadergraph@17.3.0 (location: C:\CutMyBodyPlease\Unity\AnatomyXR\Library\PackageCache\com.unity.shadergraph@fe0f710ccc2d)
    com.unity.render-pipelines.universal-config@17.0.3 (location: C:\CutMyBodyPlease\Unity\AnatomyXR\Library\PackageCache\com.unity.render-pipelines.universal-config@8dc1aab4af1d)
    com.unity.test-framework@1.6.0 (location: C:\CutMyBodyPlease\Unity\AnatomyXR\Library\PackageCache\com.unity.test-framework@bd7f943e9647)
    com.unity.ext.nunit@2.0.5 (location: C:\CutMyBodyPlease\Unity\AnatomyXR\Library\PackageCache\com.unity.ext.nunit@d8c07649098d)
[Subsystems] Looking for new subsystems at path C:\CutMyBodyPlease\Unity\AnatomyXR\Library\PackageCache\com.unity.xr.openxr@58837b2992e0
[Subsystems] Novel subsystem found at Library/PackageCache/com.unity.xr.openxr@58837b2992e0/Runtime/UnitySubsystemsManifest.json
[Subsystems] Discovering subsystems at path C:/Program Files/Unity/Hub/Editor/6000.3.20f1/Editor/Data/Resources/UnitySubsystems
[Subsystems] Discovering subsystems at path C:/CutMyBodyPlease/Unity/AnatomyXR/Assets
[Subsystems] Discovering subsystems at path C:\CutMyBodyPlease\Unity\AnatomyXR\Library\PackageCache\com.unity.xr.openxr@58837b2992e0
[Subsystems] No descriptors matched for  examples in Library/PackageCache/com.unity.xr.openxr@58837b2992e0/Runtime/UnitySubsystemsManifest.json.
[Subsystems] 1 'inputs' descriptors matched in Library/PackageCache/com.unity.xr.openxr@58837b2992e0/Runtime/UnitySubsystemsManifest.json
[Subsystems] 1 'displays' descriptors matched in Library/PackageCache/com.unity.xr.openxr@58837b2992e0/Runtime/UnitySubsystemsManifest.json
[Subsystems] No descriptors matched for  meshings in Library/PackageCache/com.unity.xr.openxr@58837b2992e0/Runtime/UnitySubsystemsManifest.json.
[Package Manager] Done registering packages in 0.02 seconds
Starting: C:\Program Files\Unity\Hub\Editor\6000.3.20f1\Editor\Data\Tools\BuildPipeline\bee_backend.exe --ipc --defer-dag-verification --dagfile="Library/Bee/1900b0aE.dag" --continue-on-failure --profile="Library/Bee/backend1.traceevents" ScriptAssemblies
WorkingDir: C:/CutMyBodyPlease/Unity/AnatomyXR
DisplayProgressbar: Compiling Scripts
ExitCode: 0 Duration: 0s236ms
[686/879    0s] ILPP-Configuration Library/ilpp-configuration.nevergeneratedoutput
*** Tundra build success (0.20 seconds), 1 items updated, 879 evaluated
AssetDatabase: script compilation time: 0.603092s
Begin MonoManager ReloadAssembly
- Loaded All Assemblies, in  0.597 seconds
Refreshing native plugins compatible for Editor in 3.00 ms, found 6 plugins.
Native extension for WindowsStandalone target not found
ScheduleIndexationOnStartup MainProcess:True IndexOnStartup:True
Mono: successfully reloaded assembly
- Finished resetting the current domain, in  2.216 seconds
Domain Reload Profiling: 2811ms
	BeginReloadAssembly (262ms)
		ExecutionOrderSort (0ms)
		DisableScriptedObjects (21ms)
		BackupInstance (0ms)
		ReleaseScriptingObjects (0ms)
		CreateAndSetChildDomain (133ms)
	RebuildCommonClasses (26ms)
	RebuildNativeTypeToScriptingClass (9ms)
	initialDomainReloadingComplete (18ms)
	LoadAllAssembliesAndSetupDomain (280ms)
		LoadAssemblies (229ms)
		RebuildTransferFunctionScriptingTraits (0ms)
		AnalyzeDomain (131ms)
			TypeCache.Refresh (86ms)
				TypeCache.ScanAssembly (78ms)
			BuildScriptInfoCaches (33ms)
			ResolveRequiredComponents (9ms)
	FinalizeReload (2217ms)
		ReleaseScriptCaches (0ms)
		RebuildScriptCaches (0ms)
		SetupLoadedEditorAssemblies (2013ms)
			LogAssemblyErrors (0ms)
			InitializePlatformSupportModulesInManaged (15ms)
			SetLoadedEditorAssemblies (4ms)
			BeforeProcessingInitializeOnLoad (117ms)
			ProcessInitializeOnLoadAttributes (1677ms)
			ProcessInitializeOnLoadMethodAttributes (197ms)
			AfterProcessingInitializeOnLoad (4ms)
			EditorAssembliesLoaded (1ms)
		ExecutionOrderSort2 (0ms)
		AwakeInstancesAfterBackupRestoration (26ms)
Start importing Assets/XR/Settings/OpenXR Package Settings.asset using Guid(2269e0d3307f61742a4f8c45d914c72a) (NativeFormatImporter) -> (artifact id: '884c1a24e0b42c0538e3cbb5161e9a65') in 0.0101571 seconds
Start importing Packages/com.unity.render-pipelines.core/Tests/Editor/UnifiedRayTracing/TraceRays.urtshader using Guid(1142bbad8b9e8c44c83a9775ff120d37) (ScriptedImporter)Launched and connected shader compiler UnityShaderCompiler.exe after 0.01 seconds
 -> (artifact id: 'a7ff7b1f41b7c7da355dd0d6bcc790ab') in 0.0360964 seconds
Start importing Packages/com.unity.render-pipelines.universal/Runtime/RendererFeatures/SurfaceCacheGI/SurfaceCacheCore/RisEstimation.urtshader using Guid(713f6141bd66a134383b787f2eaa7c11) (ScriptedImporter) -> (artifact id: '9bd57a9d0b058bfe834111af63997d96') in 0.0100758 seconds
Start importing Packages/com.unity.render-pipelines.core/Editor/Lighting/ProbeVolume/RenderingLayerMask/TraceRenderingLayerMask.urtshader using Guid(94a070d33e408384bafc1dea4a565df9) (ScriptedImporter) -> (artifact id: '450ae046edc8b86f35cc13a9587d0c7d') in 0.0098033 seconds
Start importing Packages/com.unity.render-pipelines.universal/Runtime/RendererFeatures/SurfaceCacheGI/SurfaceCacheCore/UniformEstimation.urtshader using Guid(94a39d12848d8d64ca962a72b74e7c50) (ScriptedImporter) -> (artifact id: '29cb0a251911df07c480477cfdf949d5') in 0.0069259 seconds
Start importing Packages/com.unity.render-pipelines.core/Tests/Editor/UnifiedRayTracing/TraceTransparentRays.urtshader using Guid(6513c3b892e933c4f8d00c19d5c47532) (ScriptedImporter) -> (artifact id: '1062478b9e0f540b8e08b20f3e12b324') in 0.0045274 seconds
Start importing Packages/com.unity.render-pipelines.core/Editor/Lighting/ProbeVolume/DynamicGI/DynamicGISkyOcclusion.urtshader using Guid(5a2a534753fbdb44e96c3c78b5a6999d) (ScriptedImporter) -> (artifact id: '8c1b2d04ed6d529bdc3a1bbe464a484b') in 0.006186 seconds
Start importing Packages/com.unity.render-pipelines.core/Tests/Editor/UnifiedRayTracing/TraceRaysAndFetchAttributes.urtshader using Guid(fbc59f55df2416344b008dc23753cae2) (ScriptedImporter) -> (artifact id: '79debbdd994f95af3f660ee17cb8d057') in 0.0045234 seconds
Start importing Packages/com.unity.render-pipelines.universal/Runtime/RendererFeatures/SurfaceCacheGI/SurfaceCacheCore/RestirCandidateTemporal.urtshader using Guid(ad3a9f9982f8c4f4a839a78955e78458) (ScriptedImporter) -> (artifact id: 'a4b69a1b0066b6a93520f2ed096845cd') in 0.0067747 seconds
Start importing Packages/com.unity.render-pipelines.core/Editor/Lighting/ProbeVolume/VirtualOffset/TraceVirtualOffset.urtshader using Guid(ff2cbab5da58bf04d82c5f34037ed123) (ScriptedImporter) -> (artifact id: 'ecb6152cb6cb289878e45ca802ea50df') in 0.0100954 seconds
Refreshing native plugins compatible for Editor in 5.43 ms, found 6 plugins.
Preloading 0 native plugins for Editor in 0.00 ms.
Asset Pipeline Refresh (id=69c681328b1d51240954f6980a71a66c): Total: 4.166 seconds - Initiated by InitialRefreshV2(ForceSynchronousImport)
	Summary:
		Imports: total=10 (actual=10, local cache=0, cache server=0)
		Asset DB Process Time: managed=2 ms, native=2668 ms
		Asset DB Callback time: managed=160 ms, native=98 ms
		Scripting: domain reloads=1, domain reload time=597 ms, compile time=604 ms, other=33 ms
		Project Asset Count: scripts=1139, non-scripts=1742
		Asset File Changes: new=0, changed=0, moved=0, deleted=0
		Scan Filter Count: 0
	InvokeCustomDependenciesCallbacks: 0.001ms
	InvokePackagesCallback: 19.119ms
	ApplyChangesToAssetFolders: 0.504ms
	Scan: 124.595ms
	OnSourceAssetsModified: 0.002ms
	CategorizeAssetsWithTransientArtifact: 21.764ms
	ProcessAssetsWithTransientArtifactChanges: 40.916ms
	CategorizeAssets: 42.597ms
	ImportOutOfDateAssets: 2339.812ms (1620.301ms without children)
		ImportManagerImport: 111.571ms (3.147ms without children)
			ImportInProcess: 107.955ms
			UpdateCategorizedAssets: 0.469ms
		CompileScripts: 604.456ms
		ReloadNativeAssets: 0.026ms
		UnloadImportedAssets: 1.102ms
		ReloadImportedAssets: 1.224ms
		EnsureUptoDateAssetsAreRegisteredWithGuidPM: 0.409ms
		InitializingProgressBar: 0.007ms
		PostProcessAllAssetNotificationsAddChangedAssets: 0.001ms
		OnDemandSchedulerStart: 0.716ms
	PostProcessAllAssets: 234.478ms
	Hotreload: 7.033ms
	GatherAllCurrentPrimaryArtifactRevisions: 0.003ms
	UnloadStreamsBegin: 1.182ms
	PersistCurrentRevisions: 0.205ms
	UnloadStreamsEnd: 0.001ms
	GenerateScriptTypeHashes: 2.389ms
	Untracked: 1334.048ms

Application.AssetDatabase Initial Refresh End
Scanning for USB devices : 2.363ms
Initializing Unity extensions:
[MODES] ModeService[none].Initialize
[MODES] ModeService[none].LoadModes
[MODES] Loading mode Default (0) for mode-current-id-Anatomy XR Hospital
Unloading 63 Unused Serialized files (Serialized files now loaded: 0)
Unloading 4767 unused Assets / (12.1 MB). Loaded Objects now: 5538.
Memory consumption went from 194.2 MB to 182.1 MB.
Total: 11.777600 ms (FindLiveObjects: 0.363200 ms CreateObjectMapping: 0.292400 ms MarkObjects: 5.426200 ms  DeleteObjects: 5.694500 ms)

Start importing Assets/Hospital/SourceFBX/R40/Hospital_EXT_InteriorShell.fbx using Guid(a1cfcd2c3c6d62f48a177c3dd5ac959b) (FBXImporter) -> (artifact id: '725d9fe1e6b7f5a7fadd445d444eb13f') in 0.0813277 seconds
Start importing Assets/Hospital/SourceFBX/R40/Hospital_EXT_Balconies.fbx using Guid(d15a129102d2f5f4d9144461e6fcf6b9) (FBXImporter) -> (artifact id: '69db7d695e3167ebce97cb5d161c4a17') in 0.129549 seconds
Start importing Assets/Hospital/SourceFBX/R40/Hospital_EXT_RoofService.fbx using Guid(0234e3adbe1d2f84c98c4befe2bc454e) (FBXImporter) -> (artifact id: '73b69f128106c71a75e0e706b24e075d') in 0.0334893 seconds
Start importing Assets/Hospital/SourceFBX/R40/Hospital_EXT_RightFacadeWing.fbx using Guid(f399aea6f4f94304c858f1f4c2c160a1) (FBXImporter) -> (artifact id: 'a7978dcaafd3eb494bd7758eac7cd6fb') in 0.0730901 seconds
Start importing Assets/Hospital/SourceFBX/R40/Hospital_EXT_RearService.fbx using Guid(d60e4a7d44c5c0544999c5bf22ac00d7) (FBXImporter) -> (artifact id: '3673b5fcd508f9efe6f20e0121239d38') in 0.2132387 seconds
Start importing Assets/Hospital/SourceFBX/R40/Hospital_EXT_LeftFacadePodium.fbx using Guid(1dde4d897076d2446b3638d53d45b55a) (FBXImporter) -> (artifact id: '57ada08de10c781c5779e13ec006aa2d') in 0.0825356 seconds
Start importing Assets/Hospital/SourceFBX/R40/Hospital_EXT_FrontTower.fbx using Guid(7e6811574806dda42810a8b303cd496f) (FBXImporter) -> (artifact id: '2f9367e36e912f9fbcc35e419936954e') in 0.1216124 seconds
Refreshing native plugins compatible for Editor in 2.29 ms, found 6 plugins.
Preloading 0 native plugins for Editor in 0.00 ms.
Asset Pipeline Refresh (id=3bf23f673a564ee4a8302af9268f57d6): Total: 0.848 seconds - Initiated by RefreshV2(ForceUpdate)
	Summary:
		Imports: total=7 (actual=7, local cache=0, cache server=0)
		Asset DB Process Time: managed=23 ms, native=782 ms
		Asset DB Callback time: managed=5 ms, native=36 ms
		Scripting: domain reloads=0, domain reload time=0 ms, compile time=0 ms, other=0 ms
		Project Asset Count: scripts=1139, non-scripts=1749
		Asset File Changes: new=7, changed=7, moved=0, deleted=0
		Scan Filter Count: 0
	InvokeCustomDependenciesCallbacks: 0.001ms
	InvokePackagesCallback: 0.001ms
	ApplyChangesToAssetFolders: 0.182ms
	Scan: 25.142ms
	OnSourceAssetsModified: 2.999ms
	CategorizeAssetsWithTransientArtifact: 0.012ms
	ProcessAssetsWithTransientArtifactChanges: 0.069ms
	CategorizeAssets: 21.797ms
	ImportOutOfDateAssets: 738.087ms (0.296ms without children)
		ImportManagerImport: 737.111ms (0.644ms without children)
			ImportInProcess: 736.420ms
			UpdateCategorizedAssets: 0.047ms
		ReloadNativeAssets: 0.027ms
		UnloadImportedAssets: 0.115ms
		ReloadImportedAssets: 0.000ms
		EnsureUptoDateAssetsAreRegisteredWithGuidPM: 0.263ms
		InitializingProgressBar: 0.006ms
		PostProcessAllAssetNotificationsAddChangedAssets: 0.000ms
		OnDemandSchedulerStart: 0.269ms
	PostProcessAllAssets: 36.036ms
	Hotreload: 3.233ms
	GatherAllCurrentPrimaryArtifactRevisions: 0.215ms
	UnloadStreamsBegin: 0.003ms
	PersistCurrentRevisions: 0.140ms
	UnloadStreamsEnd: 0.001ms
	Untracked: 20.303ms

Start importing Assets/Hospital/SourceFBX/R40/Hospital_ACT_InteractiveDoors.fbx using Guid(a661af9d099edfe40b4796769626a043) (FBXImporter) -> (artifact id: '05910403ee0b036eb676f888e9e29896') in 0.0391114 seconds
Refreshing native plugins compatible for Editor in 2.32 ms, found 6 plugins.
Preloading 0 native plugins for Editor in 0.00 ms.
Asset Pipeline Refresh (id=c71421c4bc6ad334386c66472e3f7238): Total: 0.054 seconds - Initiated by StopAssetImportingV2(NoUpdateAssetOptions)
Start importing Assets/Hospital/SourceFBX/R40/Hospital_EXT_Balconies.fbx using Guid(d15a129102d2f5f4d9144461e6fcf6b9) (FBXImporter) -> (artifact id: '69db7d695e3167ebce97cb5d161c4a17') in 0.1170067 seconds
Refreshing native plugins compatible for Editor in 2.35 ms, found 6 plugins.
Preloading 0 native plugins for Editor in 0.00 ms.
Asset Pipeline Refresh (id=90491a050fc602242b3c12d05e325e15): Total: 0.134 seconds - Initiated by StopAssetImportingV2(NoUpdateAssetOptions)
Start importing Assets/Hospital/SourceFBX/R40/Hospital_EXT_FrontTower.fbx using Guid(7e6811574806dda42810a8b303cd496f) (FBXImporter) -> (artifact id: '2f9367e36e912f9fbcc35e419936954e') in 0.1334052 seconds
Refreshing native plugins compatible for Editor in 2.29 ms, found 6 plugins.
Preloading 0 native plugins for Editor in 0.00 ms.
Asset Pipeline Refresh (id=2f8f2873ba7f46f4db1e107f8d49f5f9): Total: 0.150 seconds - Initiated by StopAssetImportingV2(NoUpdateAssetOptions)
Start importing Assets/Hospital/SourceFBX/R40/Hospital_EXT_GlobalStructure.fbx using Guid(e4e2b74e35fcebf4c9053a4da90a392c) (FBXImporter) -> (artifact id: 'f23bf793c6bfbe599a631fe805728d48') in 0.0445141 seconds
Refreshing native plugins compatible for Editor in 2.90 ms, found 6 plugins.
Preloading 0 native plugins for Editor in 0.00 ms.
Asset Pipeline Refresh (id=245d3ada564b0244d8090632fc8570d6): Total: 0.060 seconds - Initiated by StopAssetImportingV2(NoUpdateAssetOptions)
Start importing Assets/Hospital/SourceFBX/R40/Hospital_EXT_GroundEntrance.fbx using Guid(422a12929c78f0b499cde29d7b1665af) (FBXImporter) -> (artifact id: '546b621eec0e4b182b2077b2c5cc5031') in 0.1123807 seconds
Refreshing native plugins compatible for Editor in 2.39 ms, found 6 plugins.
Preloading 0 native plugins for Editor in 0.00 ms.
Asset Pipeline Refresh (id=f18714c1add3dd443a34fbd991d732e0): Total: 0.130 seconds - Initiated by StopAssetImportingV2(NoUpdateAssetOptions)
Start importing Assets/Hospital/SourceFBX/R40/Hospital_EXT_InteriorShell.fbx using Guid(a1cfcd2c3c6d62f48a177c3dd5ac959b) (FBXImporter) -> (artifact id: '725d9fe1e6b7f5a7fadd445d444eb13f') in 0.0441471 seconds
Refreshing native plugins compatible for Editor in 2.30 ms, found 6 plugins.
Preloading 0 native plugins for Editor in 0.00 ms.
Asset Pipeline Refresh (id=31bdf6b15e1d22347a635e3dbe1c4c65): Total: 0.058 seconds - Initiated by StopAssetImportingV2(NoUpdateAssetOptions)
Start importing Assets/Hospital/SourceFBX/R40/Hospital_EXT_LeftFacadePodium.fbx using Guid(1dde4d897076d2446b3638d53d45b55a) (FBXImporter) -> (artifact id: '57ada08de10c781c5779e13ec006aa2d') in 0.075711 seconds
Refreshing native plugins compatible for Editor in 2.66 ms, found 6 plugins.
Preloading 0 native plugins for Editor in 0.00 ms.
Asset Pipeline Refresh (id=7e16c32e09427f442ae90181d0cff9a9): Total: 0.091 seconds - Initiated by StopAssetImportingV2(NoUpdateAssetOptions)
Start importing Assets/Hospital/SourceFBX/R40/Hospital_EXT_RearService.fbx using Guid(d60e4a7d44c5c0544999c5bf22ac00d7) (FBXImporter) -> (artifact id: '3673b5fcd508f9efe6f20e0121239d38') in 0.1935621 seconds
Refreshing native plugins compatible for Editor in 2.20 ms, found 6 plugins.
Preloading 0 native plugins for Editor in 0.00 ms.
Asset Pipeline Refresh (id=c2a91facdde6b994b97234d6211dea6d): Total: 0.216 seconds - Initiated by StopAssetImportingV2(NoUpdateAssetOptions)
Start importing Assets/Hospital/SourceFBX/R40/Hospital_EXT_RightFacadeWing.fbx using Guid(f399aea6f4f94304c858f1f4c2c160a1) (FBXImporter) -> (artifact id: 'a7978dcaafd3eb494bd7758eac7cd6fb') in 0.0648091 seconds
Refreshing native plugins compatible for Editor in 2.88 ms, found 6 plugins.
Preloading 0 native plugins for Editor in 0.00 ms.
Asset Pipeline Refresh (id=9fb54bcaf508d254ca5973623d80f0eb): Total: 0.080 seconds - Initiated by StopAssetImportingV2(NoUpdateAssetOptions)
Start importing Assets/Hospital/SourceFBX/R40/Hospital_EXT_RoofService.fbx using Guid(0234e3adbe1d2f84c98c4befe2bc454e) (FBXImporter) -> (artifact id: '73b69f128106c71a75e0e706b24e075d') in 0.0353168 seconds
Refreshing native plugins compatible for Editor in 2.81 ms, found 6 plugins.
Preloading 0 native plugins for Editor in 0.00 ms.
Asset Pipeline Refresh (id=0c090d6f7f379ec4db1b0a2453c55afa): Total: 0.050 seconds - Initiated by StopAssetImportingV2(NoUpdateAssetOptions)
Asset Pipeline Refresh (id=765ed84d14721c242a6cab5b88d9d4aa): Total: 0.006 seconds - Initiated by StopAssetImportingV2(NoUpdateAssetOptions)
Start importing Assets/Hospital/Prefabs/Zones/EXT_Balconies.prefab using Guid(5ce11f8631c38f845b9d8a92a3f14a40) (PrefabImporter) -> (artifact id: 'd271fa889b88eef52dc9b14c8fdd5feb') in 0.0039647 seconds
Refreshing native plugins compatible for Editor in 2.23 ms, found 6 plugins.
Preloading 0 native plugins for Editor in 0.00 ms.
Asset Pipeline Refresh (id=b64b5228929edc34e8f1bfa99d9426ab): Total: 0.028 seconds - Initiated by StopAssetImportingV2(NoUpdateAssetOptions)
Start importing Assets/Hospital/Prefabs/Zones/EXT_FrontTower.prefab using Guid(af7d80c803bec6e42b08852765ab35a4) (PrefabImporter) -> (artifact id: '3b222e47fec6a931279422fa97e41cc0') in 0.0031332 seconds
Refreshing native plugins compatible for Editor in 2.31 ms, found 6 plugins.
Preloading 0 native plugins for Editor in 0.00 ms.
Asset Pipeline Refresh (id=bfe58c7da405a37498e3848f1fa7b7f7): Total: 0.027 seconds - Initiated by StopAssetImportingV2(NoUpdateAssetOptions)
Asset Pipeline Refresh (id=23192ad1c779ae840abed9758ed30a2d): Total: 0.006 seconds - Initiated by StopAssetImportingV2(NoUpdateAssetOptions)
Asset Pipeline Refresh (id=78bb5cf8f602ace42ae72f3a3980e831): Total: 0.006 seconds - Initiated by StopAssetImportingV2(NoUpdateAssetOptions)
Start importing Assets/Hospital/Prefabs/Zones/EXT_InteriorShell.prefab using Guid(6f72cf52f57410643aff3b8e26d731f4) (PrefabImporter) -> (artifact id: 'ebc7b3ea333ba018a863b15735b43a06') in 0.0049409 seconds
Refreshing native plugins compatible for Editor in 2.83 ms, found 6 plugins.
Preloading 0 native plugins for Editor in 0.00 ms.
Asset Pipeline Refresh (id=775f3a64c4cc3b44fb880a97e42ee53d): Total: 0.032 seconds - Initiated by StopAssetImportingV2(NoUpdateAssetOptions)
Start importing Assets/Hospital/Prefabs/Zones/EXT_LeftFacadePodium.prefab using Guid(88c0d17146d64c74da8fa9c189c082c7) (PrefabImporter) -> (artifact id: '04812d7f315deb2e2bc56606e2766cf7') in 0.0033352 seconds
Refreshing native plugins compatible for Editor in 2.35 ms, found 6 plugins.
Preloading 0 native plugins for Editor in 0.00 ms.
Asset Pipeline Refresh (id=b40a48d77fb0fcd42a5c5b9044ccd3ca): Total: 0.029 seconds - Initiated by StopAssetImportingV2(NoUpdateAssetOptions)
Start importing Assets/Hospital/Prefabs/Zones/EXT_RearService.prefab using Guid(93c8eca10319b4647aaf2f5c9635b64c) (PrefabImporter) -> (artifact id: '811c5dca89719cd05cdb21c8c752649f') in 0.0037896 seconds
Refreshing native plugins compatible for Editor in 2.80 ms, found 6 plugins.
Preloading 0 native plugins for Editor in 0.00 ms.
Asset Pipeline Refresh (id=06513fb566323b5479416c3954154317): Total: 0.031 seconds - Initiated by StopAssetImportingV2(NoUpdateAssetOptions)
Start importing Assets/Hospital/Prefabs/Zones/EXT_RightFacadeWing.prefab using Guid(819b30dbeedd5974886a7cede8ce9d7c) (PrefabImporter) -> (artifact id: '79629839f8f19ac152ea72e044202085') in 0.0035189 seconds
Refreshing native plugins compatible for Editor in 2.32 ms, found 6 plugins.
Preloading 0 native plugins for Editor in 0.00 ms.
Asset Pipeline Refresh (id=01b5dc3231152334c9fa6bb56b19cf0b): Total: 0.029 seconds - Initiated by StopAssetImportingV2(NoUpdateAssetOptions)
Start importing Assets/Hospital/Prefabs/Zones/EXT_RoofService.prefab using Guid(92e0f8d48b1da3945a3454e4d09dceca) (PrefabImporter) -> (artifact id: '4afdc5737d2d5b5d8351f86ee2711c06') in 0.0053587 seconds
Refreshing native plugins compatible for Editor in 2.40 ms, found 6 plugins.
Preloading 0 native plugins for Editor in 0.00 ms.
Asset Pipeline Refresh (id=1dd9921705ae8374a80340ed1f6cb9da): Total: 0.029 seconds - Initiated by StopAssetImportingV2(NoUpdateAssetOptions)
Unloading 1 Unused Serialized files (Serialized files now loaded: 0)
Unloading 2293 unused Assets / (0.5 MB). Loaded Objects now: 5538.
Memory consumption went from 271.1 MB to 270.6 MB.
Total: 7.192100 ms (FindLiveObjects: 0.280200 ms CreateObjectMapping: 0.122100 ms MarkObjects: 5.077600 ms  DeleteObjects: 1.711100 ms)

Start importing Assets/Hospital/Scenes/IntegrationSandbox/Hospital_R42_CompleteIntegrationSandbox.unity using Guid(3c5a7aa05cc1b3c49b12bfa165b2c7fc) (DefaultImporter) -> (artifact id: '00e79a3e936a07f96245cf3055965690') in 0.0015657 seconds
Refreshing native plugins compatible for Editor in 2.86 ms, found 6 plugins.
Preloading 0 native plugins for Editor in 0.00 ms.
Asset Pipeline Refresh (id=5a3dad8ae03be8d4e91dc3e4297f816e): Total: 0.032 seconds - Initiated by StopAssetImportingV2(NoUpdateAssetOptions)
Unloading 24 Unused Serialized files (Serialized files now loaded: 0)
Unloading 1430 unused Assets / (41.6 MB). Loaded Objects now: 5547.
Memory consumption went from 290.2 MB to 248.6 MB.
Total: 7.028700 ms (FindLiveObjects: 0.258100 ms CreateObjectMapping: 0.094400 ms MarkObjects: 5.036800 ms  DeleteObjects: 1.637700 ms)

Start importing Assets/Hospital/Scenes/Additive/Exterior_Base.unity using Guid(51f59f18f774cd34f80828a1e34f5379) (DefaultImporter) -> (artifact id: '805adbd38bc6b81579c0965fb77999db') in 0.0015105 seconds
Refreshing native plugins compatible for Editor in 2.23 ms, found 6 plugins.
Preloading 0 native plugins for Editor in 0.00 ms.
Asset Pipeline Refresh (id=bd01fe789c63e9245b715a29d9d7ac25): Total: 0.028 seconds - Initiated by StopAssetImportingV2(NoUpdateAssetOptions)
Unloading 22 Unused Serialized files (Serialized files now loaded: 0)
Unloading 298 unused Assets / (86.1 KB). Loaded Objects now: 5547.
Memory consumption went from 232.6 MB to 232.5 MB.
Total: 5.703100 ms (FindLiveObjects: 0.195500 ms CreateObjectMapping: 0.075900 ms MarkObjects: 5.032900 ms  DeleteObjects: 0.398400 ms)

Start importing Assets/Hospital/Scenes/Additive/Exterior_Tower.unity using Guid(242709a263888b54f95f325b50ee883a) (DefaultImporter) -> (artifact id: '38d84cb1a1b3553ebdc07f4d5feb464d') in 0.0010651 seconds
Refreshing native plugins compatible for Editor in 2.09 ms, found 6 plugins.
Preloading 0 native plugins for Editor in 0.00 ms.
Asset Pipeline Refresh (id=a14054f5f50f734418236134a2f1c4cb): Total: 0.026 seconds - Initiated by StopAssetImportingV2(NoUpdateAssetOptions)
Unloading 22 Unused Serialized files (Serialized files now loaded: 0)
Unloading 503 unused Assets / (12.6 MB). Loaded Objects now: 5547.
Memory consumption went from 251.9 MB to 239.3 MB.
Total: 5.230400 ms (FindLiveObjects: 0.219200 ms CreateObjectMapping: 0.083600 ms MarkObjects: 4.339400 ms  DeleteObjects: 0.587400 ms)

Start importing Assets/Hospital/Scenes/Additive/Exterior_SidesService.unity using Guid(ae7ee65fa88976d468daba74254ef4b0) (DefaultImporter) -> (artifact id: 'e251a179ff6d59e1fbb60ebf26e43323') in 0.0019111 seconds
Refreshing native plugins compatible for Editor in 3.06 ms, found 6 plugins.
Preloading 0 native plugins for Editor in 0.00 ms.
Asset Pipeline Refresh (id=2e73fdae20afcb9418d7c468512404bd): Total: 0.038 seconds - Initiated by StopAssetImportingV2(NoUpdateAssetOptions)
Unloading 22 Unused Serialized files (Serialized files now loaded: 0)
Unloading 455 unused Assets / (11.7 MB). Loaded Objects now: 5547.
Memory consumption went from 263.2 MB to 251.5 MB.
Total: 5.241400 ms (FindLiveObjects: 0.225600 ms CreateObjectMapping: 0.096000 ms MarkObjects: 4.327300 ms  DeleteObjects: 0.589900 ms)

Start importing Assets/Hospital/Scenes/Additive/Exterior_InteriorShellPreview.unity using Guid(4bc694e2739cc9c49b402cba22c7f315) (DefaultImporter) -> (artifact id: 'e8f2d3a9b3af66aac07822747f164abf') in 0.001306 seconds
Refreshing native plugins compatible for Editor in 2.60 ms, found 6 plugins.
Preloading 0 native plugins for Editor in 0.00 ms.
Asset Pipeline Refresh (id=ce31cf9405ff11449a0fab0983b35a1b): Total: 0.032 seconds - Initiated by StopAssetImportingV2(NoUpdateAssetOptions)
Unloading 22 Unused Serialized files (Serialized files now loaded: 0)
Unloading 407 unused Assets / (0.7 MB). Loaded Objects now: 5547.
Memory consumption went from 235.0 MB to 234.3 MB.
Total: 5.816300 ms (FindLiveObjects: 0.227800 ms CreateObjectMapping: 0.090200 ms MarkObjects: 4.781800 ms  DeleteObjects: 0.715700 ms)

Start importing Assets/Hospital/Scenes/Additive/Exterior_Interactions.unity using Guid(b9c79e62f417b714a9028c811250fa81) (DefaultImporter) -> (artifact id: '3a2a2efac4101245fe127aade3a9927f') in 0.0012223 seconds
Refreshing native plugins compatible for Editor in 2.53 ms, found 6 plugins.
Preloading 0 native plugins for Editor in 0.00 ms.
Asset Pipeline Refresh (id=6a4b6ba3a876db94bb6e043d667d0396): Total: 0.029 seconds - Initiated by StopAssetImportingV2(NoUpdateAssetOptions)
Opening scene 'Assets/Hospital/Scenes/IntegrationSandbox/Hospital_R42_CompleteIntegrationSandbox.unity'
Unloading 70 Unused Serialized files (Serialized files now loaded: 0)
Loaded scene 'Assets/Hospital/Scenes/IntegrationSandbox/Hospital_R42_CompleteIntegrationSandbox.unity'
	Deserialize:            0.564 ms
	Integration:            110.948 ms
	Integration of assets:  0.004 ms
	Thread Wait Time:       0.057 ms
	Total Operation Time:   111.573 ms
Unloading 162 unused Assets / (38.8 KB). Loaded Objects now: 7859.
Memory consumption went from 285.3 MB to 285.3 MB.
Total: 5.001300 ms (FindLiveObjects: 0.282500 ms CreateObjectMapping: 0.116700 ms MarkObjects: 4.350200 ms  DeleteObjects: 0.251000 ms)

Opening scene 'Assets/Hospital/Scenes/IntegrationSandbox/Hospital_R42_CompleteIntegrationSandbox.unity'
Unloading 15 Unused Serialized files (Serialized files now loaded: 0)
Loaded scene 'Assets/Hospital/Scenes/IntegrationSandbox/Hospital_R42_CompleteIntegrationSandbox.unity'
	Deserialize:            0.567 ms
	Integration:            124.695 ms
	Integration of assets:  0.004 ms
	Thread Wait Time:       0.086 ms
	Total Operation Time:   125.352 ms
Unloading 14 unused Assets / (89.7 KB). Loaded Objects now: 8889.
Memory consumption went from 281.6 MB to 281.5 MB.
Total: 5.487800 ms (FindLiveObjects: 0.375100 ms CreateObjectMapping: 0.140300 ms MarkObjects: 4.850300 ms  DeleteObjects: 0.121100 ms)

Opening scene 'Assets/Hospital/Scenes/Additive/Exterior_Base.unity'
Unloading 1 Unused Serialized files (Serialized files now loaded: 0)
Loaded scene 'Assets/Hospital/Scenes/Additive/Exterior_Base.unity'
	Deserialize:            0.328 ms
	Integration:            152.787 ms
	Integration of assets:  0.001 ms
	Thread Wait Time:       0.008 ms
	Total Operation Time:   153.124 ms
Unloading 2029 unused Assets / (429.8 KB). Loaded Objects now: 5949.
Memory consumption went from 281.0 MB to 280.6 MB.
Total: 10.665500 ms (FindLiveObjects: 0.346300 ms CreateObjectMapping: 0.196100 ms MarkObjects: 6.663200 ms  DeleteObjects: 3.458500 ms)

Opening scene 'Assets/Hospital/Scenes/Additive/Exterior_Tower.unity'
Unloading 1 Unused Serialized files (Serialized files now loaded: 0)
Loaded scene 'Assets/Hospital/Scenes/Additive/Exterior_Tower.unity'
	Deserialize:            0.443 ms
	Integration:            181.581 ms
	Integration of assets:  0.001 ms
	Thread Wait Time:       0.057 ms
	Total Operation Time:   182.083 ms
Unloading 254 unused Assets / (84.1 KB). Loaded Objects now: 6200.
Memory consumption went from 245.6 MB to 245.6 MB.
Total: 7.281400 ms (FindLiveObjects: 0.273800 ms CreateObjectMapping: 0.131100 ms MarkObjects: 6.614700 ms  DeleteObjects: 0.260600 ms)

Opening scene 'Assets/Hospital/Scenes/Additive/Exterior_SidesService.unity'
Unloading 5 Unused Serialized files (Serialized files now loaded: 0)
Loaded scene 'Assets/Hospital/Scenes/Additive/Exterior_SidesService.unity'
	Deserialize:            0.562 ms
	Integration:            149.156 ms
	Integration of assets:  0.002 ms
	Thread Wait Time:       0.014 ms
	Total Operation Time:   149.734 ms
Unloading 342 unused Assets / (52.9 KB). Loaded Objects now: 6111.
Memory consumption went from 269.1 MB to 269.0 MB.
Total: 7.048300 ms (FindLiveObjects: 0.283100 ms CreateObjectMapping: 0.105100 ms MarkObjects: 6.184900 ms  DeleteObjects: 0.474200 ms)

Opening scene 'Assets/Hospital/Scenes/Additive/Exterior_InteriorShellPreview.unity'
Unloading 9 Unused Serialized files (Serialized files now loaded: 0)
Loaded scene 'Assets/Hospital/Scenes/Additive/Exterior_InteriorShellPreview.unity'
	Deserialize:            0.365 ms
	Integration:            130.708 ms
	Integration of assets:  0.004 ms
	Thread Wait Time:       0.041 ms
	Total Operation Time:   131.118 ms
Unloading 298 unused Assets / (75.0 KB). Loaded Objects now: 6020.
Memory consumption went from 244.0 MB to 243.9 MB.
Total: 6.616000 ms (FindLiveObjects: 0.290800 ms CreateObjectMapping: 0.128600 ms MarkObjects: 5.785200 ms  DeleteObjects: 0.410600 ms)

Opening scene 'Assets/Hospital/Scenes/Additive/Exterior_Interactions.unity'
Unloading 3 Unused Serialized files (Serialized files now loaded: 0)
Loaded scene 'Assets/Hospital/Scenes/Additive/Exterior_Interactions.unity'
	Deserialize:            0.355 ms
	Integration:            118.384 ms
	Integration of assets:  0.001 ms
	Thread Wait Time:       0.009 ms
	Total Operation Time:   118.749 ms
Unloading 246 unused Assets / (28.2 KB). Loaded Objects now: 6032.
Memory consumption went from 211.6 MB to 211.5 MB.
Total: 5.511100 ms (FindLiveObjects: 0.236800 ms CreateObjectMapping: 0.097700 ms MarkObjects: 4.906900 ms  DeleteObjects: 0.268700 ms)

Start importing Assets/Hospital/Settings/Stage05_R42_SceneLoadMatrix.json using Guid(e01a4c6086797544abdfd56c847ff48b) (TextScriptImporter) -> (artifact id: '80963d76931f7d9013d79418acc5b875') in 0.0038384 seconds
Start importing Assets/Hospital/Settings/Stage05_R42_MaterialUsage.json using Guid(e1098c39e88ab6c42b18b81411e284ec) (TextScriptImporter) -> (artifact id: 'c3079a59192e0057386a5713a9526148') in 0.0030299 seconds
Refreshing native plugins compatible for Editor in 2.65 ms, found 6 plugins.
Preloading 0 native plugins for Editor in 0.00 ms.
Asset Pipeline Refresh (id=c070d97770d2faa49aa5b2b5f56a3e3a): Total: 0.058 seconds - Initiated by RefreshV2(NoUpdateAssetOptions)
Start importing Assets/Hospital/Materials/MAT_S03E_PrivacyShade.mat using Guid(c503c9e93cdbf954cbc758650bd6030d) (NativeFormatImporter) -> (artifact id: 'a46e9844bc895c43aefeb11c2814e533') in 0.0020496 seconds
Start importing Assets/Hospital/Materials/MAT_CornerBalcony_BlueGreyRoomGlass.mat using Guid(3a6a01099d12cf648888298db67e5a89) (NativeFormatImporter) -> (artifact id: 'c0b6dae33a032427b33a2b84f6f5549f') in 0.0017665 seconds
Start importing Assets/Hospital/Materials/MAT_CornerBalcony_IntegratedDoorGlass.mat using Guid(ef7fc5a5a2e51a1458e91dd2db305749) (NativeFormatImporter) -> (artifact id: '89ad1c5625a2da571e5b75c9caa11c1f') in 0.0014816 seconds
Refreshing native plugins compatible for Editor in 3.48 ms, found 6 plugins.
Preloading 0 native plugins for Editor in 0.00 ms.
Asset Pipeline Refresh (id=9605e0f40594242439bd743ab19184b6): Total: 0.038 seconds - Initiated by StopAssetImportingV2(NoUpdateAssetOptions)
STAGE05_R42_TECHNICAL_GATE=PASS; VISUAL_REVIEW_REQUIRED
UnityEngine.Debug:ExtractStackTraceNoAlloc (byte*,int,string)
UnityEngine.StackTraceUtility:ExtractStackTrace ()
UnityEngine.DebugLogHandler:Internal_Log (UnityEngine.LogType,UnityEngine.LogOption,string,UnityEngine.Object)
UnityEngine.DebugLogHandler:LogFormat (UnityEngine.LogType,UnityEngine.Object,string,object[])
UnityEngine.Logger:Log (UnityEngine.LogType,object)
UnityEngine.Debug:Log (object)
CutMyBodyPlease.Hospital.Stage05.Editor.HospitalStage05R42Builder:BuildAndMeasureR42 () (at Assets/Hospital/Editor/HospitalStage05R42Builder.cs:141)

(Filename: Assets/Hospital/Editor/HospitalStage05R42Builder.cs Line: 141)

Batchmode quit successfully invoked - shutting down!
[Physics::Module] Cleanup current backend.
[Physics::Module] Id: 0xf2b8ea05
Input System module state changed to: ShutdownInProgress.
Input System polling thread exited.
Input System module state changed to: Shutdown.
[Licensing::IpcConnector] LicenseClient-benli-6000.3.20-notifications channel disconnected successfully.
[Licensing::IpcConnector] LicenseClient-benli-6000.3.20 channel disconnected successfully.
AcceleratorClientConnectionCallback - disconnected - :0
Cleanup mono
Exiting batchmode successfully now!
Exiting without the bug reporter. Application will terminate with return code 0