[Licensing::Module] Trying to connect to existing licensing client channel...
Built from '6000.3/staging' branch; Version is '6000.3.20f1 (c9ba695d4f07) revision 13220457'; Using compiler version '194234433'; Build Type 'Release'
[Licensing::IpcConnector] Channel LicenseClient-benli doesn't exist
OS: 'Windows 11  (10.0.26200) CoreSingleLanguage' Language: 'en' Physical Memory: 32472 MB
BatchMode: 1, IsHumanControllingUs: 0, StartBugReporterOnCrash: 0, Is64bit: 1
System  architecture: x64
Process architecture: x64
Date: 2026-08-11T12:05:55Z
[Licensing::Module] Successfully launched the LicensingClient (PId: 93824)
[Licensing::IpcConnector] Successfully connected to: "LicenseClient-benli" at "2026-08-11T12:05:55.413143Z"
[Licensing::Client] Code 10 while verifying Licensing Client signature (process Id: 93824, path: "C:/Program Files/Unity/Hub/Editor/6000.3.20f1/Editor/Data/Resources/Licensing/Client/Unity.Licensing.Client.exe")
[Licensing::Module] LicensingClient has failed validation; ignoring
[Licensing::Client] Handshaking with LicensingClient:
  Version:                 1.18.1+9fbee8e
  Session Id:              b4d77798f2ef409384fd949cabffaf97
  Correlation Id:          879e1c8607c1a0fca9b15c11b7c32d99
  External correlation Id: 7603297380743068419
  Machine Id:              K/xaE00r9U15jR2vrRRSBHB/pCQ=
[Licensing::Module] Successfully connected to LicensingClient on channel: "LicenseClient-benli" (connect: 0.25s, validation: 0.15s, handshake: 0.03s)
[Licensing::IpcConnector] Successfully connected to: "LicenseClient-benli-notifications" at "2026-08-11T12:05:55.5965784Z"
[Licensing::Module] Connected to LicensingClient (PId: 93824, launch time: 0.00, total connection time: 0.43s)
[Licensing::Module] Error: Access token is unavailable; failed to update

COMMAND LINE ARGUMENTS:
C:\Program Files\Unity\Hub\Editor\6000.3.20f1\Editor\Unity.exe
-batchmode
-quit
-projectPath
C:\CutMyBodyPlease\Unity\AnatomyXR
-logFile
C:\CutMyBodyPlease\Reviews\HospitalExterior\Stage05S_RoundS6_UnityBuild.log
-executeMethod
CutMyBodyPlease.HospitalSite.Stage05S.Editor.HospitalStage05SRoundS6Builder.BuildMeasureAndValidate
Successfully changed project path to: C:\CutMyBodyPlease\Unity\AnatomyXR
C:/CutMyBodyPlease/Unity/AnatomyXR
[Licensing::Client] Successfully resolved entitlement details
[Licensing::Module] License group:
  Id: 18968468702908-UnityPersXXXX
  Product: Unity Personal
  Type: Assigned
  Expiration: Unlimited
[UnityMemory] Configuration Parameters - Can be set up in boot.config
    "memorysetup-temp-allocator-size-nav-mesh-worker=65536"
    "memorysetup-temp-allocator-size-audio-worker=65536"
    "memorysetup-temp-allocator-size-gfx=262144"
    "memorysetup-allocator-temp-initial-block-size-main=262144"
    "memorysetup-allocator-temp-initial-block-size-worker=262144"
    "memorysetup-temp-allocator-size-background-worker=32768"
    "memorysetup-temp-allocator-size-job-worker=262144"
    "memorysetup-temp-allocator-size-preload-manager=33554432"
    "memorysetup-temp-allocator-size-gi-baking-worker=262144"
    "memorysetup-temp-allocator-size-gi-baking-worker=262144"
    "memorysetup-temp-allocator-size-gi-baking-worker=262144"
    "memorysetup-temp-allocator-size-gi-baking-worker=262144"
    "memorysetup-temp-allocator-size-gi-baking-worker=262144"
    "memorysetup-bucket-allocator-granularity=16"
    "memorysetup-bucket-allocator-bucket-count=8"
    "memorysetup-bucket-allocator-block-size=33554432"
    "memorysetup-bucket-allocator-block-count=8"
    "memorysetup-main-allocator-block-size=16777216"
    "memorysetup-thread-allocator-block-size=16777216"
    "memorysetup-gfx-main-allocator-block-size=16777216"
    "memorysetup-gfx-thread-allocator-block-size=16777216"
    "memorysetup-cache-allocator-block-size=4194304"
    "memorysetup-typetree-allocator-block-size=2097152"
    "memorysetup-profiler-bucket-allocator-granularity=16"
    "memorysetup-profiler-bucket-allocator-bucket-count=8"
    "memorysetup-profiler-bucket-allocator-block-size=33554432"
    "memorysetup-profiler-bucket-allocator-block-count=8"
    "memorysetup-profiler-allocator-block-size=16777216"
    "memorysetup-profiler-editor-allocator-block-size=1048576"
    "memorysetup-temp-allocator-size-main=16777216"
    "memorysetup-job-temp-allocator-block-size=2097152"
    "memorysetup-job-temp-allocator-block-size-background=1048576"
    "memorysetup-job-temp-allocator-reduction-small-platforms=262144"
    "memorysetup-temp-allocator-size-cloud-worker=32768"
[Licensing::Client] Successfully updated license, isAsync: True, time: 0.01
Player connection [43988]  Target information:

Player connection [43988]  * "[IP] 192.168.56.1 [Port] 55504 [Flags] 2 [Guid] 3383186400 [EditorId] 3383186400 [Version] 1048832 [Id] WindowsEditor(7,Ben0928) [Debug] 1 [PackageName] WindowsEditor [ProjectName] Editor" 

Player connection [43988]  * "[IP] 172.20.10.4 [Port] 55504 [Flags] 2 [Guid] 3383186400 [EditorId] 3383186400 [Version] 1048832 [Id] WindowsEditor(7,Ben0928) [Debug] 1 [PackageName] WindowsEditor [ProjectName] Editor" 

[Licensing::Client] Successfully resolved entitlement details
[Licensing::Module] Licensing Background thread has ended after 0.46s
Player connection [43988] Host joined multi-casting on [225.0.0.222:54997]...
Player connection [43988] Host joined alternative multi-casting on [225.0.0.222:34997]...
Input System module state changed to: Initialized.
[Physics::Module] Initialized fallback backend.
[Physics::Module] Id: 0xdecafbad
[Package Manager] Connected to IPC stream "Upm-16988" after 0.2 seconds.
[Licensing::Client] Successfully resolved entitlement details
Library Redirect Path: Library/
[Physics::Module] Selected backend.
[Physics::Module] Name: PhysX
[Physics::Module] Id: 0xf2b8ea05
[Physics::Module] SDK Version: 4.1.2
[Physics::Module] Integration Version: 1.0.0
[Physics::Module] Threading Mode: Multi-Threaded
Artifact Garbage Collection - Removed 1 unused hashed content files
Refreshing native plugins compatible for Editor in 0.50 ms, found 0 plugins.
Preloading 0 native plugins for Editor in 0.00 ms.
Initialize engine version: 6000.3.20f1 (c9ba695d4f07)
[Subsystems] Discovering subsystems at path C:/Program Files/Unity/Hub/Editor/6000.3.20f1/Editor/Data/Resources/UnitySubsystems
[Subsystems] Discovering subsystems at path C:/CutMyBodyPlease/Unity/AnatomyXR/Assets
GfxDevice: creating device client; kGfxThreadingModeNonThreaded
Direct3D:
    Version:  Direct3D 11.0 [level 11.1]
    Renderer: NVIDIA GeForce RTX 4050 Laptop GPU (ID=0x28e1)
    Vendor:   NVIDIA
    VRAM:     5920 MB
    Driver:   32.0.15.9595
Initialize mono
Mono path[0] = 'C:/Program Files/Unity/Hub/Editor/6000.3.20f1/Editor/Data/Managed'
Mono path[1] = 'C:/Program Files/Unity/Hub/Editor/6000.3.20f1/Editor/Data/MonoBleedingEdge/lib/mono/unityjit-win32'
Mono config path = 'C:/Program Files/Unity/Hub/Editor/6000.3.20f1/Editor/Data/MonoBleedingEdge/etc'
Using monoOptions --debugger-agent=transport=dt_socket,embedding=1,server=y,suspend=n,address=127.0.0.1:56988
Using cacheserver namespaces - metadata:defaultmetadata, artifacts:defaultartifacts
Using cacheserver namespaces - metadata:defaultmetadata, artifacts:defaultartifacts
ImportWorker Server TCP listen port: 0
AcceleratorClientConnectionCallback - disconnected - :0
Begin MonoManager ReloadAssembly
Registering precompiled unity dll's ...
Register platform support module: C:/Program Files/Unity/Hub/Editor/6000.3.20f1/Editor/Data/PlaybackEngines/WindowsStandaloneSupport/UnityEditor.WindowsStandalone.Extensions.dll
Registered in 0.001365 seconds.
- Loaded All Assemblies, in  0.327 seconds
Native extension for WindowsStandalone target not found
Package Manager log level set to [2]
ScheduleIndexationOnStartup MainProcess:False IndexOnStartup:True
Mono: successfully reloaded assembly
- Finished resetting the current domain, in  0.314 seconds
Domain Reload Profiling: 640ms
	BeginReloadAssembly (108ms)
		ExecutionOrderSort (0ms)
		DisableScriptedObjects (0ms)
		BackupInstance (0ms)
		ReleaseScriptingObjects (0ms)
		CreateAndSetChildDomain (16ms)
	RebuildCommonClasses (29ms)
	RebuildNativeTypeToScriptingClass (14ms)
	initialDomainReloadingComplete (43ms)
	LoadAllAssembliesAndSetupDomain (131ms)
		LoadAssemblies (91ms)
		RebuildTransferFunctionScriptingTraits (0ms)
		AnalyzeDomain (129ms)
			TypeCache.Refresh (127ms)
				TypeCache.ScanAssembly (116ms)
			BuildScriptInfoCaches (0ms)
			ResolveRequiredComponents (0ms)
	FinalizeReload (314ms)
		ReleaseScriptCaches (0ms)
		RebuildScriptCaches (0ms)
		SetupLoadedEditorAssemblies (285ms)
			LogAssemblyErrors (0ms)
			InitializePlatformSupportModulesInManaged (39ms)
			SetLoadedEditorAssemblies (4ms)
			BeforeProcessingInitializeOnLoad (70ms)
			ProcessInitializeOnLoadAttributes (111ms)
			ProcessInitializeOnLoadMethodAttributes (62ms)
			AfterProcessingInitializeOnLoad (0ms)
			EditorAssembliesLoaded (0ms)
		ExecutionOrderSort2 (0ms)
		AwakeInstancesAfterBackupRestoration (0ms)
[Licensing::Client] Successfully resolved entitlement details
Application.AssetDatabase Initial Refresh Start
[Package Manager] Restoring resolved packages state from cache
[Licensing::Client] Successfully resolved entitlement details
[Package Manager] Registered 55 packages:
  Packages from [https://packages.unity.com]:
    com.unity.inputsystem@1.20.0 (location: C:\CutMyBodyPlease\Unity\AnatomyXR\Library\PackageCache\com.unity.inputsystem@7a4e1a2a8194)
    com.unity.xr.interaction.toolkit@3.5.1 (location: C:\CutMyBodyPlease\Unity\AnatomyXR\Library\PackageCache\com.unity.xr.interaction.toolkit@63ca3b7ce776)
    com.unity.xr.management@4.7.0 (location: C:\CutMyBodyPlease\Unity\AnatomyXR\Library\PackageCache\com.unity.xr.management@2ad85c7dd480)
    com.unity.xr.openxr@1.17.1 (location: C:\CutMyBodyPlease\Unity\AnatomyXR\Library\PackageCache\com.unity.xr.openxr@58837b2992e0)
    com.unity.xr.core-utils@2.6.0 (location: C:\CutMyBodyPlease\Unity\AnatomyXR\Library\PackageCache\com.unity.xr.core-utils@a8b900321199)
    com.unity.xr.legacyinputhelpers@2.1.13 (location: C:\CutMyBodyPlease\Unity\AnatomyXR\Library\PackageCache\com.unity.xr.legacyinputhelpers@9535ff2c27ac)
    com.unity.mathematics@1.3.3 (location: C:\CutMyBodyPlease\Unity\AnatomyXR\Library\PackageCache\com.unity.mathematics@19a9377c4ffa)
    com.unity.searcher@4.9.4 (location: C:\CutMyBodyPlease\Unity\AnatomyXR\Library\PackageCache\com.unity.searcher@d45a78918735)
    com.unity.burst@1.8.29 (location: C:\CutMyBodyPlease\Unity\AnatomyXR\Library\PackageCache\com.unity.burst@6bb9aca3ef38)
    com.unity.collections@2.6.6 (location: C:\CutMyBodyPlease\Unity\AnatomyXR\Library\PackageCache\com.unity.collections@9796e5ee0d9e)
    com.unity.nuget.mono-cecil@1.11.6 (location: C:\CutMyBodyPlease\Unity\AnatomyXR\Library\PackageCache\com.unity.nuget.mono-cecil@ecb9724e46ff)
    com.unity.test-framework.performance@3.5.0 (location: C:\CutMyBodyPlease\Unity\AnatomyXR\Library\PackageCache\com.unity.test-framework.performance@8b56083ec0f0)
  Built-in packages:
    com.unity.render-pipelines.universal@17.3.0 (location: C:\CutMyBodyPlease\Unity\AnatomyXR\Library\PackageCache\com.unity.render-pipelines.universal@37e06a5b08b3)
    com.unity.modules.accessibility@1.0.0 (location: C:\CutMyBodyPlease\Unity\AnatomyXR\Library\PackageCache\com.unity.modules.accessibility)
    com.unity.modules.adaptiveperformance@1.0.0 (location: C:\CutMyBodyPlease\Unity\AnatomyXR\Library\PackageCache\com.unity.modules.adaptiveperformance)
    com.unity.modules.ai@1.0.0 (location: C:\CutMyBodyPlease\Unity\AnatomyXR\Library\PackageCache\com.unity.modules.ai)
    com.unity.modules.androidjni@1.0.0 (location: C:\CutMyBodyPlease\Unity\AnatomyXR\Library\PackageCache\com.unity.modules.androidjni)
    com.unity.modules.animation@1.0.0 (location: C:\CutMyBodyPlease\Unity\AnatomyXR\Library\PackageCache\com.unity.modules.animation)
    com.unity.modules.assetbundle@1.0.0 (location: C:\CutMyBodyPlease\Unity\AnatomyXR\Library\PackageCache\com.unity.modules.assetbundle)
    com.unity.modules.audio@1.0.0 (location: C:\CutMyBodyPlease\Unity\AnatomyXR\Library\PackageCache\com.unity.modules.audio)
    com.unity.modules.cloth@1.0.0 (location: C:\CutMyBodyPlease\Unity\AnatomyXR\Library\PackageCache\com.unity.modules.cloth)
    com.unity.modules.director@1.0.0 (location: C:\CutMyBodyPlease\Unity\AnatomyXR\Library\PackageCache\com.unity.modules.director)
    com.unity.modules.imageconversion@1.0.0 (location: C:\CutMyBodyPlease\Unity\AnatomyXR\Library\PackageCache\com.unity.modules.imageconversion)
    com.unity.modules.imgui@1.0.0 (location: C:\CutMyBodyPlease\Unity\AnatomyXR\Library\PackageCache\com.unity.modules.imgui)
    com.unity.modules.jsonserialize@1.0.0 (location: C:\CutMyBodyPlease\Unity\AnatomyXR\Library\PackageCache\com.unity.modules.jsonserialize)
    com.unity.modules.particlesystem@1.0.0 (location: C:\CutMyBodyPlease\Unity\AnatomyXR\Library\PackageCache\com.unity.modules.particlesystem)
    com.unity.modules.physics@1.0.0 (location: C:\CutMyBodyPlease\Unity\AnatomyXR\Library\PackageCache\com.unity.modules.physics)
    com.unity.modules.physics2d@1.0.0 (location: C:\CutMyBodyPlease\Unity\AnatomyXR\Library\PackageCache\com.unity.modules.physics2d)
    com.unity.modules.screencapture@1.0.0 (location: C:\CutMyBodyPlease\Unity\AnatomyXR\Library\PackageCache\com.unity.modules.screencapture)
    com.unity.modules.terrain@1.0.0 (location: C:\CutMyBodyPlease\Unity\AnatomyXR\Library\PackageCache\com.unity.modules.terrain)
    com.unity.modules.terrainphysics@1.0.0 (location: C:\CutMyBodyPlease\Unity\AnatomyXR\Library\PackageCache\com.unity.modules.terrainphysics)
    com.unity.modules.tilemap@1.0.0 (location: C:\CutMyBodyPlease\Unity\AnatomyXR\Library\PackageCache\com.unity.modules.tilemap)
    com.unity.modules.ui@1.0.0 (location: C:\CutMyBodyPlease\Unity\AnatomyXR\Library\PackageCache\com.unity.modules.ui)
    com.unity.modules.uielements@1.0.0 (location: C:\CutMyBodyPlease\Unity\AnatomyXR\Library\PackageCache\com.unity.modules.uielements)
    com.unity.modules.umbra@1.0.0 (location: C:\CutMyBodyPlease\Unity\AnatomyXR\Library\PackageCache\com.unity.modules.umbra)
    com.unity.modules.unityanalytics@1.0.0 (location: C:\CutMyBodyPlease\Unity\AnatomyXR\Library\PackageCache\com.unity.modules.unityanalytics)
    com.unity.modules.unitywebrequest@1.0.0 (location: C:\CutMyBodyPlease\Unity\AnatomyXR\Library\PackageCache\com.unity.modules.unitywebrequest)
    com.unity.modules.unitywebrequestassetbundle@1.0.0 (location: C:\CutMyBodyPlease\Unity\AnatomyXR\Library\PackageCache\com.unity.modules.unitywebrequestassetbundle)
    com.unity.modules.unitywebrequestaudio@1.0.0 (location: C:\CutMyBodyPlease\Unity\AnatomyXR\Library\PackageCache\com.unity.modules.unitywebrequestaudio)
    com.unity.modules.unitywebrequesttexture@1.0.0 (location: C:\CutMyBodyPlease\Unity\AnatomyXR\Library\PackageCache\com.unity.modules.unitywebrequesttexture)
    com.unity.modules.unitywebrequestwww@1.0.0 (location: C:\CutMyBodyPlease\Unity\AnatomyXR\Library\PackageCache\com.unity.modules.unitywebrequestwww)
    com.unity.modules.vectorgraphics@1.0.0 (location: C:\CutMyBodyPlease\Unity\AnatomyXR\Library\PackageCache\com.unity.modules.vectorgraphics)
    com.unity.modules.vehicles@1.0.0 (location: C:\CutMyBodyPlease\Unity\AnatomyXR\Library\PackageCache\com.unity.modules.vehicles)
    com.unity.modules.video@1.0.0 (location: C:\CutMyBodyPlease\Unity\AnatomyXR\Library\PackageCache\com.unity.modules.video)
    com.unity.modules.vr@1.0.0 (location: C:\CutMyBodyPlease\Unity\AnatomyXR\Library\PackageCache\com.unity.modules.vr)
    com.unity.modules.wind@1.0.0 (location: C:\CutMyBodyPlease\Unity\AnatomyXR\Library\PackageCache\com.unity.modules.wind)
    com.unity.modules.xr@1.0.0 (location: C:\CutMyBodyPlease\Unity\AnatomyXR\Library\PackageCache\com.unity.modules.xr)
    com.unity.modules.subsystems@1.0.0 (location: C:\CutMyBodyPlease\Unity\AnatomyXR\Library\PackageCache\com.unity.modules.subsystems)
    com.unity.modules.hierarchycore@1.0.0 (location: C:\CutMyBodyPlease\Unity\AnatomyXR\Library\PackageCache\com.unity.modules.hierarchycore)
    com.unity.ugui@2.0.0 (location: C:\CutMyBodyPlease\Unity\AnatomyXR\Library\PackageCache\com.unity.ugui@e20f1880fa04)
    com.unity.render-pipelines.core@17.3.0 (location: C:\CutMyBodyPlease\Unity\AnatomyXR\Library\PackageCache\com.unity.render-pipelines.core@731b06833851)
    com.unity.shadergraph@17.3.0 (location: C:\CutMyBodyPlease\Unity\AnatomyXR\Library\PackageCache\com.unity.shadergraph@fe0f710ccc2d)
    com.unity.render-pipelines.universal-config@17.0.3 (location: C:\CutMyBodyPlease\Unity\AnatomyXR\Library\PackageCache\com.unity.render-pipelines.universal-config@8dc1aab4af1d)
    com.unity.test-framework@1.6.0 (location: C:\CutMyBodyPlease\Unity\AnatomyXR\Library\PackageCache\com.unity.test-framework@bd7f943e9647)
    com.unity.ext.nunit@2.0.5 (location: C:\CutMyBodyPlease\Unity\AnatomyXR\Library\PackageCache\com.unity.ext.nunit@d8c07649098d)
[Subsystems] Looking for new subsystems at path C:\CutMyBodyPlease\Unity\AnatomyXR\Library\PackageCache\com.unity.xr.openxr@58837b2992e0
[Subsystems] Novel subsystem found at Library/PackageCache/com.unity.xr.openxr@58837b2992e0/Runtime/UnitySubsystemsManifest.json
[Subsystems] Discovering subsystems at path C:/Program Files/Unity/Hub/Editor/6000.3.20f1/Editor/Data/Resources/UnitySubsystems
[Subsystems] Discovering subsystems at path C:/CutMyBodyPlease/Unity/AnatomyXR/Assets
[Subsystems] Discovering subsystems at path C:\CutMyBodyPlease\Unity\AnatomyXR\Library\PackageCache\com.unity.xr.openxr@58837b2992e0
[Subsystems] No descriptors matched for  examples in Library/PackageCache/com.unity.xr.openxr@58837b2992e0/Runtime/UnitySubsystemsManifest.json.
[Subsystems] 1 'inputs' descriptors matched in Library/PackageCache/com.unity.xr.openxr@58837b2992e0/Runtime/UnitySubsystemsManifest.json
[Subsystems] 1 'displays' descriptors matched in Library/PackageCache/com.unity.xr.openxr@58837b2992e0/Runtime/UnitySubsystemsManifest.json
[Subsystems] No descriptors matched for  meshings in Library/PackageCache/com.unity.xr.openxr@58837b2992e0/Runtime/UnitySubsystemsManifest.json.
[Package Manager] Done registering packages in 0.01 seconds
[ScriptCompilation] Requested script compilation because: Assetdatabase observed changes in script compilation related files
Starting: C:\Program Files\Unity\Hub\Editor\6000.3.20f1\Editor\Data\Tools\BuildPipeline\bee_backend.exe --ipc --defer-dag-verification --dagfile="Library/Bee/1900b0aE.dag" --continue-on-failure --profile="Library/Bee/backend1.traceevents" ScriptAssemblies
WorkingDir: C:/CutMyBodyPlease/Unity/AnatomyXR
DisplayProgressbar: Compiling Scripts
ExitCode: 0 Duration: 0s690ms
[692/889    0s] ILPP-Configuration Library/ilpp-configuration.nevergeneratedoutput
[885/889    0s] Csc Library/Bee/artifacts/1900b0aE.dag/Assembly-CSharp-Editor.dll (+2 others)
[886/889    0s] ILPostProcess Library/Bee/artifacts/1900b0aE.dag/post-processed/Assembly-CSharp-Editor.dll (+pdb)
Processing assembly Library/Bee/artifacts/1900b0aE.dag/Assembly-CSharp-Editor.dll, with 137 defines and 326 references

processors: Unity.Jobs.CodeGen.JobsILPostProcessor, zzzUnity.Burst.CodeGen.BurstILPostProcessor

running Unity.Jobs.CodeGen.JobsILPostProcessor

running zzzUnity.Burst.CodeGen.BurstILPostProcessor
[887/889    0s] CopyFiles Library/ScriptAssemblies/Assembly-CSharp-Editor.pdb
[888/889    0s] CopyFiles Library/ScriptAssemblies/Assembly-CSharp-Editor.dll
*** Tundra build success (0.66 seconds), 5 items updated, 889 evaluated
AssetDatabase: script compilation time: 1.059762s
Begin MonoManager ReloadAssembly
- Loaded All Assemblies, in  0.649 seconds
Refreshing native plugins compatible for Editor in 2.22 ms, found 6 plugins.
Native extension for WindowsStandalone target not found
ScheduleIndexationOnStartup MainProcess:True IndexOnStartup:True
Mono: successfully reloaded assembly
- Finished resetting the current domain, in  2.058 seconds
Domain Reload Profiling: 2708ms
	BeginReloadAssembly (290ms)
		ExecutionOrderSort (0ms)
		DisableScriptedObjects (21ms)
		BackupInstance (0ms)
		ReleaseScriptingObjects (0ms)
		CreateAndSetChildDomain (151ms)
	RebuildCommonClasses (31ms)
	RebuildNativeTypeToScriptingClass (11ms)
	initialDomainReloadingComplete (20ms)
	LoadAllAssembliesAndSetupDomain (295ms)
		LoadAssemblies (240ms)
		RebuildTransferFunctionScriptingTraits (0ms)
		AnalyzeDomain (136ms)
			TypeCache.Refresh (87ms)
				TypeCache.ScanAssembly (78ms)
			BuildScriptInfoCaches (37ms)
			ResolveRequiredComponents (9ms)
	FinalizeReload (2062ms)
		ReleaseScriptCaches (0ms)
		RebuildScriptCaches (0ms)
		SetupLoadedEditorAssemblies (1863ms)
			LogAssemblyErrors (0ms)
			InitializePlatformSupportModulesInManaged (18ms)
			SetLoadedEditorAssemblies (4ms)
			BeforeProcessingInitializeOnLoad (112ms)
			ProcessInitializeOnLoadAttributes (1541ms)
			ProcessInitializeOnLoadMethodAttributes (185ms)
			AfterProcessingInitializeOnLoad (3ms)
			EditorAssembliesLoaded (1ms)
		ExecutionOrderSort2 (0ms)
		AwakeInstancesAfterBackupRestoration (39ms)
Start importing Assets/XR/Settings/OpenXR Package Settings.asset using Guid(2269e0d3307f61742a4f8c45d914c72a) (NativeFormatImporter) -> (artifact id: '884c1a24e0b42c0538e3cbb5161e9a65') in 0.0092679 seconds
Refreshing native plugins compatible for Editor in 2.47 ms, found 6 plugins.
Preloading 0 native plugins for Editor in 0.00 ms.
Asset Pipeline Refresh (id=2fc5e4e79ff46f746adbac8bac68d6f6): Total: 4.345 seconds - Initiated by InitialRefreshV2(ForceSynchronousImport)
	Summary:
		Imports: total=1 (actual=1, local cache=0, cache server=0)
		Asset DB Process Time: managed=2 ms, native=2407 ms
		Asset DB Callback time: managed=169 ms, native=20 ms
		Scripting: domain reloads=1, domain reload time=649 ms, compile time=1061 ms, other=33 ms
		Project Asset Count: scripts=1162, non-scripts=1835
		Asset File Changes: new=0, changed=1, moved=0, deleted=0
		Scan Filter Count: 0
	InvokeCustomDependenciesCallbacks: 0.001ms
	InvokePackagesCallback: 17.449ms
	ApplyChangesToAssetFolders: 0.536ms
	Scan: 135.024ms
	OnSourceAssetsModified: 0.717ms
	CategorizeAssetsWithTransientArtifact: 17.981ms
	ProcessAssetsWithTransientArtifactChanges: 40.298ms
	CategorizeAssets: 38.503ms
	ImportOutOfDateAssets: 2082.893ms (1008.672ms without children)
		ImportManagerImport: 11.103ms (1.473ms without children)
			ImportInProcess: 9.610ms
			UpdateCategorizedAssets: 0.021ms
		CompileScripts: 1061.186ms
		ReloadNativeAssets: 0.028ms
		UnloadImportedAssets: 0.813ms
		ReloadImportedAssets: 0.170ms
		EnsureUptoDateAssetsAreRegisteredWithGuidPM: 0.371ms
		InitializingProgressBar: 0.007ms
		PostProcessAllAssetNotificationsAddChangedAssets: 0.001ms
		OnDemandSchedulerStart: 0.542ms
	PostProcessAllAssets: 169.973ms
	Hotreload: 3.508ms
	GatherAllCurrentPrimaryArtifactRevisions: 0.003ms
	UnloadStreamsBegin: 1.059ms
	PersistCurrentRevisions: 0.101ms
	UnloadStreamsEnd: 0.001ms
	GenerateScriptTypeHashes: 2.198ms
	Untracked: 1836.633ms

Application.AssetDatabase Initial Refresh End
Launched and connected shader compiler UnityShaderCompiler.exe after 0.01 seconds
Scanning for USB devices : 2.532ms
Initializing Unity extensions:
[MODES] ModeService[none].Initialize
[MODES] ModeService[none].LoadModes
[MODES] Loading mode Default (0) for mode-current-id-Anatomy XR Hospital
Unloading 59 Unused Serialized files (Serialized files now loaded: 0)
Unloading 4766 unused Assets / (11.6 MB). Loaded Objects now: 5550.
Memory consumption went from 193.4 MB to 181.8 MB.
Total: 10.049700 ms (FindLiveObjects: 0.296500 ms CreateObjectMapping: 0.177700 ms MarkObjects: 4.933300 ms  DeleteObjects: 4.640800 ms)

Asset Pipeline Refresh (id=9e204c57c9a8e084aa23492b2ef462e8): Total: 0.029 seconds - Initiated by RefreshV2(NoUpdateAssetOptions)
Asset Pipeline Refresh (id=474c94e152674514cbc536347335e407): Total: 0.002 seconds - Initiated by RefreshV2(ForceUpdate)
Start importing Assets/HospitalSite/Stage05S/R05B/Textures/Grass005/T_S05S_Grass005_BaseColor_2K.png using Guid(a6c16073ec16c5a4781dff8881508011) (TextureImporter) -> (artifact id: '17fc6a708cff1a65ea8922522141e7c5') in 0.0955191 seconds
Refreshing native plugins compatible for Editor in 2.18 ms, found 6 plugins.
Preloading 0 native plugins for Editor in 0.00 ms.
Asset Pipeline Refresh (id=d3956d0dd7d88d04988d0b1d73b60212): Total: 0.112 seconds - Initiated by StopAssetImportingV2(NoUpdateAssetOptions)
Start importing Assets/HospitalSite/Stage05S/R05B/Textures/Grass005/T_S05S_Grass005_NormalGL_2K.png using Guid(5c4efe04f060f7a4db1c6afbfdced19b) (TextureImporter) -> (artifact id: '8c9c11daff4876acfb125d4d21eb9456') in 0.1567676 seconds
Refreshing native plugins compatible for Editor in 2.08 ms, found 6 plugins.
Preloading 0 native plugins for Editor in 0.00 ms.
Asset Pipeline Refresh (id=30a4e1eb06815794aaeb9692c4669fb2): Total: 0.168 seconds - Initiated by StopAssetImportingV2(NoUpdateAssetOptions)
Start importing Assets/HospitalSite/Stage05S/R05B/Textures/Grass005/T_S05S_Grass005_Roughness_2K.png using Guid(c5900c90c40fa324db799299f34d89ff) (TextureImporter) -> (artifact id: '8de1622d5082f079fc124f2f2694f6de') in 0.0501148 seconds
Refreshing native plugins compatible for Editor in 2.09 ms, found 6 plugins.
Preloading 0 native plugins for Editor in 0.00 ms.
Asset Pipeline Refresh (id=f907dd4d1f749bf4e8f9c29b5208ff1c): Total: 0.060 seconds - Initiated by StopAssetImportingV2(NoUpdateAssetOptions)
Start importing Assets/HospitalSite/Stage05S/R05B/Textures/Grass005/T_S05S_Grass005_AO_2K.png using Guid(29bac644386465f44bb8871de0eeca4f) (TextureImporter) -> (artifact id: '5fd5ca1a07ad20762e5faa7338626959') in 0.0514391 seconds
Refreshing native plugins compatible for Editor in 1.99 ms, found 6 plugins.
Preloading 0 native plugins for Editor in 0.00 ms.
Asset Pipeline Refresh (id=fd948104159677f4aaa51187d0fb81c2): Total: 0.062 seconds - Initiated by StopAssetImportingV2(NoUpdateAssetOptions)
Start importing Assets/HospitalSite/Stage05S/R05B/Textures/Grass005/T_S05S_GrassCoverageMask_2K.png using Guid(5e51363a3057b414ebc636879cb1d395) (TextureImporter) -> (artifact id: '4b7144335193fa404dc9d886157eb81f') in 0.0353633 seconds
Refreshing native plugins compatible for Editor in 2.10 ms, found 6 plugins.
Preloading 0 native plugins for Editor in 0.00 ms.
Asset Pipeline Refresh (id=65dffaaefbbd8ae4e962958492b0a837): Total: 0.062 seconds - Initiated by StopAssetImportingV2(NoUpdateAssetOptions)
Start importing Assets/HospitalSite/Stage05S/R05B/Materials/MAT_S05S_S5_SeatingTimber.mat using Guid(605d44ee8048e0240b4a774d6515c0e0) (NativeFormatImporter) -> (artifact id: 'a9e42d21fdd82be64e64beb55ef5ea74') in 0.0014154 seconds
Start importing Assets/HospitalSite/Stage05S/R05B/Materials/MAT_S05S_S5_FoliageLight.mat using Guid(80ebe78f3cc9923488a71c0a6438bd06) (NativeFormatImporter) -> (artifact id: '94d3b4eba1ba8cd73aa856fd957f9d83') in 0.0011173 seconds
Start importing Assets/HospitalSite/Stage05S/R05B/Materials/MAT_S05S_S5_AccentStem.mat using Guid(314ef08caf60c6443bd07fa6ab13a0a6) (NativeFormatImporter) -> (artifact id: '02bb83ee567580fb7bc359279d2afef1') in 0.0011012 seconds
Start importing Assets/HospitalSite/Stage05S/R05B/Materials/MAT_S05S_S5_RoadMarking_Yellow.mat using Guid(a117fec89ca585d41bf1d625fe3b5602) (NativeFormatImporter) -> (artifact id: '932a3f2d0b3ab58aa91d6232704cf697') in 0.0010551 seconds
Start importing Assets/HospitalSite/Stage05S/R05B/Materials/MAT_S05S_S5_SoilMulch.mat using Guid(c23a47fdea1f88449a40f63ea987d05d) (NativeFormatImporter) -> (artifact id: 'a7bdccd9eabf640d713244e1a00c2a4d') in 0.0009405 seconds
Start importing Assets/HospitalSite/Stage05S/R05B/Materials/MAT_S05S_S5B_GrassBlade.mat using Guid(f2354b5e00e3bbd42b1553b52bf571cd) (NativeFormatImporter) -> (artifact id: '2c068bdd897fdf4b4d34f0eb5cc9a93e') in 0.0010126 seconds
Start importing Assets/HospitalSite/Stage05S/R05B/Materials/MAT_S05S_S5_SolarPanel.mat using Guid(2413cedb35d671b47b633df7acd923a4) (NativeFormatImporter) -> (artifact id: 'c780949016eba6914d818534b71e7f03') in 0.0012261 seconds
Start importing Assets/HospitalSite/Stage05S/R05B/Materials/MAT_S05S_S5B_GrassLawn.mat using Guid(86d9e4a740c761f4a904d07fae0ff643) (NativeFormatImporter) -> (artifact id: '3c6f367d748ce2f86eed652356188a1c') in 0.000999 seconds
Start importing Assets/HospitalSite/Stage05S/R05B/Materials/MAT_S05S_S5_KerbServiceConcrete.mat using Guid(a6682f7bb6d2a6643b77cadaacfff841) (NativeFormatImporter) -> (artifact id: 'c3079853ecadb8506619394ac73453e9') in 0.0009685 seconds
Start importing Assets/HospitalSite/Stage05S/R05B/Materials/MAT_S05S_S5_FoliageMid.mat using Guid(e7b935e5eb9e38e4e8e8bf13a003330b) (NativeFormatImporter) -> (artifact id: 'd45fa54b866a1dacf2cb5836979f7660') in 0.0011262 seconds
Start importing Assets/HospitalSite/Stage05S/R05B/Materials/MAT_S05S_S5_ExteriorPaver_WarmGrey.mat using Guid(69e55fbead0228e4cae323b9c2a5630b) (NativeFormatImporter) -> (artifact id: '1d8e1fef37565c5a6076a709a19d0c58') in 0.0010785 seconds
Start importing Assets/HospitalSite/Stage05S/R05B/Materials/MAT_S05S_S5_RoadMarking_AccessibleBlue.mat using Guid(d91c0f8ecafd8584d9502ec3cdeeb879) (NativeFormatImporter) -> (artifact id: '46976228fc61fe1ae91d6a5e9c399837') in 0.0009198 seconds
Start importing Assets/HospitalSite/Stage05S/R05B/Materials/MAT_S05S_S5_AccentFlower.mat using Guid(5aee1ccdcefedf04bab3dc20b9ab9785) (NativeFormatImporter) -> (artifact id: '720a5f4a96e6b986b0bce01e71856db4') in 0.0010079 seconds
Start importing Assets/HospitalSite/Stage05S/R05B/Materials/MAT_S05S_S5_RoadAsphalt.mat using Guid(fa0243170332a1e4489c798f13f84e18) (NativeFormatImporter) -> (artifact id: '2ad4bebfabcc295ed655a8f403a3d571') in 0.0010919 seconds
Start importing Assets/HospitalSite/Stage05S/R05B/Materials/MAT_S05S_S5_TactilePaving.mat using Guid(9bf58bff7e69dac4dabc452dc987835d) (NativeFormatImporter) -> (artifact id: 'adb0a094807ba2dd87bb330f18aa4e40') in 0.0009438 seconds
Start importing Assets/HospitalSite/Stage05S/R05B/Materials/MAT_S05S_S5_BarkTrunk.mat using Guid(ac409e6296eb2484bb27f1a7a24f7d7b) (NativeFormatImporter) -> (artifact id: '2f73584eafd1f03d66c8a9a224886983') in 0.0009945 seconds
Start importing Assets/HospitalSite/Stage05S/R05B/Materials/MAT_S05S_S5_AccentAllium.mat using Guid(0d8fc3e11ace5ea4eb3a417ab2950b99) (NativeFormatImporter) -> (artifact id: '4ec7d72468a2ac2fe3e2b6bfa8783a06') in 0.0009407 seconds
Start importing Assets/HospitalSite/Stage05S/R05B/Materials/MAT_S05S_S5_LakePlaceholder.mat using Guid(cdb7863afa973114782b8eb8d242de7a) (NativeFormatImporter) -> (artifact id: '2bd6af12755504bab97b0f6132478580') in 0.0008908 seconds
Start importing Assets/HospitalSite/Stage05S/R05B/Materials/MAT_S05S_S5_RoadMarking_White.mat using Guid(cd6b1841e6f0a9044b6674648c5ebce5) (NativeFormatImporter) -> (artifact id: 'a41b9927851e24812cb188a1aed31ce8') in 0.0009071 seconds
Start importing Assets/HospitalSite/Stage05S/R05B/Materials/MAT_S05S_S5_FoliageDeep.mat using Guid(fe116e6b419dcc447812ccce0cae4bb4) (NativeFormatImporter) -> (artifact id: 'df172194eef58c1bb2e8a54747948b7d') in 0.0009362 seconds
Start importing Assets/HospitalSite/Stage05S/R05B/Generated/T_S06_SharedDetail.asset using Guid(152206be5976ca7459ef21ac9fc1c89f) (NativeFormatImporter) -> (artifact id: 'f90f8de0a9fd6f3231d4bc45c9d11112') in 0.0012265 seconds
Start importing Assets/HospitalSite/Stage05S/R05B/Generated/T_S06_SharedNormal.asset using Guid(992b97d3ea18d074e8574d069db32663) (NativeFormatImporter) -> (artifact id: '05ed8f762e7aaaef3b77bb2aceab894a') in 0.0010022 seconds
Refreshing native plugins compatible for Editor in 4.34 ms, found 6 plugins.
Preloading 0 native plugins for Editor in 0.00 ms.
Asset Pipeline Refresh (id=f19ff7bc9becd9549836b8dac79fa464): Total: 0.045 seconds - Initiated by StopAssetImportingV2(NoUpdateAssetOptions)
Asset Pipeline Refresh (id=b63b089a661348042bcab89f38b50ea0): Total: 0.007 seconds - Initiated by RefreshV2(ForceUpdate)
Start importing Assets/HospitalSite/Stage05S/R05B/SourceFBX/Hospital_SITE_CoreRoadParking_R05B.fbx using Guid(28eedfd7d3a6fa24ead38bf4d1f70e9b) (FBXImporter) -> (artifact id: 'a2ec65e23bb3c85ef099a1a1eefd6b1b') in 0.0789318 seconds
Refreshing native plugins compatible for Editor in 2.02 ms, found 6 plugins.
Preloading 0 native plugins for Editor in 0.00 ms.
Asset Pipeline Refresh (id=c9200c573453a2b4c8048226843ba47b): Total: 0.093 seconds - Initiated by StopAssetImportingV2(NoUpdateAssetOptions)
ConsistencyChecker - guid: 28eedfd7d3a6fa24ead38bf4d1f70e9b, dependenciesHash.value: f0c2c30695eb0389651eb0a7d03853f9, artifactid: a2ec65e23bb3c85ef099a1a1eefd6b1b, producedFiles[0].extension: , producedFiles[0].contentHash: 561c1a666ef7480149d93e7de64522d1
ConsistencyChecker - guid: 28eedfd7d3a6fa24ead38bf4d1f70e9b, dependenciesHash.value: f0c2c30695eb0389651eb0a7d03853f9, artifactid: 8ed5abd97c93499e4b33c04b53e0207e, producedFiles[0].extension: , producedFiles[0].contentHash: 63ad82032488c6d702bd6e7b0a025166
Importer(FBXImporter) generated inconsistent result for asset(guid:28eedfd7d3a6fa24ead38bf4d1f70e9b) "Assets/HospitalSite/Stage05S/R05B/SourceFBX/Hospital_SITE_CoreRoadParking_R05B.fbx"
UnityEngine.Debug:ExtractStackTraceNoAlloc (byte*,int,string)
UnityEngine.StackTraceUtility:ExtractStackTrace ()
UnityEditor.AssetDatabase:ImportAsset (string,UnityEditor.ImportAssetOptions)
CutMyBodyPlease.HospitalSite.Stage05S.Editor.HospitalStage05SRoundS6Builder:CopyAndImportModels (string) (at Assets/HospitalSite/Stage05S/R05B/Editor/HospitalStage05SRoundS6Builder.cs:278)
CutMyBodyPlease.HospitalSite.Stage05S.Editor.HospitalStage05SRoundS6Builder:BuildMeasureAndValidate () (at Assets/HospitalSite/Stage05S/R05B/Editor/HospitalStage05SRoundS6Builder.cs:122)

[Assets/HospitalSite/Stage05S/R05B/Editor/HospitalStage05SRoundS6Builder.cs line 278]

Start importing Assets/HospitalSite/Stage05S/R05B/SourceFBX/Hospital_SITE_GrassRuntimeAssets_R05B.fbx using Guid(aef7d84839dd24b4abd6e28d36e261f8) (FBXImporter) -> (artifact id: '263ea3fafc207381fc53e30bd4236370') in 0.0135185 seconds
Refreshing native plugins compatible for Editor in 2.11 ms, found 6 plugins.
Preloading 0 native plugins for Editor in 0.00 ms.
Asset Pipeline Refresh (id=f8bd1bfe7caee3c4db95cd9b01bae061): Total: 0.025 seconds - Initiated by StopAssetImportingV2(NoUpdateAssetOptions)
Start importing Assets/HospitalSite/Stage05S/R05B/SourceFBX/Hospital_SITE_LandscapeHardscape_R05B.fbx using Guid(9cdf377c08ee4f34ab0a283bba9a0509) (FBXImporter) -> (artifact id: '7944af13635db53ca31baf59ceee11fb') in 0.0164106 seconds
Refreshing native plugins compatible for Editor in 2.03 ms, found 6 plugins.
Preloading 0 native plugins for Editor in 0.00 ms.
Asset Pipeline Refresh (id=169535422c5855a458f16996a4b760b6): Total: 0.027 seconds - Initiated by StopAssetImportingV2(NoUpdateAssetOptions)
Start importing Assets/HospitalSite/Stage05S/R05B/SourceFBX/Hospital_SITE_MainGate_R05B.fbx using Guid(e1b2c9e8a2379954b8ad9ade1a2be8ef) (FBXImporter) -> (artifact id: '48b63f28da772ad776d74fb0b688b6bd') in 0.0241282 seconds
Refreshing native plugins compatible for Editor in 2.23 ms, found 6 plugins.
Preloading 0 native plugins for Editor in 0.00 ms.
Asset Pipeline Refresh (id=167c6ee6136c4234cb3009d90be59a28): Total: 0.036 seconds - Initiated by StopAssetImportingV2(NoUpdateAssetOptions)
Start importing Assets/HospitalSite/Stage05S/R05B/SourceFBX/Hospital_SITE_PerimeterFence_R05B.fbx using Guid(258340496f9bc5a4bb568a7f19b3a32e) (FBXImporter) -> (artifact id: 'ce1b54b3044e5c37e9898c6a7ff80880') in 0.0331635 seconds
Refreshing native plugins compatible for Editor in 2.00 ms, found 6 plugins.
Preloading 0 native plugins for Editor in 0.00 ms.
Asset Pipeline Refresh (id=83c4990ce8190064498195281f76e344): Total: 0.045 seconds - Initiated by StopAssetImportingV2(NoUpdateAssetOptions)
ConsistencyChecker - guid: 258340496f9bc5a4bb568a7f19b3a32e, dependenciesHash.value: 018f22576ba552f2ae3fbea439957d26, artifactid: ce1b54b3044e5c37e9898c6a7ff80880, producedFiles[0].extension: , producedFiles[0].contentHash: c169975402f20eba7a6ffdd83d4c7ce2
ConsistencyChecker - guid: 258340496f9bc5a4bb568a7f19b3a32e, dependenciesHash.value: 018f22576ba552f2ae3fbea439957d26, artifactid: d55c38e8d45fc9c987fda81734650f99, producedFiles[0].extension: , producedFiles[0].contentHash: ded1612537b69df47f6fa07b6201cc8c
Importer(FBXImporter) generated inconsistent result for asset(guid:258340496f9bc5a4bb568a7f19b3a32e) "Assets/HospitalSite/Stage05S/R05B/SourceFBX/Hospital_SITE_PerimeterFence_R05B.fbx"
UnityEngine.Debug:ExtractStackTraceNoAlloc (byte*,int,string)
UnityEngine.StackTraceUtility:ExtractStackTrace ()
UnityEditor.AssetDatabase:ImportAsset (string,UnityEditor.ImportAssetOptions)
CutMyBodyPlease.HospitalSite.Stage05S.Editor.HospitalStage05SRoundS6Builder:CopyAndImportModels (string) (at Assets/HospitalSite/Stage05S/R05B/Editor/HospitalStage05SRoundS6Builder.cs:278)
CutMyBodyPlease.HospitalSite.Stage05S.Editor.HospitalStage05SRoundS6Builder:BuildMeasureAndValidate () (at Assets/HospitalSite/Stage05S/R05B/Editor/HospitalStage05SRoundS6Builder.cs:122)

[Assets/HospitalSite/Stage05S/R05B/Editor/HospitalStage05SRoundS6Builder.cs line 278]

Start importing Assets/HospitalSite/Stage05S/R05B/SourceFBX/Hospital_SITE_PropsVegetation_R05B.fbx using Guid(6b013ff2782f78449acf5adb26c286c0) (FBXImporter) -> (artifact id: '1e192a7a68810a57128255ae06ca46c5') in 1.1179379 seconds
Refreshing native plugins compatible for Editor in 2.41 ms, found 6 plugins.
Preloading 0 native plugins for Editor in 0.00 ms.
Asset Pipeline Refresh (id=e464a6930738d004e85c4c5faa56facd): Total: 1.150 seconds - Initiated by StopAssetImportingV2(NoUpdateAssetOptions)
	Summary:
		Imports: total=1 (actual=1, local cache=0, cache server=0)
		Asset DB Process Time: managed=59 ms, native=1065 ms
		Asset DB Callback time: managed=0 ms, native=24 ms
		Scripting: domain reloads=0, domain reload time=0 ms, compile time=0 ms, other=0 ms
		Project Asset Count: scripts=1162, non-scripts=1835
		Asset File Changes: new=0, changed=0, moved=0, deleted=0
		Scan Filter Count: 6
	InvokeCustomDependenciesCallbacks: 0.000ms
	InvokePackagesCallback: 0.001ms
	ApplyChangesToAssetFolders: 0.065ms
	Scan: 3.737ms
	OnSourceAssetsModified: 0.000ms
	CategorizeAssetsWithTransientArtifact: 0.004ms
	ProcessAssetsWithTransientArtifactChanges: 0.029ms
	CategorizeAssets: 0.629ms
	ImportOutOfDateAssets: 1119.267ms (0.170ms without children)
		ImportManagerImport: 1118.459ms (0.211ms without children)
			ImportInProcess: 1118.231ms
			UpdateCategorizedAssets: 0.018ms
		ReloadNativeAssets: 0.042ms
		UnloadImportedAssets: 0.140ms
		ReloadImportedAssets: 0.000ms
		EnsureUptoDateAssetsAreRegisteredWithGuidPM: 0.225ms
		InitializingProgressBar: 0.004ms
		PostProcessAllAssetNotificationsAddChangedAssets: 0.001ms
		OnDemandSchedulerStart: 0.227ms
	PostProcessAllAssets: 21.995ms
	Hotreload: 2.797ms
	GatherAllCurrentPrimaryArtifactRevisions: 0.101ms
	UnloadStreamsBegin: 0.028ms
	PersistCurrentRevisions: 0.080ms
	UnloadStreamsEnd: 0.001ms
	Untracked: 1.013ms

ConsistencyChecker - guid: 6b013ff2782f78449acf5adb26c286c0, dependenciesHash.value: 2ddd998ea7b5239cd725ebf0f6f1d35c, artifactid: 1e192a7a68810a57128255ae06ca46c5, producedFiles[0].extension: , producedFiles[0].contentHash: 790cbf8fabd1650d1490b2fe309a47d5
ConsistencyChecker - guid: 6b013ff2782f78449acf5adb26c286c0, dependenciesHash.value: 2ddd998ea7b5239cd725ebf0f6f1d35c, artifactid: e2b5726b980e102b1d942ba9606035b1, producedFiles[0].extension: , producedFiles[0].contentHash: daf4b2bc09ae9f40a1e2542fceb0aaea
Importer(FBXImporter) generated inconsistent result for asset(guid:6b013ff2782f78449acf5adb26c286c0) "Assets/HospitalSite/Stage05S/R05B/SourceFBX/Hospital_SITE_PropsVegetation_R05B.fbx"
UnityEngine.Debug:ExtractStackTraceNoAlloc (byte*,int,string)
UnityEngine.StackTraceUtility:ExtractStackTrace ()
UnityEditor.AssetDatabase:ImportAsset (string,UnityEditor.ImportAssetOptions)
CutMyBodyPlease.HospitalSite.Stage05S.Editor.HospitalStage05SRoundS6Builder:CopyAndImportModels (string) (at Assets/HospitalSite/Stage05S/R05B/Editor/HospitalStage05SRoundS6Builder.cs:278)
CutMyBodyPlease.HospitalSite.Stage05S.Editor.HospitalStage05SRoundS6Builder:BuildMeasureAndValidate () (at Assets/HospitalSite/Stage05S/R05B/Editor/HospitalStage05SRoundS6Builder.cs:122)

[Assets/HospitalSite/Stage05S/R05B/Editor/HospitalStage05SRoundS6Builder.cs line 278]

Start importing Assets/HospitalSite/Stage05S/R05B/SourceFBX/Hospital_SITE_RearService_R05B.fbx using Guid(5a46ceab32235494783ace9c1b355333) (FBXImporter) -> (artifact id: '0e3ab9fa0a11114fac9e7e039fa6f78e') in 0.0164223 seconds
Refreshing native plugins compatible for Editor in 2.16 ms, found 6 plugins.
Preloading 0 native plugins for Editor in 0.00 ms.
Asset Pipeline Refresh (id=19119bf38f0abd54c944ae336a7fc05b): Total: 0.029 seconds - Initiated by StopAssetImportingV2(NoUpdateAssetOptions)
Asset Pipeline Refresh (id=403a8c92e36ec9a4ab91caa208d44cb0): Total: 0.006 seconds - Initiated by StopAssetImportingV2(NoUpdateAssetOptions)
Asset Pipeline Refresh (id=56edadf95eeffe04aa3c8129b0398ed6): Total: 0.005 seconds - Initiated by StopAssetImportingV2(NoUpdateAssetOptions)
Asset Pipeline Refresh (id=587d63d6f8d334c45a56b9a02f0acaa5): Total: 0.005 seconds - Initiated by StopAssetImportingV2(NoUpdateAssetOptions)
Asset Pipeline Refresh (id=d931624963fb32241bcddbeb453f3964): Total: 0.005 seconds - Initiated by StopAssetImportingV2(NoUpdateAssetOptions)
Asset Pipeline Refresh (id=c4d5b88ebad472244af773e7b1cea0e8): Total: 0.005 seconds - Initiated by StopAssetImportingV2(NoUpdateAssetOptions)
Asset Pipeline Refresh (id=fcea15d40827850479baeac30a50aa9a): Total: 0.006 seconds - Initiated by StopAssetImportingV2(NoUpdateAssetOptions)
Asset Pipeline Refresh (id=177ed371afc254a4eb7cfb02f92b4a32): Total: 0.005 seconds - Initiated by StopAssetImportingV2(NoUpdateAssetOptions)
Start importing Assets/HospitalSite/Stage05S/R05B/Settings/HospitalSiteGrassRuntimeConfig.asset using Guid(5e0473aef1977c14cb926d8ec3bc14ff) (NativeFormatImporter) -> (artifact id: '7f8219b76c41f78cd6ee663a21bc2a51') in 0.0013476 seconds
Refreshing native plugins compatible for Editor in 2.14 ms, found 6 plugins.
Preloading 0 native plugins for Editor in 0.00 ms.
Asset Pipeline Refresh (id=db4abe90ba302264da16e914e4c83dcf): Total: 0.013 seconds - Initiated by StopAssetImportingV2(NoUpdateAssetOptions)
Start importing Assets/HospitalSite/Stage05S/R05B/Textures/Grass005/T_S05S_GrassCoverageMask_2K.png using Guid(5e51363a3057b414ebc636879cb1d395) (TextureImporter) -> (artifact id: '01c7f5a2287d4271f1b160b36045892a') in 0.0403886 seconds
Refreshing native plugins compatible for Editor in 2.25 ms, found 6 plugins.
Preloading 0 native plugins for Editor in 0.00 ms.
Asset Pipeline Refresh (id=ef794438329ecf540bfed3f37e8092ff): Total: 0.070 seconds - Initiated by StopAssetImportingV2(NoUpdateAssetOptions)
Unloading 0 Unused Serialized files (Serialized files now loaded: 0)
Unloading 4412 unused Assets / (49.5 MB). Loaded Objects now: 5550.
Memory consumption went from 274.5 MB to 224.9 MB.
Total: 6.476200 ms (FindLiveObjects: 0.343200 ms CreateObjectMapping: 0.127700 ms MarkObjects: 4.199200 ms  DeleteObjects: 1.805500 ms)

Start importing Assets/HospitalSite/Stage05S/R05B/Scenes/Additive/Exterior_SiteCore.unity using Guid(9f9c32410f2154142992d036771e70ba) (DefaultImporter) -> (artifact id: 'e9ef0012a65b3a3679b471764548bad5') in 0.0012778 seconds
Refreshing native plugins compatible for Editor in 2.13 ms, found 6 plugins.
Preloading 0 native plugins for Editor in 0.00 ms.
Asset Pipeline Refresh (id=e39bdfa56cb151849a34b2ba441be6cb): Total: 0.028 seconds - Initiated by StopAssetImportingV2(NoUpdateAssetOptions)
Unloading 24 Unused Serialized files (Serialized files now loaded: 0)
Unloading 740 unused Assets / (1.6 MB). Loaded Objects now: 5559.
Memory consumption went from 231.1 MB to 229.5 MB.
Total: 6.207200 ms (FindLiveObjects: 0.218200 ms CreateObjectMapping: 0.087400 ms MarkObjects: 5.046500 ms  DeleteObjects: 0.853800 ms)

Start importing Assets/HospitalSite/Stage05S/R05B/Scenes/Additive/Exterior_SitePerimeter.unity using Guid(f7caee493515fb142ae744dceeb67dae) (DefaultImporter) -> (artifact id: '2c883466fea3428a8a95c96b2093f77e') in 0.001204 seconds
Refreshing native plugins compatible for Editor in 1.97 ms, found 6 plugins.
Preloading 0 native plugins for Editor in 0.00 ms.
Asset Pipeline Refresh (id=386b029a193516046b5d04f754d9e203): Total: 0.026 seconds - Initiated by StopAssetImportingV2(NoUpdateAssetOptions)
Unloading 22 Unused Serialized files (Serialized files now loaded: 0)
Unloading 322 unused Assets / (87.6 KB). Loaded Objects now: 5559.
Memory consumption went from 236.7 MB to 236.6 MB.
Total: 5.409300 ms (FindLiveObjects: 0.205000 ms CreateObjectMapping: 0.101100 ms MarkObjects: 4.734800 ms  DeleteObjects: 0.367700 ms)

Start importing Assets/HospitalSite/Stage05S/R05B/Scenes/Additive/Exterior_SiteLandscape.unity using Guid(e54bf6ebdcca22644a805646b20b6540) (DefaultImporter) -> (artifact id: 'ac687ce99933b5333bd149229ff13a5c') in 0.0038967 seconds
Refreshing native plugins compatible for Editor in 2.69 ms, found 6 plugins.
Preloading 0 native plugins for Editor in 0.00 ms.
Asset Pipeline Refresh (id=33a7b40766744864685919a6a00fb465): Total: 0.057 seconds - Initiated by StopAssetImportingV2(NoUpdateAssetOptions)
Unloading 22 Unused Serialized files (Serialized files now loaded: 0)
Unloading 1823 unused Assets / (40.0 MB). Loaded Objects now: 5559.
Memory consumption went from 276.0 MB to 235.9 MB.
Total: 5.773700 ms (FindLiveObjects: 0.223000 ms CreateObjectMapping: 0.081300 ms MarkObjects: 4.343700 ms  DeleteObjects: 1.124800 ms)

Start importing Assets/HospitalSite/Stage05S/R05B/Scenes/Test/HospitalSite_S6_TraversalHarness.unity using Guid(9aae41c78aa75cb4f889849c21154827) (DefaultImporter) -> (artifact id: '7497eb99b6e06aad8b0b97cb1ebbb899') in 0.0011195 seconds
Refreshing native plugins compatible for Editor in 2.16 ms, found 6 plugins.
Preloading 0 native plugins for Editor in 0.00 ms.
Asset Pipeline Refresh (id=98806198cd9073f4391208bde4e53f1b): Total: 0.028 seconds - Initiated by StopAssetImportingV2(NoUpdateAssetOptions)
Opening scene 'Assets/Hospital/Scenes/Additive/Exterior_Base.unity'
Unloading 50 Unused Serialized files (Serialized files now loaded: 0)
Loaded scene 'Assets/Hospital/Scenes/Additive/Exterior_Base.unity'
	Deserialize:            0.397 ms
	Integration:            120.839 ms
	Integration of assets:  0.004 ms
	Thread Wait Time:       0.133 ms
	Total Operation Time:   121.372 ms
Unloading 2592 unused Assets / (49.6 MB). Loaded Objects now: 5978.
Memory consumption went from 292.2 MB to 242.5 MB.
Total: 6.630500 ms (FindLiveObjects: 0.312300 ms CreateObjectMapping: 0.317400 ms MarkObjects: 4.493500 ms  DeleteObjects: 1.506300 ms)

Opening scene 'Assets/Hospital/Scenes/Additive/Exterior_Tower.unity additively'
Loaded scene 'Assets/Hospital/Scenes/Additive/Exterior_Tower.unity'
	Deserialize:            0.340 ms
	Integration:            16.442 ms
	Integration of assets:  0.001 ms
	Thread Wait Time:       0.009 ms
	Total Operation Time:   16.792 ms
Opening scene 'Assets/Hospital/Scenes/Additive/Exterior_SidesService.unity additively'
Loaded scene 'Assets/Hospital/Scenes/Additive/Exterior_SidesService.unity'
	Deserialize:            0.388 ms
	Integration:            16.754 ms
	Integration of assets:  0.001 ms
	Thread Wait Time:       0.008 ms
	Total Operation Time:   17.151 ms
Opening scene 'Assets/Hospital/Scenes/Additive/Exterior_InteriorShellPreview.unity additively'
Loaded scene 'Assets/Hospital/Scenes/Additive/Exterior_InteriorShellPreview.unity'
	Deserialize:            0.304 ms
	Integration:            3.429 ms
	Integration of assets:  0.001 ms
	Thread Wait Time:       0.008 ms
	Total Operation Time:   3.742 ms
Opening scene 'Assets/Hospital/Scenes/Additive/Exterior_Interactions.unity additively'
Loaded scene 'Assets/Hospital/Scenes/Additive/Exterior_Interactions.unity'
	Deserialize:            0.565 ms
	Integration:            6.819 ms
	Integration of assets:  0.001 ms
	Thread Wait Time:       0.009 ms
	Total Operation Time:   7.393 ms
Opening scene 'Assets/HospitalSite/Stage05S/R05B/Scenes/Additive/Exterior_SiteCore.unity additively'
Loaded scene 'Assets/HospitalSite/Stage05S/R05B/Scenes/Additive/Exterior_SiteCore.unity'
	Deserialize:            0.349 ms
	Integration:            5.341 ms
	Integration of assets:  0.001 ms
	Thread Wait Time:       0.012 ms
	Total Operation Time:   5.704 ms
Opening scene 'Assets/HospitalSite/Stage05S/R05B/Scenes/Additive/Exterior_SitePerimeter.unity additively'
Loaded scene 'Assets/HospitalSite/Stage05S/R05B/Scenes/Additive/Exterior_SitePerimeter.unity'
	Deserialize:            0.345 ms
	Integration:            3.350 ms
	Integration of assets:  0.002 ms
	Thread Wait Time:       0.012 ms
	Total Operation Time:   3.709 ms
Opening scene 'Assets/HospitalSite/Stage05S/R05B/Scenes/Additive/Exterior_SiteLandscape.unity additively'
Loaded scene 'Assets/HospitalSite/Stage05S/R05B/Scenes/Additive/Exterior_SiteLandscape.unity'
	Deserialize:            0.337 ms
	Integration:            28.266 ms
	Integration of assets:  0.001 ms
	Thread Wait Time:       0.009 ms
	Total Operation Time:   28.612 ms
Opening scene 'Assets/Hospital/Scenes/Additive/Exterior_Base.unity'
Unloading 118 Unused Serialized files (Serialized files now loaded: 0)
Loaded scene 'Assets/Hospital/Scenes/Additive/Exterior_Base.unity'
	Deserialize:            0.410 ms
	Integration:            113.822 ms
	Integration of assets:  0.001 ms
	Thread Wait Time:       0.008 ms
	Total Operation Time:   114.241 ms
Unloading 3638 unused Assets / (93.1 MB). Loaded Objects now: 6028.
Memory consumption went from 352.8 MB to 259.7 MB.
Total: 7.358300 ms (FindLiveObjects: 0.533900 ms CreateObjectMapping: 0.260900 ms MarkObjects: 4.581400 ms  DeleteObjects: 1.981100 ms)

Opening scene 'Assets/Hospital/Scenes/Additive/Exterior_Tower.unity additively'
Loaded scene 'Assets/Hospital/Scenes/Additive/Exterior_Tower.unity'
	Deserialize:            0.291 ms
	Integration:            15.643 ms
	Integration of assets:  0.001 ms
	Thread Wait Time:       0.009 ms
	Total Operation Time:   15.943 ms
Opening scene 'Assets/Hospital/Scenes/Additive/Exterior_SidesService.unity additively'
Loaded scene 'Assets/Hospital/Scenes/Additive/Exterior_SidesService.unity'
	Deserialize:            0.339 ms
	Integration:            16.258 ms
	Integration of assets:  0.001 ms
	Thread Wait Time:       0.007 ms
	Total Operation Time:   16.604 ms
Opening scene 'Assets/Hospital/Scenes/Additive/Exterior_InteriorShellPreview.unity additively'
Loaded scene 'Assets/Hospital/Scenes/Additive/Exterior_InteriorShellPreview.unity'
	Deserialize:            0.332 ms
	Integration:            3.238 ms
	Integration of assets:  0.001 ms
	Thread Wait Time:       0.009 ms
	Total Operation Time:   3.580 ms
Opening scene 'Assets/Hospital/Scenes/Additive/Exterior_Interactions.unity additively'
Loaded scene 'Assets/Hospital/Scenes/Additive/Exterior_Interactions.unity'
	Deserialize:            0.473 ms
	Integration:            6.904 ms
	Integration of assets:  0.001 ms
	Thread Wait Time:       0.011 ms
	Total Operation Time:   7.390 ms
Opening scene 'Assets/HospitalSite/Stage05S/R05B/Scenes/Additive/Exterior_SiteCore.unity additively'
Loaded scene 'Assets/HospitalSite/Stage05S/R05B/Scenes/Additive/Exterior_SiteCore.unity'
	Deserialize:            0.292 ms
	Integration:            4.885 ms
	Integration of assets:  0.001 ms
	Thread Wait Time:       0.009 ms
	Total Operation Time:   5.187 ms
Opening scene 'Assets/HospitalSite/Stage05S/R05B/Scenes/Additive/Exterior_SitePerimeter.unity additively'
Loaded scene 'Assets/HospitalSite/Stage05S/R05B/Scenes/Additive/Exterior_SitePerimeter.unity'
	Deserialize:            0.286 ms
	Integration:            3.232 ms
	Integration of assets:  0.001 ms
	Thread Wait Time:       0.007 ms
	Total Operation Time:   3.526 ms
Opening scene 'Assets/HospitalSite/Stage05S/R05B/Scenes/Additive/Exterior_SiteLandscape.unity additively'
Loaded scene 'Assets/HospitalSite/Stage05S/R05B/Scenes/Additive/Exterior_SiteLandscape.unity'
	Deserialize:            0.321 ms
	Integration:            24.670 ms
	Integration of assets:  0.001 ms
	Thread Wait Time:       0.007 ms
	Total Operation Time:   25.000 ms
Releasing render texture that is set as Camera.targetTexture!
UnityEngine.Debug:ExtractStackTraceNoAlloc (byte*,int,string)
UnityEngine.StackTraceUtility:ExtractStackTrace ()
UnityEngine.Object:DestroyImmediate (UnityEngine.Object,bool)
UnityEngine.Object:DestroyImmediate (UnityEngine.Object)
CutMyBodyPlease.HospitalSite.Stage05S.Editor.HospitalStage05SRoundS6Builder:WritePerformanceProxy (string) (at Assets/HospitalSite/Stage05S/R05B/Editor/HospitalStage05SRoundS6Builder.cs:639)
CutMyBodyPlease.HospitalSite.Stage05S.Editor.HospitalStage05SRoundS6Builder:BuildMeasureAndValidate () (at Assets/HospitalSite/Stage05S/R05B/Editor/HospitalStage05SRoundS6Builder.cs:130)

[Assets/HospitalSite/Stage05S/R05B/Editor/HospitalStage05SRoundS6Builder.cs line 639]

Asset Pipeline Refresh (id=71eaea96603b44b4eb340f1e24bc3c01): Total: 0.009 seconds - Initiated by RefreshV2(NoUpdateAssetOptions)
Opening scene 'Assets/HospitalSite/Stage05S/R05B/Scenes/Additive/Exterior_SiteCore.unity'
Unloading 14 Unused Serialized files (Serialized files now loaded: 0)
Loaded scene 'Assets/HospitalSite/Stage05S/R05B/Scenes/Additive/Exterior_SiteCore.unity'
	Deserialize:            0.317 ms
	Integration:            105.866 ms
	Integration of assets:  0.004 ms
	Thread Wait Time:       0.193 ms
	Total Operation Time:   106.380 ms
Unloading 5243 unused Assets / (108.6 MB). Loaded Objects now: 6694.
Memory consumption went from 354.5 MB to 245.9 MB.
Total: 8.199100 ms (FindLiveObjects: 0.488500 ms CreateObjectMapping: 0.195700 ms MarkObjects: 4.952000 ms  DeleteObjects: 2.562100 ms)

Opening scene 'Assets/HospitalSite/Stage05S/R05B/Scenes/Additive/Exterior_SitePerimeter.unity'
Unloading 0 Unused Serialized files (Serialized files now loaded: 0)
Loaded scene 'Assets/HospitalSite/Stage05S/R05B/Scenes/Additive/Exterior_SitePerimeter.unity'
	Deserialize:            0.295 ms
	Integration:            111.373 ms
	Integration of assets:  0.001 ms
	Thread Wait Time:       0.007 ms
	Total Operation Time:   111.676 ms
Unloading 590 unused Assets / (141.8 KB). Loaded Objects now: 5888.
Memory consumption went from 225.8 MB to 225.7 MB.
Total: 6.056600 ms (FindLiveObjects: 0.231200 ms CreateObjectMapping: 0.113600 ms MarkObjects: 5.287600 ms  DeleteObjects: 0.423400 ms)

Opening scene 'Assets/HospitalSite/Stage05S/R05B/Scenes/Additive/Exterior_SiteLandscape.unity'
Unloading 5 Unused Serialized files (Serialized files now loaded: 0)
Loaded scene 'Assets/HospitalSite/Stage05S/R05B/Scenes/Additive/Exterior_SiteLandscape.unity'
	Deserialize:            0.335 ms
	Integration:            134.090 ms
	Integration of assets:  0.003 ms
	Thread Wait Time:       0.041 ms
	Total Operation Time:   134.469 ms
Unloading 162 unused Assets / (17.2 KB). Loaded Objects now: 8877.
Memory consumption went from 271.8 MB to 271.8 MB.
Total: 6.260200 ms (FindLiveObjects: 0.553300 ms CreateObjectMapping: 0.322700 ms MarkObjects: 5.139500 ms  DeleteObjects: 0.243900 ms)

Opening scene 'Assets/Hospital/Scenes/Additive/Exterior_Base.unity'
Unloading 11 Unused Serialized files (Serialized files now loaded: 0)
Loaded scene 'Assets/Hospital/Scenes/Additive/Exterior_Base.unity'
	Deserialize:            0.375 ms
	Integration:            113.969 ms
	Integration of assets:  0.001 ms
	Thread Wait Time:       0.027 ms
	Total Operation Time:   114.371 ms
Unloading 1663 unused Assets / (5.5 MB). Loaded Objects now: 6010.
Memory consumption went from 278.1 MB to 272.6 MB.
Total: 6.116700 ms (FindLiveObjects: 0.322500 ms CreateObjectMapping: 0.168300 ms MarkObjects: 4.807300 ms  DeleteObjects: 0.817700 ms)

Opening scene 'Assets/Hospital/Scenes/Additive/Exterior_Tower.unity additively'
Loaded scene 'Assets/Hospital/Scenes/Additive/Exterior_Tower.unity'
	Deserialize:            0.315 ms
	Integration:            10.908 ms
	Integration of assets:  0.001 ms
	Thread Wait Time:       0.009 ms
	Total Operation Time:   11.232 ms
Opening scene 'Assets/Hospital/Scenes/Additive/Exterior_SidesService.unity additively'
Loaded scene 'Assets/Hospital/Scenes/Additive/Exterior_SidesService.unity'
	Deserialize:            0.368 ms
	Integration:            12.970 ms
	Integration of assets:  0.001 ms
	Thread Wait Time:       0.008 ms
	Total Operation Time:   13.347 ms
Opening scene 'Assets/Hospital/Scenes/Additive/Exterior_InteriorShellPreview.unity additively'
Loaded scene 'Assets/Hospital/Scenes/Additive/Exterior_InteriorShellPreview.unity'
	Deserialize:            0.294 ms
	Integration:            2.838 ms
	Integration of assets:  0.001 ms
	Thread Wait Time:       0.008 ms
	Total Operation Time:   3.140 ms
Opening scene 'Assets/Hospital/Scenes/Additive/Exterior_Interactions.unity additively'
Loaded scene 'Assets/Hospital/Scenes/Additive/Exterior_Interactions.unity'
	Deserialize:            0.488 ms
	Integration:            5.151 ms
	Integration of assets:  0.002 ms
	Thread Wait Time:       0.030 ms
	Total Operation Time:   5.671 ms
Opening scene 'Assets/HospitalSite/Stage05S/R05B/Scenes/Additive/Exterior_SiteCore.unity additively'
Loaded scene 'Assets/HospitalSite/Stage05S/R05B/Scenes/Additive/Exterior_SiteCore.unity'
	Deserialize:            0.277 ms
	Integration:            4.371 ms
	Integration of assets:  0.001 ms
	Thread Wait Time:       0.007 ms
	Total Operation Time:   4.656 ms
Opening scene 'Assets/HospitalSite/Stage05S/R05B/Scenes/Additive/Exterior_SitePerimeter.unity additively'
Loaded scene 'Assets/HospitalSite/Stage05S/R05B/Scenes/Additive/Exterior_SitePerimeter.unity'
	Deserialize:            0.253 ms
	Integration:            2.674 ms
	Integration of assets:  0.001 ms
	Thread Wait Time:       0.007 ms
	Total Operation Time:   2.934 ms
Opening scene 'Assets/HospitalSite/Stage05S/R05B/Scenes/Additive/Exterior_SiteLandscape.unity additively'
Loaded scene 'Assets/HospitalSite/Stage05S/R05B/Scenes/Additive/Exterior_SiteLandscape.unity'
	Deserialize:            0.291 ms
	Integration:            25.912 ms
	Integration of assets:  0.001 ms
	Thread Wait Time:       0.010 ms
	Total Operation Time:   26.213 ms
Asset Pipeline Refresh (id=4fcb31bd193be3c4e9558eafdc1bb98a): Total: 0.010 seconds - Initiated by RefreshV2(NoUpdateAssetOptions)
STAGE05S_ROUND_S6_GATE=PASS; PROXY_ONLY; S6_VISUAL_REVIEW_READY
UnityEngine.Debug:ExtractStackTraceNoAlloc (byte*,int,string)
UnityEngine.StackTraceUtility:ExtractStackTrace ()
UnityEngine.DebugLogHandler:Internal_Log (UnityEngine.LogType,UnityEngine.LogOption,string,UnityEngine.Object)
UnityEngine.DebugLogHandler:LogFormat (UnityEngine.LogType,UnityEngine.Object,string,object[])
UnityEngine.Logger:Log (UnityEngine.LogType,object)
UnityEngine.Debug:Log (object)
CutMyBodyPlease.HospitalSite.Stage05S.Editor.HospitalStage05SRoundS6Builder:BuildMeasureAndValidate () (at Assets/HospitalSite/Stage05S/R05B/Editor/HospitalStage05SRoundS6Builder.cs:134)

(Filename: Assets/HospitalSite/Stage05S/R05B/Editor/HospitalStage05SRoundS6Builder.cs Line: 134)

Batchmode quit successfully invoked - shutting down!
Curl error 42: Callback aborted
[Physics::Module] Cleanup current backend.
[Physics::Module] Id: 0xf2b8ea05
Input System module state changed to: ShutdownInProgress.
Input System polling thread exited.
Input System module state changed to: Shutdown.
[Licensing::IpcConnector] LicenseClient-benli-notifications channel disconnected successfully.
[Licensing::IpcConnector] LicenseClient-benli channel disconnected successfully.
AcceleratorClientConnectionCallback - disconnected - :0
Cleanup mono
Exiting batchmode successfully now!
Exiting without the bug reporter. Application will terminate with return code 0