ℹ️  blendkit: Verbose is enabled [19:45:40.208, addon_updater.py:150]
ℹ️  blendkit: Read in JSON settings from file [19:45:40.209, addon_updater.py:150]
ℹ️  blendkit: Ports reordered so first port is now 62485 (previous index was 0) [19:45:40.210, client_lib.py:156]
Created history step 555d0787-1202-4d21-832f-b0cab96a88e9
ℹ️  blendkit: Created new search history step [19:45:40.276, search.py:2698]
ℹ️  blendkit: No temporarily enabled addons to clean up [19:45:40.276, download.py:419]
00:01.609  blend            | Read blend: "C:\CutMyBodyPlease\ArtSource\Environment\Blender\HospitalSite\HospitalSite_Stage05S_R05B_GRASS_REFINEMENT.blend"
00:01.797  reports          | Read library: 'C:\CutMyBodyPlease\ArtSource\Environment\Blender\HospitalExterior\HospitalExterior_Stage04_R40_MASTER_ReviewCorrected.blend', '//..\HospitalExterior\HospitalExterior_Stage04_R40_MASTER_ReviewCorrected.blend', parent '<direct>'
Blender 5.1.2 (hash ec6e62d40fa9 built 2026-05-19 01:37:34)
ℹ️  blendkit: No temporarily enabled addons to clean up [19:45:40.583, download.py:419]
00:02.609  blend            | Read blend: "C:\CutMyBodyPlease\ArtSource\Environment\Blender\HospitalSite\HospitalSite_Stage05S_R05_FINAL.blend"
ℹ️  blendkit: No temporarily enabled addons to clean up [19:45:41.568, download.py:419]
00:02.937  blend            | Read blend: "C:\CutMyBodyPlease\ArtSource\Environment\Blender\HospitalSite\HospitalSite_Stage05S_R05B_GRASS_REFINEMENT.blend"
Info: Read library: 'C:\CutMyBodyPlease\ArtSource\Environment\Blender\HospitalExterior\HospitalExterior_Stage04_R40_MASTER_ReviewCorrected.blend', '//..\HospitalExterior\HospitalExterior_Stage04_R40_MASTER_ReviewCorrected.blend', parent '<direct>'
ℹ️  blendkit: No temporarily enabled addons to clean up [19:45:41.884, download.py:419]
Info: Read library: 'C:\CutMyBodyPlease\ArtSource\Environment\Blender\HospitalExterior\HospitalExterior_Stage04_R40_MASTER_ReviewCorrected.blend', '//..\HospitalExterior\HospitalExterior_Stage04_R40_MASTER_ReviewCorrected.blend', parent '<direct>'
ℹ️  blendkit: Unregistering Blendkit add-on [19:45:42.956, __init__.py:2973]
ℹ️  blendkit: No temporarily enabled addons to clean up [19:45:42.957, download.py:419]
00:23.453  render           | Saved: 'C:\CutMyBodyPlease\Reviews\HospitalExterior\Stage05S_RoundS5B\Stage05S_RoundS5B_RoundTripWholeSite.png'
FBX version: 7400
FBX version: 7400
FBX version: 7400
FBX version: 7400
FBX version: 7400
FBX version: 7400
FBX version: 7400
FBX version: 7400
FBX version: 7400
FBX version: 7400
FBX version: 7400
FBX version: 7400
FBX version: 7400
FBX version: 7400
Info: Saved as "Stage05S_RoundS5B_FBXRoundTrip.blend"
STAGE05S_S5B_VALIDATION={"candidate_sha256": "68df8c9fd460dcadc1f42b12d1009338493eb398bfc8d012246f882d611e8f7d", "failed": 0, "failed_checks": [], "passed": 64, "status": "PASS"}

Blender quit
