[Licensing::Module] Trying to connect to existing licensing client channel...
Built from '6000.3/staging' branch; Version is '6000.3.20f1 (c9ba695d4f07) revision 13220457'; Using compiler version '194234433'; Build Type 'Release'
OS: 'Windows 11  (10.0.26200) CoreSingleLanguage' Language: 'en' Physical Memory: 32472 MB
[Licensing::IpcConnector] Channel LicenseClient-benli doesn't exist
BatchMode: 1, IsHumanControllingUs: 0, StartBugReporterOnCrash: 0, Is64bit: 1
System  architecture: x64
Process architecture: x64
Date: 2026-08-18T06:16:47Z
[Licensing::Module] Successfully launched the LicensingClient (PId: 8920)
[Licensing::IpcConnector] Successfully connected to: "LicenseClient-benli" at "2026-08-18T06:16:48.1982077Z"
[Licensing::Client] Code 10 while verifying Licensing Client signature (process Id: 8920, path: "C:/Program Files/Unity/Hub/Editor/6000.3.20f1/Editor/Data/Resources/Licensing/Client/Unity.Licensing.Client.exe")
[Licensing::Module] LicensingClient has failed validation; ignoring
[Licensing::Client] Handshaking with LicensingClient:
  Version:                 1.18.1+9fbee8e
  Session Id:              9d0380487a9c4b34b975dbade14f5d93
  Correlation Id:          5d07ed344ba5013cedd18e7f120a1c49
  External correlation Id: 1094684327373975037
  Machine Id:              K/xaE00r9U15jR2vrRRSBHB/pCQ=
[Licensing::Module] Successfully connected to LicensingClient on channel: "LicenseClient-benli" (connect: 0.25s, validation: 0.13s, handshake: 0.04s)
[Licensing::IpcConnector] Successfully connected to: "LicenseClient-benli-notifications" at "2026-08-18T06:16:48.3711094Z"
[Licensing::Module] Connected to LicensingClient (PId: 8920, launch time: 0.01, total connection time: 0.42s)
[Licensing::Module] Error: Access token is unavailable; failed to update
[Licensing::Client] Successfully resolved entitlement details
[Licensing::Module] License group:
  Id: 18968468702908-UnityPersXXXX
  Product: Unity Personal
  Type: Assigned
  Expiration: Unlimited
[Licensing::Client] Successfully updated license, isAsync: True, time: 0.01
[Licensing::Client] Successfully resolved entitlement details
[Licensing::Module] Licensing Background thread has ended after 0.46s

COMMAND LINE ARGUMENTS:
C:\Program Files\Unity\Hub\Editor\6000.3.20f1\Editor\Unity.exe
-batchmode
-nographics
-quit
-projectPath
C:\CutMyBodyPlease\Unity\AnatomyXR
-executeMethod
CutMyBodyPlease.HospitalInterior.PreProduction.I1.R03.Editor.HospitalInteriorS3DR03Builder.BuildStageBatch
-logFile
C:\CutMyBodyPlease\Reviews\HospitalInterior\StageI1_R03\S3D_TechnicalIntegration\S3D_RootCause_UnityBuildStage.log
Successfully changed project path to: C:\CutMyBodyPlease\Unity\AnatomyXR
C:/CutMyBodyPlease/Unity/AnatomyXR
[UnityMemory] Configuration Parameters - Can be set up in boot.config
    "memorysetup-temp-allocator-size-nav-mesh-worker=65536"
    "memorysetup-temp-allocator-size-audio-worker=65536"
    "memorysetup-temp-allocator-size-gfx=262144"
    "memorysetup-allocator-temp-initial-block-size-main=262144"
    "memorysetup-allocator-temp-initial-block-size-worker=262144"
    "memorysetup-temp-allocator-size-background-worker=32768"
    "memorysetup-temp-allocator-size-job-worker=262144"
    "memorysetup-temp-allocator-size-preload-manager=33554432"
    "memorysetup-temp-allocator-size-gi-baking-worker=262144"
    "memorysetup-temp-allocator-size-gi-baking-worker=262144"
    "memorysetup-temp-allocator-size-gi-baking-worker=262144"
    "memorysetup-temp-allocator-size-gi-baking-worker=262144"
    "memorysetup-temp-allocator-size-gi-baking-worker=262144"
    "memorysetup-bucket-allocator-granularity=16"
    "memorysetup-bucket-allocator-bucket-count=8"
    "memorysetup-bucket-allocator-block-size=33554432"
    "memorysetup-bucket-allocator-block-count=8"
    "memorysetup-main-allocator-block-size=16777216"
    "memorysetup-thread-allocator-block-size=16777216"
    "memorysetup-gfx-main-allocator-block-size=16777216"
    "memorysetup-gfx-thread-allocator-block-size=16777216"
    "memorysetup-cache-allocator-block-size=4194304"
    "memorysetup-typetree-allocator-block-size=2097152"
    "memorysetup-profiler-bucket-allocator-granularity=16"
    "memorysetup-profiler-bucket-allocator-bucket-count=8"
    "memorysetup-profiler-bucket-allocator-block-size=33554432"
    "memorysetup-profiler-bucket-allocator-block-count=8"
    "memorysetup-profiler-allocator-block-size=16777216"
    "memorysetup-profiler-editor-allocator-block-size=1048576"
    "memorysetup-temp-allocator-size-main=16777216"
    "memorysetup-job-temp-allocator-block-size=2097152"
    "memorysetup-job-temp-allocator-block-size-background=1048576"
    "memorysetup-job-temp-allocator-reduction-small-platforms=262144"
    "memorysetup-temp-allocator-size-cloud-worker=32768"
Player connection [62796]  Target information:

Player connection [62796]  * "[IP] 192.168.56.1 [Port] 55504 [Flags] 2 [Guid] 432419318 [EditorId] 432419318 [Version] 1048832 [Id] WindowsEditor(7,Ben0928) [Debug] 1 [PackageName] WindowsEditor [ProjectName] Editor" 

Player connection [62796]  * "[IP] 203.0.144.52 [Port] 55504 [Flags] 2 [Guid] 432419318 [EditorId] 432419318 [Version] 1048832 [Id] WindowsEditor(7,Ben0928) [Debug] 1 [PackageName] WindowsEditor [ProjectName] Editor" 

Player connection [62796] Host joined multi-casting on [225.0.0.222:54997]...
Player connection [62796] Host joined alternative multi-casting on [225.0.0.222:34997]...
Input System module state changed to: Initialized.
[Physics::Module] Initialized fallback backend.
[Physics::Module] Id: 0xdecafbad
[Package Manager] Connected to IPC stream "Upm-65108" after 0.2 seconds.
[Licensing::Client] Successfully resolved entitlement details
Library Redirect Path: Library/
[Physics::Module] Selected backend.
[Physics::Module] Name: PhysX
[Physics::Module] Id: 0xf2b8ea05
[Physics::Module] SDK Version: 4.1.2
[Physics::Module] Integration Version: 1.0.0
[Physics::Module] Threading Mode: Multi-Threaded
Refreshing native plugins compatible for Editor in 0.35 ms, found 0 plugins.
Preloading 0 native plugins for Editor in 0.00 ms.
Initialize engine version: 6000.3.20f1 (c9ba695d4f07)
[Subsystems] Discovering subsystems at path C:/Program Files/Unity/Hub/Editor/6000.3.20f1/Editor/Data/Resources/UnitySubsystems
[Subsystems] Discovering subsystems at path C:/CutMyBodyPlease/Unity/AnatomyXR/Assets
Forcing GfxDevice: Null
GfxDevice: creating device client; kGfxThreadingModeNonThreaded
NullGfxDevice:
    Version:  NULL 1.0 [1.0]
    Renderer: Null Device
    Vendor:   Unity Technologies
Initialize mono
Mono path[0] = 'C:/Program Files/Unity/Hub/Editor/6000.3.20f1/Editor/Data/Managed'
Mono path[1] = 'C:/Program Files/Unity/Hub/Editor/6000.3.20f1/Editor/Data/MonoBleedingEdge/lib/mono/unityjit-win32'
Mono config path = 'C:/Program Files/Unity/Hub/Editor/6000.3.20f1/Editor/Data/MonoBleedingEdge/etc'
Using monoOptions --debugger-agent=transport=dt_socket,embedding=1,server=y,suspend=n,address=127.0.0.1:56108
Using cacheserver namespaces - metadata:defaultmetadata, artifacts:defaultartifacts
Using cacheserver namespaces - metadata:defaultmetadata, artifacts:defaultartifacts
ImportWorker Server TCP listen port: 0
AcceleratorClientConnectionCallback - disconnected - :0
Begin MonoManager ReloadAssembly
Registering precompiled unity dll's ...
Register platform support module: C:/Program Files/Unity/Hub/Editor/6000.3.20f1/Editor/Data/PlaybackEngines/WindowsStandaloneSupport/UnityEditor.WindowsStandalone.Extensions.dll
Registered in 0.001156 seconds.
- Loaded All Assemblies, in  0.291 seconds
Native extension for WindowsStandalone target not found
Package Manager log level set to [2]
ScheduleIndexationOnStartup MainProcess:False IndexOnStartup:True
Mono: successfully reloaded assembly
- Finished resetting the current domain, in  0.279 seconds
Domain Reload Profiling: 568ms
	BeginReloadAssembly (98ms)
		ExecutionOrderSort (0ms)
		DisableScriptedObjects (0ms)
		BackupInstance (0ms)
		ReleaseScriptingObjects (0ms)
		CreateAndSetChildDomain (11ms)
	RebuildCommonClasses (30ms)
	RebuildNativeTypeToScriptingClass (9ms)
	initialDomainReloadingComplete (32ms)
	LoadAllAssembliesAndSetupDomain (121ms)
		LoadAssemblies (85ms)
		RebuildTransferFunctionScriptingTraits (0ms)
		AnalyzeDomain (118ms)
			TypeCache.Refresh (116ms)
				TypeCache.ScanAssembly (106ms)
			BuildScriptInfoCaches (0ms)
			ResolveRequiredComponents (0ms)
	FinalizeReload (279ms)
		ReleaseScriptCaches (0ms)
		RebuildScriptCaches (0ms)
		SetupLoadedEditorAssemblies (252ms)
			LogAssemblyErrors (0ms)
			InitializePlatformSupportModulesInManaged (34ms)
			SetLoadedEditorAssemblies (3ms)
			BeforeProcessingInitializeOnLoad (55ms)
			ProcessInitializeOnLoadAttributes (103ms)
			ProcessInitializeOnLoadMethodAttributes (58ms)
			AfterProcessingInitializeOnLoad (0ms)
			EditorAssembliesLoaded (0ms)
		ExecutionOrderSort2 (0ms)
		AwakeInstancesAfterBackupRestoration (0ms)
[Licensing::Client] Successfully resolved entitlement details
Application.AssetDatabase Initial Refresh Start
[Package Manager] Restoring resolved packages state from cache
[Licensing::Client] Successfully resolved entitlement details
[Package Manager] Registered 55 packages:
  Packages from [https://packages.unity.com]:
    com.unity.inputsystem@1.20.0 (location: C:\CutMyBodyPlease\Unity\AnatomyXR\Library\PackageCache\com.unity.inputsystem@7a4e1a2a8194)
    com.unity.xr.interaction.toolkit@3.5.1 (location: C:\CutMyBodyPlease\Unity\AnatomyXR\Library\PackageCache\com.unity.xr.interaction.toolkit@63ca3b7ce776)
    com.unity.xr.management@4.7.0 (location: C:\CutMyBodyPlease\Unity\AnatomyXR\Library\PackageCache\com.unity.xr.management@2ad85c7dd480)
    com.unity.xr.openxr@1.17.1 (location: C:\CutMyBodyPlease\Unity\AnatomyXR\Library\PackageCache\com.unity.xr.openxr@58837b2992e0)
    com.unity.xr.core-utils@2.6.0 (location: C:\CutMyBodyPlease\Unity\AnatomyXR\Library\PackageCache\com.unity.xr.core-utils@a8b900321199)
    com.unity.xr.legacyinputhelpers@2.1.13 (location: C:\CutMyBodyPlease\Unity\AnatomyXR\Library\PackageCache\com.unity.xr.legacyinputhelpers@9535ff2c27ac)
    com.unity.mathematics@1.3.3 (location: C:\CutMyBodyPlease\Unity\AnatomyXR\Library\PackageCache\com.unity.mathematics@19a9377c4ffa)
    com.unity.searcher@4.9.4 (location: C:\CutMyBodyPlease\Unity\AnatomyXR\Library\PackageCache\com.unity.searcher@d45a78918735)
    com.unity.burst@1.8.29 (location: C:\CutMyBodyPlease\Unity\AnatomyXR\Library\PackageCache\com.unity.burst@6bb9aca3ef38)
    com.unity.collections@2.6.6 (location: C:\CutMyBodyPlease\Unity\AnatomyXR\Library\PackageCache\com.unity.collections@9796e5ee0d9e)
    com.unity.nuget.mono-cecil@1.11.6 (location: C:\CutMyBodyPlease\Unity\AnatomyXR\Library\PackageCache\com.unity.nuget.mono-cecil@ecb9724e46ff)
    com.unity.test-framework.performance@3.5.0 (location: C:\CutMyBodyPlease\Unity\AnatomyXR\Library\PackageCache\com.unity.test-framework.performance@8b56083ec0f0)
  Built-in packages:
    com.unity.render-pipelines.universal@17.3.0 (location: C:\CutMyBodyPlease\Unity\AnatomyXR\Library\PackageCache\com.unity.render-pipelines.universal@37e06a5b08b3)
    com.unity.modules.accessibility@1.0.0 (location: C:\CutMyBodyPlease\Unity\AnatomyXR\Library\PackageCache\com.unity.modules.accessibility)
    com.unity.modules.adaptiveperformance@1.0.0 (location: C:\CutMyBodyPlease\Unity\AnatomyXR\Library\PackageCache\com.unity.modules.adaptiveperformance)
    com.unity.modules.ai@1.0.0 (location: C:\CutMyBodyPlease\Unity\AnatomyXR\Library\PackageCache\com.unity.modules.ai)
    com.unity.modules.androidjni@1.0.0 (location: C:\CutMyBodyPlease\Unity\AnatomyXR\Library\PackageCache\com.unity.modules.androidjni)
    com.unity.modules.animation@1.0.0 (location: C:\CutMyBodyPlease\Unity\AnatomyXR\Library\PackageCache\com.unity.modules.animation)
    com.unity.modules.assetbundle@1.0.0 (location: C:\CutMyBodyPlease\Unity\AnatomyXR\Library\PackageCache\com.unity.modules.assetbundle)
    com.unity.modules.audio@1.0.0 (location: C:\CutMyBodyPlease\Unity\AnatomyXR\Library\PackageCache\com.unity.modules.audio)
    com.unity.modules.cloth@1.0.0 (location: C:\CutMyBodyPlease\Unity\AnatomyXR\Library\PackageCache\com.unity.modules.cloth)
    com.unity.modules.director@1.0.0 (location: C:\CutMyBodyPlease\Unity\AnatomyXR\Library\PackageCache\com.unity.modules.director)
    com.unity.modules.imageconversion@1.0.0 (location: C:\CutMyBodyPlease\Unity\AnatomyXR\Library\PackageCache\com.unity.modules.imageconversion)
    com.unity.modules.imgui@1.0.0 (location: C:\CutMyBodyPlease\Unity\AnatomyXR\Library\PackageCache\com.unity.modules.imgui)
    com.unity.modules.jsonserialize@1.0.0 (location: C:\CutMyBodyPlease\Unity\AnatomyXR\Library\PackageCache\com.unity.modules.jsonserialize)
    com.unity.modules.particlesystem@1.0.0 (location: C:\CutMyBodyPlease\Unity\AnatomyXR\Library\PackageCache\com.unity.modules.particlesystem)
    com.unity.modules.physics@1.0.0 (location: C:\CutMyBodyPlease\Unity\AnatomyXR\Library\PackageCache\com.unity.modules.physics)
    com.unity.modules.physics2d@1.0.0 (location: C:\CutMyBodyPlease\Unity\AnatomyXR\Library\PackageCache\com.unity.modules.physics2d)
    com.unity.modules.screencapture@1.0.0 (location: C:\CutMyBodyPlease\Unity\AnatomyXR\Library\PackageCache\com.unity.modules.screencapture)
    com.unity.modules.terrain@1.0.0 (location: C:\CutMyBodyPlease\Unity\AnatomyXR\Library\PackageCache\com.unity.modules.terrain)
    com.unity.modules.terrainphysics@1.0.0 (location: C:\CutMyBodyPlease\Unity\AnatomyXR\Library\PackageCache\com.unity.modules.terrainphysics)
    com.unity.modules.tilemap@1.0.0 (location: C:\CutMyBodyPlease\Unity\AnatomyXR\Library\PackageCache\com.unity.modules.tilemap)
    com.unity.modules.ui@1.0.0 (location: C:\CutMyBodyPlease\Unity\AnatomyXR\Library\PackageCache\com.unity.modules.ui)
    com.unity.modules.uielements@1.0.0 (location: C:\CutMyBodyPlease\Unity\AnatomyXR\Library\PackageCache\com.unity.modules.uielements)
    com.unity.modules.umbra@1.0.0 (location: C:\CutMyBodyPlease\Unity\AnatomyXR\Library\PackageCache\com.unity.modules.umbra)
    com.unity.modules.unityanalytics@1.0.0 (location: C:\CutMyBodyPlease\Unity\AnatomyXR\Library\PackageCache\com.unity.modules.unityanalytics)
    com.unity.modules.unitywebrequest@1.0.0 (location: C:\CutMyBodyPlease\Unity\AnatomyXR\Library\PackageCache\com.unity.modules.unitywebrequest)
    com.unity.modules.unitywebrequestassetbundle@1.0.0 (location: C:\CutMyBodyPlease\Unity\AnatomyXR\Library\PackageCache\com.unity.modules.unitywebrequestassetbundle)
    com.unity.modules.unitywebrequestaudio@1.0.0 (location: C:\CutMyBodyPlease\Unity\AnatomyXR\Library\PackageCache\com.unity.modules.unitywebrequestaudio)
    com.unity.modules.unitywebrequesttexture@1.0.0 (location: C:\CutMyBodyPlease\Unity\AnatomyXR\Library\PackageCache\com.unity.modules.unitywebrequesttexture)
    com.unity.modules.unitywebrequestwww@1.0.0 (location: C:\CutMyBodyPlease\Unity\AnatomyXR\Library\PackageCache\com.unity.modules.unitywebrequestwww)
    com.unity.modules.vectorgraphics@1.0.0 (location: C:\CutMyBodyPlease\Unity\AnatomyXR\Library\PackageCache\com.unity.modules.vectorgraphics)
    com.unity.modules.vehicles@1.0.0 (location: C:\CutMyBodyPlease\Unity\AnatomyXR\Library\PackageCache\com.unity.modules.vehicles)
    com.unity.modules.video@1.0.0 (location: C:\CutMyBodyPlease\Unity\AnatomyXR\Library\PackageCache\com.unity.modules.video)
    com.unity.modules.vr@1.0.0 (location: C:\CutMyBodyPlease\Unity\AnatomyXR\Library\PackageCache\com.unity.modules.vr)
    com.unity.modules.wind@1.0.0 (location: C:\CutMyBodyPlease\Unity\AnatomyXR\Library\PackageCache\com.unity.modules.wind)
    com.unity.modules.xr@1.0.0 (location: C:\CutMyBodyPlease\Unity\AnatomyXR\Library\PackageCache\com.unity.modules.xr)
    com.unity.modules.subsystems@1.0.0 (location: C:\CutMyBodyPlease\Unity\AnatomyXR\Library\PackageCache\com.unity.modules.subsystems)
    com.unity.modules.hierarchycore@1.0.0 (location: C:\CutMyBodyPlease\Unity\AnatomyXR\Library\PackageCache\com.unity.modules.hierarchycore)
    com.unity.ugui@2.0.0 (location: C:\CutMyBodyPlease\Unity\AnatomyXR\Library\PackageCache\com.unity.ugui@e20f1880fa04)
    com.unity.render-pipelines.core@17.3.0 (location: C:\CutMyBodyPlease\Unity\AnatomyXR\Library\PackageCache\com.unity.render-pipelines.core@731b06833851)
    com.unity.shadergraph@17.3.0 (location: C:\CutMyBodyPlease\Unity\AnatomyXR\Library\PackageCache\com.unity.shadergraph@fe0f710ccc2d)
    com.unity.render-pipelines.universal-config@17.0.3 (location: C:\CutMyBodyPlease\Unity\AnatomyXR\Library\PackageCache\com.unity.render-pipelines.universal-config@8dc1aab4af1d)
    com.unity.test-framework@1.6.0 (location: C:\CutMyBodyPlease\Unity\AnatomyXR\Library\PackageCache\com.unity.test-framework@bd7f943e9647)
    com.unity.ext.nunit@2.0.5 (location: C:\CutMyBodyPlease\Unity\AnatomyXR\Library\PackageCache\com.unity.ext.nunit@d8c07649098d)
[Subsystems] Looking for new subsystems at path C:\CutMyBodyPlease\Unity\AnatomyXR\Library\PackageCache\com.unity.xr.openxr@58837b2992e0
[Subsystems] Novel subsystem found at Library/PackageCache/com.unity.xr.openxr@58837b2992e0/Runtime/UnitySubsystemsManifest.json
[Subsystems] Discovering subsystems at path C:/Program Files/Unity/Hub/Editor/6000.3.20f1/Editor/Data/Resources/UnitySubsystems
[Subsystems] Discovering subsystems at path C:/CutMyBodyPlease/Unity/AnatomyXR/Assets
[Subsystems] Discovering subsystems at path C:\CutMyBodyPlease\Unity\AnatomyXR\Library\PackageCache\com.unity.xr.openxr@58837b2992e0
[Subsystems] No descriptors matched for  examples in Library/PackageCache/com.unity.xr.openxr@58837b2992e0/Runtime/UnitySubsystemsManifest.json.
[Subsystems] 1 'inputs' descriptors matched in Library/PackageCache/com.unity.xr.openxr@58837b2992e0/Runtime/UnitySubsystemsManifest.json
[Subsystems] 1 'displays' descriptors matched in Library/PackageCache/com.unity.xr.openxr@58837b2992e0/Runtime/UnitySubsystemsManifest.json
[Subsystems] No descriptors matched for  meshings in Library/PackageCache/com.unity.xr.openxr@58837b2992e0/Runtime/UnitySubsystemsManifest.json.
[Package Manager] Done registering packages in 0.01 seconds
[ScriptCompilation] Requested script compilation because: Assetdatabase observed changes in script compilation related files
Starting: C:\Program Files\Unity\Hub\Editor\6000.3.20f1\Editor\Data\Tools\BuildPipeline\bee_backend.exe --ipc --defer-dag-verification --dagfile="Library/Bee/1900b0aE.dag" --continue-on-failure --profile="Library/Bee/backend1.traceevents" ScriptAssemblies
WorkingDir: C:/CutMyBodyPlease/Unity/AnatomyXR
DisplayProgressbar: Compiling Scripts
ExitCode: 0 Duration: 0s836ms
[707/911    0s] ILPP-Configuration Library/ilpp-configuration.nevergeneratedoutput
[903/911    0s] Csc Library/Bee/artifacts/1900b0aE.dag/Assembly-CSharp.dll (+2 others)
[904/911    0s] Csc Library/Bee/artifacts/1900b0aE.dag/Assembly-CSharp-Editor.dll (+2 others)
[905/911    0s] ILPostProcess Library/Bee/artifacts/1900b0aE.dag/post-processed/Assembly-CSharp.dll (+pdb)
Processing assembly Library/Bee/artifacts/1900b0aE.dag/Assembly-CSharp.dll, with 139 defines and 316 references

processors: Unity.Jobs.CodeGen.JobsILPostProcessor, zzzUnity.Burst.CodeGen.BurstILPostProcessor

running Unity.Jobs.CodeGen.JobsILPostProcessor

running zzzUnity.Burst.CodeGen.BurstILPostProcessor
[906/911    0s] ILPostProcess Library/Bee/artifacts/1900b0aE.dag/post-processed/Assembly-CSharp-Editor.dll (+pdb)
Processing assembly Library/Bee/artifacts/1900b0aE.dag/Assembly-CSharp-Editor.dll, with 137 defines and 328 references

processors: Unity.Jobs.CodeGen.JobsILPostProcessor, zzzUnity.Burst.CodeGen.BurstILPostProcessor

running Unity.Jobs.CodeGen.JobsILPostProcessor

running zzzUnity.Burst.CodeGen.BurstILPostProcessor
[907/911    0s] CopyFiles Library/ScriptAssemblies/Assembly-CSharp.dll
[908/911    0s] CopyFiles Library/ScriptAssemblies/Assembly-CSharp.pdb
[909/911    0s] CopyFiles Library/ScriptAssemblies/Assembly-CSharp-Editor.pdb
[910/911    0s] CopyFiles Library/ScriptAssemblies/Assembly-CSharp-Editor.dll
*** Tundra build success (0.80 seconds), 9 items updated, 911 evaluated
AssetDatabase: script compilation time: 1.260042s
Begin MonoManager ReloadAssembly
- Loaded All Assemblies, in  0.632 seconds
Refreshing native plugins compatible for Editor in 2.57 ms, found 6 plugins.
Native extension for WindowsStandalone target not found
ScheduleIndexationOnStartup MainProcess:True IndexOnStartup:True
Mono: successfully reloaded assembly
- Finished resetting the current domain, in  2.314 seconds
Domain Reload Profiling: 2944ms
	BeginReloadAssembly (296ms)
		ExecutionOrderSort (0ms)
		DisableScriptedObjects (52ms)
		BackupInstance (0ms)
		ReleaseScriptingObjects (0ms)
		CreateAndSetChildDomain (133ms)
	RebuildCommonClasses (31ms)
	RebuildNativeTypeToScriptingClass (9ms)
	initialDomainReloadingComplete (18ms)
	LoadAllAssembliesAndSetupDomain (273ms)
		LoadAssemblies (225ms)
		RebuildTransferFunctionScriptingTraits (0ms)
		AnalyzeDomain (124ms)
			TypeCache.Refresh (83ms)
				TypeCache.ScanAssembly (75ms)
			BuildScriptInfoCaches (31ms)
			ResolveRequiredComponents (7ms)
	FinalizeReload (2315ms)
		ReleaseScriptCaches (0ms)
		RebuildScriptCaches (0ms)
		SetupLoadedEditorAssemblies (2125ms)
			LogAssemblyErrors (0ms)
			InitializePlatformSupportModulesInManaged (14ms)
			SetLoadedEditorAssemblies (2ms)
			BeforeProcessingInitializeOnLoad (124ms)
			ProcessInitializeOnLoadAttributes (1777ms)
			ProcessInitializeOnLoadMethodAttributes (203ms)
			AfterProcessingInitializeOnLoad (3ms)
			EditorAssembliesLoaded (1ms)
		ExecutionOrderSort2 (0ms)
		AwakeInstancesAfterBackupRestoration (24ms)
Start importing Assets/XR/Settings/OpenXR Package Settings.asset using Guid(2269e0d3307f61742a4f8c45d914c72a) (NativeFormatImporter) -> (artifact id: '884c1a24e0b42c0538e3cbb5161e9a65') in 0.006868 seconds
Refreshing native plugins compatible for Editor in 2.52 ms, found 6 plugins.
Preloading 0 native plugins for Editor in 0.00 ms.
Asset Pipeline Refresh (id=7ea0f28fd40a1a4439bf4853ff95705f): Total: 4.894 seconds - Initiated by InitialRefreshV2(ForceSynchronousImport)
	Summary:
		Imports: total=1 (actual=1, local cache=0, cache server=0)
		Asset DB Process Time: managed=2 ms, native=2733 ms
		Asset DB Callback time: managed=210 ms, native=20 ms
		Scripting: domain reloads=1, domain reload time=632 ms, compile time=1261 ms, other=33 ms
		Project Asset Count: scripts=1211, non-scripts=1985
		Asset File Changes: new=0, changed=3, moved=0, deleted=0
		Scan Filter Count: 0
	InvokeCustomDependenciesCallbacks: 0.001ms
	InvokePackagesCallback: 16.970ms
	ApplyChangesToAssetFolders: 0.538ms
	Scan: 190.370ms
	OnSourceAssetsModified: 0.781ms
	CategorizeAssetsWithTransientArtifact: 23.212ms
	ProcessAssetsWithTransientArtifactChanges: 47.454ms
	CategorizeAssets: 39.672ms
	ImportOutOfDateAssets: 2333.732ms (1062.289ms without children)
		ImportManagerImport: 8.308ms (1.131ms without children)
			ImportInProcess: 7.162ms
			UpdateCategorizedAssets: 0.016ms
		CompileScripts: 1261.320ms
		ReloadNativeAssets: 0.025ms
		UnloadImportedAssets: 0.618ms
		ReloadImportedAssets: 0.144ms
		EnsureUptoDateAssetsAreRegisteredWithGuidPM: 0.388ms
		InitializingProgressBar: 0.006ms
		PostProcessAllAssetNotificationsAddChangedAssets: 0.001ms
		OnDemandSchedulerStart: 0.636ms
	PostProcessAllAssets: 210.864ms
	Hotreload: 3.427ms
	GatherAllCurrentPrimaryArtifactRevisions: 0.003ms
	UnloadStreamsBegin: 2.097ms
	PersistCurrentRevisions: 0.111ms
	UnloadStreamsEnd: 0.001ms
	GenerateScriptTypeHashes: 2.733ms
	Untracked: 2024.291ms

Application.AssetDatabase Initial Refresh End
Scanning for USB devices : 1.278ms
Initializing Unity extensions:
[MODES] ModeService[none].Initialize
[MODES] ModeService[none].LoadModes
[MODES] Loading mode Default (0) for mode-current-id-Anatomy XR Hospital
Unloading 23 Unused Serialized files (Serialized files now loaded: 0)
Unloading 4790 unused Assets / (2.5 MB). Loaded Objects now: 5666.
Memory consumption went from 213.1 MB to 210.6 MB.
Total: 7.402200 ms (FindLiveObjects: 0.402800 ms CreateObjectMapping: 0.318400 ms MarkObjects: 5.379600 ms  DeleteObjects: 1.300300 ms)

Refreshing native plugins compatible for Editor in 2.19 ms, found 6 plugins.
Preloading 0 native plugins for Editor in 0.00 ms.
Asset Pipeline Refresh (id=1dd11d0d90f1b64459895b93d100c578): Total: 0.043 seconds - Initiated by StopAssetImportingV2(NoUpdateAssetOptions)
Start importing Assets/HospitalInterior/PreProduction/I1/R03/S3D/Input/HospitalInterior_S3D_R03_Actions.inputactions using Guid(a527821989441ee4093ce338f30590cd) (ScriptedImporter) -> (artifact id: '525b9e817e380e10b06baecfbdd72302') in 0.0152846 seconds
Refreshing native plugins compatible for Editor in 2.23 ms, found 6 plugins.
Preloading 0 native plugins for Editor in 0.00 ms.
Asset Pipeline Refresh (id=959105be3cdd5f74faaca80ab70ff9a5): Total: 0.054 seconds - Initiated by StopAssetImportingV2(NoUpdateAssetOptions)
Opening scene 'Assets/HospitalInterior/PreProduction/I1/R03/Scenes/HospitalInterior_S3C_R03_E01Travel_SIM_LOCAL.unity'
Unloading 16 Unused Serialized files (Serialized files now loaded: 0)
Loaded scene 'Assets/HospitalInterior/PreProduction/I1/R03/Scenes/HospitalInterior_S3C_R03_E01Travel_SIM_LOCAL.unity'
	Deserialize:            12.792 ms
	Integration:            210.259 ms
	Integration of assets:  0.045 ms
	Thread Wait Time:       0.008 ms
	Total Operation Time:   223.105 ms
Unloading 35 unused Assets / (8.5 KB). Loaded Objects now: 7323.
Memory consumption went from 166.7 MB to 166.7 MB.
Total: 5.480300 ms (FindLiveObjects: 0.315300 ms CreateObjectMapping: 0.116600 ms MarkObjects: 5.005100 ms  DeleteObjects: 0.042600 ms)

Start importing Assets/HospitalInterior/PreProduction/I1/R03/S3D/Materials/MAT_S3D_ControllerRight.mat using Guid(809e47e29278b2a469d0bbb41187f5cd) (NativeFormatImporter) -> (artifact id: '77d7d14fcb2e2e79aa7c902a1b5d31a3') in 0.0010814 seconds
Start importing Assets/HospitalInterior/PreProduction/I1/R03/S3D/Materials/MAT_S3D_TeleportInvalid.mat using Guid(f00c9dd0c7a10be439822fb51570c517) (NativeFormatImporter) -> (artifact id: '031266d261e6dacc22cb03bc0f7dbd14') in 0.0011863 seconds
Start importing Assets/HospitalInterior/PreProduction/I1/R03/S3D/Materials/MAT_S3D_InteractionRay.mat using Guid(b68b1129b98c0024eb42d5e1f86fe457) (NativeFormatImporter) -> (artifact id: 'd7df329809b4d94ef074946d2432f577') in 0.0011363 seconds
Start importing Assets/HospitalInterior/PreProduction/I1/R03/S3D/Materials/MAT_S3D_ControllerLeft.mat using Guid(78ad151fbe5a31940b59eec4a0c6faf0) (NativeFormatImporter) -> (artifact id: '917a6dd1ec7ba07021e5fa86a8168cbf') in 0.0010296 seconds
Start importing Assets/HospitalInterior/PreProduction/I1/R03/S3D/Materials/MAT_S3D_TeleportLine.mat using Guid(bdb45b285c4c4634db39813626cf0e05) (NativeFormatImporter) -> (artifact id: 'a17e8b65df44c7eb4b2b99cc893992e4') in 0.0010038 seconds
Start importing Assets/HospitalInterior/PreProduction/I1/R03/S3D/Materials/MAT_S3D_TeleportValid.mat using Guid(cf2968ab010599f4ebf10f3b2636fe19) (NativeFormatImporter) -> (artifact id: '9ad74e978daec013aa8a12e92faa6119') in 0.0009083 seconds
Refreshing native plugins compatible for Editor in 1.97 ms, found 6 plugins.
Preloading 0 native plugins for Editor in 0.00 ms.
Asset Pipeline Refresh (id=f28a346c10e0b1c48bfcb38684b50e37): Total: 0.022 seconds - Initiated by StopAssetImportingV2(NoUpdateAssetOptions)
Start importing Assets/HospitalInterior/PreProduction/I1/R03/Scenes/HospitalInterior_S3D_R03_FullTechnicalIntegration.unity using Guid(3a7fc2d1da5ea0c4baabb0571c58a404) (DefaultImporter) -> (artifact id: '453d7754594ae1c33ba702f3fe7fbb28') in 0.000758 seconds
Refreshing native plugins compatible for Editor in 2.08 ms, found 6 plugins.
Preloading 0 native plugins for Editor in 0.00 ms.
Asset Pipeline Refresh (id=8a55a1878a2c4024fbb4e1175907a824): Total: 0.022 seconds - Initiated by StopAssetImportingV2(NoUpdateAssetOptions)
Opening scene 'Assets/HospitalInterior/PreProduction/I1/R03/Scenes/HospitalInterior_S3D_R03_FullTechnicalIntegration.unity'
Unloading 24 Unused Serialized files (Serialized files now loaded: 0)
Loaded scene 'Assets/HospitalInterior/PreProduction/I1/R03/Scenes/HospitalInterior_S3D_R03_FullTechnicalIntegration.unity'
	Deserialize:            5.506 ms
	Integration:            105.923 ms
	Integration of assets:  0.004 ms
	Thread Wait Time:       0.035 ms
	Total Operation Time:   111.468 ms
Unloading 182 unused Assets / (56.4 KB). Loaded Objects now: 7326.
Memory consumption went from 202.1 MB to 202.1 MB.
Total: 5.068300 ms (FindLiveObjects: 0.295000 ms CreateObjectMapping: 0.102300 ms MarkObjects: 4.466500 ms  DeleteObjects: 0.204000 ms)

Your project uses a scriptable render pipeline. You can use Camera.stereoTargetEye only with the built-in renderer.
UnityEngine.Debug:ExtractStackTraceNoAlloc (byte*,int,string)
UnityEngine.StackTraceUtility:ExtractStackTrace ()
UnityEngine.DebugLogHandler:Internal_Log (UnityEngine.LogType,UnityEngine.LogOption,string,UnityEngine.Object)
UnityEngine.DebugLogHandler:LogFormat (UnityEngine.LogType,UnityEngine.Object,string,object[])
UnityEngine.Logger:Log (UnityEngine.LogType,object)
UnityEngine.Debug:LogWarning (object)
UnityEngine.Camera:set_stereoTargetEye (UnityEngine.StereoTargetEyeMask)
CutMyBodyPlease.HospitalInterior.PreProduction.I1.R03.Editor.HospitalInteriorS3DR03Builder:BuildIntegrationScene (UnityEngine.InputSystem.InputActionAsset,CutMyBodyPlease.HospitalInterior.PreProduction.I1.R03.Editor.HospitalInteriorS3DR03Builder/MaterialSet) (at Assets/HospitalInterior/PreProduction/I1/R03/Editor/HospitalInteriorS3DR03Builder.cs:278)
CutMyBodyPlease.HospitalInterior.PreProduction.I1.R03.Editor.HospitalInteriorS3DR03Builder:BuildStage () (at Assets/HospitalInterior/PreProduction/I1/R03/Editor/HospitalInteriorS3DR03Builder.cs:144)
CutMyBodyPlease.HospitalInterior.PreProduction.I1.R03.Editor.HospitalInteriorS3DR03Builder:BuildStageBatch () (at Assets/HospitalInterior/PreProduction/I1/R03/Editor/HospitalInteriorS3DR03Builder.cs:167)

(Filename: Assets/HospitalInterior/PreProduction/I1/R03/Editor/HospitalInteriorS3DR03Builder.cs Line: 278)

Start importing Assets/HospitalInterior/PreProduction/I1/R03/Scenes/HospitalInterior_S3D_R03_FullTechnicalIntegration.unity using Guid(3a7fc2d1da5ea0c4baabb0571c58a404) (DefaultImporter) -> (artifact id: 'e5752e55b42d24607faefa30bf471b6d') in 0.0006934 seconds
Refreshing native plugins compatible for Editor in 1.83 ms, found 6 plugins.
Preloading 0 native plugins for Editor in 0.00 ms.
Asset Pipeline Refresh (id=70917e5a0aeb1924a975bfb404d8f471): Total: 0.024 seconds - Initiated by StopAssetImportingV2(NoUpdateAssetOptions)
Asset Pipeline Refresh (id=12b0576348a4df64e8a53ea47b00963b): Total: 0.007 seconds - Initiated by RefreshV2(NoUpdateAssetOptions)
HOSPITAL_INTERIOR_R03_S3D_BUILD=PASS; Assets/HospitalInterior/PreProduction/I1/R03/Scenes/HospitalInterior_S3D_R03_FullTechnicalIntegration.unity
UnityEngine.Debug:ExtractStackTraceNoAlloc (byte*,int,string)
UnityEngine.StackTraceUtility:ExtractStackTrace ()
UnityEngine.DebugLogHandler:Internal_Log (UnityEngine.LogType,UnityEngine.LogOption,string,UnityEngine.Object)
UnityEngine.DebugLogHandler:LogFormat (UnityEngine.LogType,UnityEngine.Object,string,object[])
UnityEngine.Logger:Log (UnityEngine.LogType,object)
UnityEngine.Debug:Log (object)
CutMyBodyPlease.HospitalInterior.PreProduction.I1.R03.Editor.HospitalInteriorS3DR03Builder:BuildStage () (at Assets/HospitalInterior/PreProduction/I1/R03/Editor/HospitalInteriorS3DR03Builder.cs:162)
CutMyBodyPlease.HospitalInterior.PreProduction.I1.R03.Editor.HospitalInteriorS3DR03Builder:BuildStageBatch () (at Assets/HospitalInterior/PreProduction/I1/R03/Editor/HospitalInteriorS3DR03Builder.cs:167)

(Filename: Assets/HospitalInterior/PreProduction/I1/R03/Editor/HospitalInteriorS3DR03Builder.cs Line: 162)

[Physics::Module] Cleanup current backend.
[Physics::Module] Id: 0xf2b8ea05
Input System module state changed to: ShutdownInProgress.
Input System polling thread exited.
Input System module state changed to: Shutdown.
[Licensing::IpcConnector] LicenseClient-benli-notifications channel disconnected successfully.
[Licensing::IpcConnector] LicenseClient-benli channel disconnected successfully.
AcceleratorClientConnectionCallback - disconnected - :0
Cleanup mono
Checking for leaked weakptr:
  Found no leaked weakptrs.
[Package Manager] Server process was shutdown
##utp:{"type":"MemoryLeaks","version":2,"phase":"Immediate","time":1787033818454,"processId":65108,"allocatedMemory":14487589,"memoryLabels":[{"Default":29313},{"Permanent":15236},{"NewDelete":67643},{"Thread":4230344},{"Manager":38877},{"VertexData":8},{"Geometry":816},{"Texture":160},{"Shader":79381},{"Material":24},{"GfxDevice":55872},{"Animation":392},{"Audio":3040},{"FreeType":8},{"FontEngine":736},{"Physics":2146},{"Physics2D":16},{"Serialization":656},{"Input":14984},{"JobScheduler":33024},{"TextLib":280},{"Mono":32},{"MonoCode":64},{"ScriptingNativeRuntime":155060},{"BaseObject":1620208},{"Resource":1336},{"Renderer":3000},{"Transform":4685},{"File":56883},{"WebCam":616},{"Culling":32},{"Terrain":11394},{"Wind":24},{"STL":40},{"String":16870},{"DynamicArray":115219},{"HashMap":92396},{"Utility":2662454},{"Curl":2559},{"PoolAlloc":2152},{"AI":80},{"TypeTree":11341},{"ScriptManager":512},{"RuntimeInitializeOnLoadManager":64},{"SpriteAtlas":112},{"GI":7792},{"Director":8240},{"CloudService":8208},{"WebRequest":552},{"VR":48138},{"SceneManager":504},{"Video":64},{"LazyScriptCache":32},{"Camera":17},{"Secure":2377},{"SerializationCache":1576},{"APIUpdating":10320},{"Subsystems":192},{"VirtualTexturing":57888},{"StaticSafetyDebugInfo":278528},{"Analytics":640},{"Hierarchy":608},{"CoreStats":13112},{"Identifiers":6480},{"Gui":96},{"EditorUtility":116211},{"VersionControl":4},{"Undo":947},{"AssetDatabase":4549146},{"EditorGi":328},{"UnityConnect":29208},{"Upm":1896},{"AssetCompliance":64},{"DrivenProperties":72},{"LocalIPC":260},{"ProfilerEditor":9746},{"CoreBusinessMetrics":3518},{"Licensing":776},{"AssetReference":32},{"IPCStream":32}]}
~StackAllocator(ALLOC_TEMP_MAIN) m_LastAlloc not NULL. Did you forget to call FreeAllStackAllocations()? To get more information, run app with -diag-temp-memory-leak-validation cmd line argument
