[Licensing::Module] Trying to connect to existing licensing client channel...
Built from '6000.3/staging' branch; Version is '6000.3.20f1 (c9ba695d4f07) revision 13220457'; Using compiler version '194234433'; Build Type 'Release'
OS: 'Windows 11  (10.0.26200) CoreSingleLanguage' Language: 'en' Physical Memory: 32472 MB
BatchMode: 1, IsHumanControllingUs: 0, StartBugReporterOnCrash: 0, Is64bit: 1
[Licensing::IpcConnector] Successfully connected to: "LicenseClient-benli" at "2026-08-09T16:19:10.1329037Z"
System  architecture: x64
Process architecture: x64
Date: 2026-08-09T16:19:10Z

COMMAND LINE ARGUMENTS:
C:\Program Files\Unity\Hub\Editor\6000.3.20f1\Editor\Unity.exe
-batchmode
-quit
-projectPath
C:\CutMyBodyPlease\Unity\AnatomyXR
-executeMethod
CutMyBodyPlease.Hospital.Stage05.Editor.HospitalStage05R43Builder.BuildAndValidateR43
-logFile
C:\CutMyBodyPlease\Reviews\HospitalExterior\Stage05_R43\Unity_6000.3.20f1_R43BuildGate.log
Successfully changed project path to: C:\CutMyBodyPlease\Unity\AnatomyXR
C:/CutMyBodyPlease/Unity/AnatomyXR
[UnityMemory] Configuration Parameters - Can be set up in boot.config
    "memorysetup-temp-allocator-size-nav-mesh-worker=65536"
    "memorysetup-temp-allocator-size-audio-worker=65536"
    "memorysetup-temp-allocator-size-gfx=262144"
    "memorysetup-allocator-temp-initial-block-size-main=262144"
    "memorysetup-allocator-temp-initial-block-size-worker=262144"
    "memorysetup-temp-allocator-size-background-worker=32768"
    "memorysetup-temp-allocator-size-job-worker=262144"
    "memorysetup-temp-allocator-size-preload-manager=33554432"
    "memorysetup-temp-allocator-size-gi-baking-worker=262144"
    "memorysetup-temp-allocator-size-gi-baking-worker=262144"
    "memorysetup-temp-allocator-size-gi-baking-worker=262144"
    "memorysetup-temp-allocator-size-gi-baking-worker=262144"
    "memorysetup-temp-allocator-size-gi-baking-worker=262144"
    "memorysetup-bucket-allocator-granularity=16"
    "memorysetup-bucket-allocator-bucket-count=8"
    "memorysetup-bucket-allocator-block-size=33554432"
    "memorysetup-bucket-allocator-block-count=8"
    "memorysetup-main-allocator-block-size=16777216"
    "memorysetup-thread-allocator-block-size=16777216"
    "memorysetup-gfx-main-allocator-block-size=16777216"
    "memorysetup-gfx-thread-allocator-block-size=16777216"
    "memorysetup-cache-allocator-block-size=4194304"
    "memorysetup-typetree-allocator-block-size=2097152"
    "memorysetup-profiler-bucket-allocator-granularity=16"
    "memorysetup-profiler-bucket-allocator-bucket-count=8"
    "memorysetup-profiler-bucket-allocator-block-size=33554432"
    "memorysetup-profiler-bucket-allocator-block-count=8"
    "memorysetup-profiler-allocator-block-size=16777216"
    "memorysetup-profiler-editor-allocator-block-size=1048576"
    "memorysetup-temp-allocator-size-main=16777216"
    "memorysetup-job-temp-allocator-block-size=2097152"
    "memorysetup-job-temp-allocator-block-size-background=1048576"
    "memorysetup-job-temp-allocator-reduction-small-platforms=262144"
    "memorysetup-temp-allocator-size-cloud-worker=32768"
Player connection [59524]  Target information:

Player connection [59524]  * "[IP] 192.168.56.1 [Port] 55504 [Flags] 2 [Guid] 3358318296 [EditorId] 3358318296 [Version] 1048832 [Id] WindowsEditor(7,Ben0928) [Debug] 1 [PackageName] WindowsEditor [ProjectName] Editor" 

Player connection [59524]  * "[IP] 172.19.25.183 [Port] 55504 [Flags] 2 [Guid] 3358318296 [EditorId] 3358318296 [Version] 1048832 [Id] WindowsEditor(7,Ben0928) [Debug] 1 [PackageName] WindowsEditor [ProjectName] Editor" 

Player connection [59524] Host joined multi-casting on [225.0.0.222:54997]...
Player connection [59524] Host joined alternative multi-casting on [225.0.0.222:34997]...
Input System module state changed to: Initialized.
[Physics::Module] Initialized fallback backend.
[Physics::Module] Id: 0xdecafbad
[Package Manager] Connected to IPC stream "Upm-69516" after 0.2 seconds.
[Licensing::Module] Licensing is not yet initialized.
[Licensing::Client] Error: HandshakeResponse reported an error:
	ResponseCode: 505
	ResponseStatus: Unsupported protocol version '1.18.1'.
[Licensing::Module] Error: Failed to handshake to channel: "LicenseClient-benli"
[Licensing::IpcConnector] LicenseClient-benli channel disconnected successfully.
[Licensing::IpcConnector] Channel LicenseClient-benli-6000.3.20 doesn't exist
[Licensing::Module] Successfully launched the LicensingClient (PId: 62376)
[Licensing::IpcConnector] Successfully connected to: "LicenseClient-benli-6000.3.20" at "2026-08-09T16:19:12.0760011Z"
[Licensing::Client] Code 10 while verifying Licensing Client signature (process Id: 62376, path: "C:/Program Files/Unity/Hub/Editor/6000.3.20f1/Editor/Data/Resources/Licensing/Client/Unity.Licensing.Client.exe")
[Licensing::Module] LicensingClient has failed validation; ignoring
[Licensing::Client] Handshaking with LicensingClient:
  Version:                 1.18.1+9fbee8e
  Session Id:              ed174e7736414b79a2b41505023456cc
  Correlation Id:          a0507838141e2b25ba8c36a2561b36f8
  External correlation Id: 4502432905023880188
  Machine Id:              K/xaE00r9U15jR2vrRRSBHB/pCQ=
[Licensing::Module] Successfully connected to LicensingClient on channel: "LicenseClient-benli-6000.3.20" (connect: 0.25s, validation: 0.09s, handshake: 0.01s)
[Licensing::IpcConnector] Successfully connected to: "LicenseClient-benli-6000.3.20-notifications" at "2026-08-09T16:19:12.1739501Z"
[Licensing::Module] Connected to LicensingClient (PId: 62376, launch time: 0.00, total connection time: 0.34s)
[Licensing::Module] Error: Access token is unavailable; failed to update
[Licensing::Client] Successfully resolved entitlement details
[Licensing::Module] License group:
  Id: 18968468702908-UnityPersXXXX
  Product: Unity Personal
  Type: Assigned
  Expiration: Unlimited
[Licensing::Client] Successfully updated license, isAsync: True, time: 0.01
[Licensing::Client] Successfully resolved entitlement details
[Licensing::Module] Licensing Background thread has ended after 2.09s
[Licensing::Module] Licensing is initialized (took 1.46s).
[Licensing::Client] Successfully resolved entitlement details
Library Redirect Path: Library/
[Physics::Module] Selected backend.
[Physics::Module] Name: PhysX
[Physics::Module] Id: 0xf2b8ea05
[Physics::Module] SDK Version: 4.1.2
[Physics::Module] Integration Version: 1.0.0
[Physics::Module] Threading Mode: Multi-Threaded
Refreshing native plugins compatible for Editor in 0.52 ms, found 0 plugins.
Preloading 0 native plugins for Editor in 0.00 ms.
Initialize engine version: 6000.3.20f1 (c9ba695d4f07)
[Subsystems] Discovering subsystems at path C:/Program Files/Unity/Hub/Editor/6000.3.20f1/Editor/Data/Resources/UnitySubsystems
[Subsystems] Discovering subsystems at path C:/CutMyBodyPlease/Unity/AnatomyXR/Assets
GfxDevice: creating device client; kGfxThreadingModeNonThreaded
Direct3D:
    Version:  Direct3D 11.0 [level 11.1]
    Renderer: NVIDIA GeForce RTX 4050 Laptop GPU (ID=0x28e1)
    Vendor:   NVIDIA
    VRAM:     5920 MB
    Driver:   32.0.15.9595
Initialize mono
Mono path[0] = 'C:/Program Files/Unity/Hub/Editor/6000.3.20f1/Editor/Data/Managed'
Mono path[1] = 'C:/Program Files/Unity/Hub/Editor/6000.3.20f1/Editor/Data/MonoBleedingEdge/lib/mono/unityjit-win32'
Mono config path = 'C:/Program Files/Unity/Hub/Editor/6000.3.20f1/Editor/Data/MonoBleedingEdge/etc'
Using monoOptions --debugger-agent=transport=dt_socket,embedding=1,server=y,suspend=n,address=127.0.0.1:56516
Using cacheserver namespaces - metadata:defaultmetadata, artifacts:defaultartifacts
Using cacheserver namespaces - metadata:defaultmetadata, artifacts:defaultartifacts
ImportWorker Server TCP listen port: 0
AcceleratorClientConnectionCallback - disconnected - :0
Begin MonoManager ReloadAssembly
Registering precompiled unity dll's ...
Register platform support module: C:/Program Files/Unity/Hub/Editor/6000.3.20f1/Editor/Data/PlaybackEngines/WindowsStandaloneSupport/UnityEditor.WindowsStandalone.Extensions.dll
Registered in 0.001165 seconds.
- Loaded All Assemblies, in  0.336 seconds
Native extension for WindowsStandalone target not found
Package Manager log level set to [2]
ScheduleIndexationOnStartup MainProcess:False IndexOnStartup:False
Mono: successfully reloaded assembly
- Finished resetting the current domain, in  0.299 seconds
Domain Reload Profiling: 633ms
	BeginReloadAssembly (125ms)
		ExecutionOrderSort (0ms)
		DisableScriptedObjects (0ms)
		BackupInstance (0ms)
		ReleaseScriptingObjects (0ms)
		CreateAndSetChildDomain (19ms)
	RebuildCommonClasses (31ms)
	RebuildNativeTypeToScriptingClass (11ms)
	initialDomainReloadingComplete (38ms)
	LoadAllAssembliesAndSetupDomain (129ms)
		LoadAssemblies (104ms)
		RebuildTransferFunctionScriptingTraits (0ms)
		AnalyzeDomain (126ms)
			TypeCache.Refresh (125ms)
				TypeCache.ScanAssembly (115ms)
			BuildScriptInfoCaches (0ms)
			ResolveRequiredComponents (0ms)
	FinalizeReload (299ms)
		ReleaseScriptCaches (0ms)
		RebuildScriptCaches (0ms)
		SetupLoadedEditorAssemblies (267ms)
			LogAssemblyErrors (0ms)
			InitializePlatformSupportModulesInManaged (37ms)
			SetLoadedEditorAssemblies (3ms)
			BeforeProcessingInitializeOnLoad (62ms)
			ProcessInitializeOnLoadAttributes (101ms)
			ProcessInitializeOnLoadMethodAttributes (64ms)
			AfterProcessingInitializeOnLoad (0ms)
			EditorAssembliesLoaded (0ms)
		ExecutionOrderSort2 (0ms)
		AwakeInstancesAfterBackupRestoration (0ms)
[Licensing::Client] Successfully resolved entitlement details
Application.AssetDatabase Initial Refresh Start
[Package Manager] Restoring resolved packages state from cache
[Licensing::Client] Successfully resolved entitlement details
[Package Manager] Registered 55 packages:
  Packages from [https://packages.unity.com]:
    com.unity.inputsystem@1.20.0 (location: C:\CutMyBodyPlease\Unity\AnatomyXR\Library\PackageCache\com.unity.inputsystem@7a4e1a2a8194)
    com.unity.xr.interaction.toolkit@3.5.1 (location: C:\CutMyBodyPlease\Unity\AnatomyXR\Library\PackageCache\com.unity.xr.interaction.toolkit@63ca3b7ce776)
    com.unity.xr.management@4.7.0 (location: C:\CutMyBodyPlease\Unity\AnatomyXR\Library\PackageCache\com.unity.xr.management@2ad85c7dd480)
    com.unity.xr.openxr@1.17.1 (location: C:\CutMyBodyPlease\Unity\AnatomyXR\Library\PackageCache\com.unity.xr.openxr@58837b2992e0)
    com.unity.xr.core-utils@2.6.0 (location: C:\CutMyBodyPlease\Unity\AnatomyXR\Library\PackageCache\com.unity.xr.core-utils@a8b900321199)
    com.unity.xr.legacyinputhelpers@2.1.13 (location: C:\CutMyBodyPlease\Unity\AnatomyXR\Library\PackageCache\com.unity.xr.legacyinputhelpers@9535ff2c27ac)
    com.unity.mathematics@1.3.3 (location: C:\CutMyBodyPlease\Unity\AnatomyXR\Library\PackageCache\com.unity.mathematics@19a9377c4ffa)
    com.unity.searcher@4.9.4 (location: C:\CutMyBodyPlease\Unity\AnatomyXR\Library\PackageCache\com.unity.searcher@d45a78918735)
    com.unity.burst@1.8.29 (location: C:\CutMyBodyPlease\Unity\AnatomyXR\Library\PackageCache\com.unity.burst@6bb9aca3ef38)
    com.unity.collections@2.6.6 (location: C:\CutMyBodyPlease\Unity\AnatomyXR\Library\PackageCache\com.unity.collections@9796e5ee0d9e)
    com.unity.nuget.mono-cecil@1.11.6 (location: C:\CutMyBodyPlease\Unity\AnatomyXR\Library\PackageCache\com.unity.nuget.mono-cecil@ecb9724e46ff)
    com.unity.test-framework.performance@3.5.0 (location: C:\CutMyBodyPlease\Unity\AnatomyXR\Library\PackageCache\com.unity.test-framework.performance@8b56083ec0f0)
  Built-in packages:
    com.unity.render-pipelines.universal@17.3.0 (location: C:\CutMyBodyPlease\Unity\AnatomyXR\Library\PackageCache\com.unity.render-pipelines.universal@37e06a5b08b3)
    com.unity.modules.accessibility@1.0.0 (location: C:\CutMyBodyPlease\Unity\AnatomyXR\Library\PackageCache\com.unity.modules.accessibility)
    com.unity.modules.adaptiveperformance@1.0.0 (location: C:\CutMyBodyPlease\Unity\AnatomyXR\Library\PackageCache\com.unity.modules.adaptiveperformance)
    com.unity.modules.ai@1.0.0 (location: C:\CutMyBodyPlease\Unity\AnatomyXR\Library\PackageCache\com.unity.modules.ai)
    com.unity.modules.androidjni@1.0.0 (location: C:\CutMyBodyPlease\Unity\AnatomyXR\Library\PackageCache\com.unity.modules.androidjni)
    com.unity.modules.animation@1.0.0 (location: C:\CutMyBodyPlease\Unity\AnatomyXR\Library\PackageCache\com.unity.modules.animation)
    com.unity.modules.assetbundle@1.0.0 (location: C:\CutMyBodyPlease\Unity\AnatomyXR\Library\PackageCache\com.unity.modules.assetbundle)
    com.unity.modules.audio@1.0.0 (location: C:\CutMyBodyPlease\Unity\AnatomyXR\Library\PackageCache\com.unity.modules.audio)
    com.unity.modules.cloth@1.0.0 (location: C:\CutMyBodyPlease\Unity\AnatomyXR\Library\PackageCache\com.unity.modules.cloth)
    com.unity.modules.director@1.0.0 (location: C:\CutMyBodyPlease\Unity\AnatomyXR\Library\PackageCache\com.unity.modules.director)
    com.unity.modules.imageconversion@1.0.0 (location: C:\CutMyBodyPlease\Unity\AnatomyXR\Library\PackageCache\com.unity.modules.imageconversion)
    com.unity.modules.imgui@1.0.0 (location: C:\CutMyBodyPlease\Unity\AnatomyXR\Library\PackageCache\com.unity.modules.imgui)
    com.unity.modules.jsonserialize@1.0.0 (location: C:\CutMyBodyPlease\Unity\AnatomyXR\Library\PackageCache\com.unity.modules.jsonserialize)
    com.unity.modules.particlesystem@1.0.0 (location: C:\CutMyBodyPlease\Unity\AnatomyXR\Library\PackageCache\com.unity.modules.particlesystem)
    com.unity.modules.physics@1.0.0 (location: C:\CutMyBodyPlease\Unity\AnatomyXR\Library\PackageCache\com.unity.modules.physics)
    com.unity.modules.physics2d@1.0.0 (location: C:\CutMyBodyPlease\Unity\AnatomyXR\Library\PackageCache\com.unity.modules.physics2d)
    com.unity.modules.screencapture@1.0.0 (location: C:\CutMyBodyPlease\Unity\AnatomyXR\Library\PackageCache\com.unity.modules.screencapture)
    com.unity.modules.terrain@1.0.0 (location: C:\CutMyBodyPlease\Unity\AnatomyXR\Library\PackageCache\com.unity.modules.terrain)
    com.unity.modules.terrainphysics@1.0.0 (location: C:\CutMyBodyPlease\Unity\AnatomyXR\Library\PackageCache\com.unity.modules.terrainphysics)
    com.unity.modules.tilemap@1.0.0 (location: C:\CutMyBodyPlease\Unity\AnatomyXR\Library\PackageCache\com.unity.modules.tilemap)
    com.unity.modules.ui@1.0.0 (location: C:\CutMyBodyPlease\Unity\AnatomyXR\Library\PackageCache\com.unity.modules.ui)
    com.unity.modules.uielements@1.0.0 (location: C:\CutMyBodyPlease\Unity\AnatomyXR\Library\PackageCache\com.unity.modules.uielements)
    com.unity.modules.umbra@1.0.0 (location: C:\CutMyBodyPlease\Unity\AnatomyXR\Library\PackageCache\com.unity.modules.umbra)
    com.unity.modules.unityanalytics@1.0.0 (location: C:\CutMyBodyPlease\Unity\AnatomyXR\Library\PackageCache\com.unity.modules.unityanalytics)
    com.unity.modules.unitywebrequest@1.0.0 (location: C:\CutMyBodyPlease\Unity\AnatomyXR\Library\PackageCache\com.unity.modules.unitywebrequest)
    com.unity.modules.unitywebrequestassetbundle@1.0.0 (location: C:\CutMyBodyPlease\Unity\AnatomyXR\Library\PackageCache\com.unity.modules.unitywebrequestassetbundle)
    com.unity.modules.unitywebrequestaudio@1.0.0 (location: C:\CutMyBodyPlease\Unity\AnatomyXR\Library\PackageCache\com.unity.modules.unitywebrequestaudio)
    com.unity.modules.unitywebrequesttexture@1.0.0 (location: C:\CutMyBodyPlease\Unity\AnatomyXR\Library\PackageCache\com.unity.modules.unitywebrequesttexture)
    com.unity.modules.unitywebrequestwww@1.0.0 (location: C:\CutMyBodyPlease\Unity\AnatomyXR\Library\PackageCache\com.unity.modules.unitywebrequestwww)
    com.unity.modules.vectorgraphics@1.0.0 (location: C:\CutMyBodyPlease\Unity\AnatomyXR\Library\PackageCache\com.unity.modules.vectorgraphics)
    com.unity.modules.vehicles@1.0.0 (location: C:\CutMyBodyPlease\Unity\AnatomyXR\Library\PackageCache\com.unity.modules.vehicles)
    com.unity.modules.video@1.0.0 (location: C:\CutMyBodyPlease\Unity\AnatomyXR\Library\PackageCache\com.unity.modules.video)
    com.unity.modules.vr@1.0.0 (location: C:\CutMyBodyPlease\Unity\AnatomyXR\Library\PackageCache\com.unity.modules.vr)
    com.unity.modules.wind@1.0.0 (location: C:\CutMyBodyPlease\Unity\AnatomyXR\Library\PackageCache\com.unity.modules.wind)
    com.unity.modules.xr@1.0.0 (location: C:\CutMyBodyPlease\Unity\AnatomyXR\Library\PackageCache\com.unity.modules.xr)
    com.unity.modules.subsystems@1.0.0 (location: C:\CutMyBodyPlease\Unity\AnatomyXR\Library\PackageCache\com.unity.modules.subsystems)
    com.unity.modules.hierarchycore@1.0.0 (location: C:\CutMyBodyPlease\Unity\AnatomyXR\Library\PackageCache\com.unity.modules.hierarchycore)
    com.unity.ugui@2.0.0 (location: C:\CutMyBodyPlease\Unity\AnatomyXR\Library\PackageCache\com.unity.ugui@e20f1880fa04)
    com.unity.render-pipelines.core@17.3.0 (location: C:\CutMyBodyPlease\Unity\AnatomyXR\Library\PackageCache\com.unity.render-pipelines.core@731b06833851)
    com.unity.shadergraph@17.3.0 (location: C:\CutMyBodyPlease\Unity\AnatomyXR\Library\PackageCache\com.unity.shadergraph@fe0f710ccc2d)
    com.unity.render-pipelines.universal-config@17.0.3 (location: C:\CutMyBodyPlease\Unity\AnatomyXR\Library\PackageCache\com.unity.render-pipelines.universal-config@8dc1aab4af1d)
    com.unity.test-framework@1.6.0 (location: C:\CutMyBodyPlease\Unity\AnatomyXR\Library\PackageCache\com.unity.test-framework@bd7f943e9647)
    com.unity.ext.nunit@2.0.5 (location: C:\CutMyBodyPlease\Unity\AnatomyXR\Library\PackageCache\com.unity.ext.nunit@d8c07649098d)
[Subsystems] Looking for new subsystems at path C:\CutMyBodyPlease\Unity\AnatomyXR\Library\PackageCache\com.unity.xr.openxr@58837b2992e0
[Subsystems] Novel subsystem found at Library/PackageCache/com.unity.xr.openxr@58837b2992e0/Runtime/UnitySubsystemsManifest.json
[Subsystems] Discovering subsystems at path C:/Program Files/Unity/Hub/Editor/6000.3.20f1/Editor/Data/Resources/UnitySubsystems
[Subsystems] Discovering subsystems at path C:/CutMyBodyPlease/Unity/AnatomyXR/Assets
[Subsystems] Discovering subsystems at path C:\CutMyBodyPlease\Unity\AnatomyXR\Library\PackageCache\com.unity.xr.openxr@58837b2992e0
[Subsystems] No descriptors matched for  examples in Library/PackageCache/com.unity.xr.openxr@58837b2992e0/Runtime/UnitySubsystemsManifest.json.
[Subsystems] 1 'inputs' descriptors matched in Library/PackageCache/com.unity.xr.openxr@58837b2992e0/Runtime/UnitySubsystemsManifest.json
[Subsystems] 1 'displays' descriptors matched in Library/PackageCache/com.unity.xr.openxr@58837b2992e0/Runtime/UnitySubsystemsManifest.json
[Subsystems] No descriptors matched for  meshings in Library/PackageCache/com.unity.xr.openxr@58837b2992e0/Runtime/UnitySubsystemsManifest.json.
[Package Manager] Done registering packages in 0.02 seconds
Starting: C:\Program Files\Unity\Hub\Editor\6000.3.20f1\Editor\Data\Tools\BuildPipeline\bee_backend.exe --ipc --defer-dag-verification --dagfile="Library/Bee/1900b0aE.dag" --continue-on-failure --profile="Library/Bee/backend1.traceevents" ScriptAssemblies
WorkingDir: C:/CutMyBodyPlease/Unity/AnatomyXR
DisplayProgressbar: Compiling Scripts
ExitCode: 0 Duration: 0s209ms
[693/889    0s] ILPP-Configuration Library/ilpp-configuration.nevergeneratedoutput
*** Tundra build success (0.18 seconds), 1 items updated, 889 evaluated
AssetDatabase: script compilation time: 0.587344s
Begin MonoManager ReloadAssembly
- Loaded All Assemblies, in  0.600 seconds
Refreshing native plugins compatible for Editor in 2.25 ms, found 6 plugins.
Native extension for WindowsStandalone target not found
ScheduleIndexationOnStartup MainProcess:True IndexOnStartup:True
Mono: successfully reloaded assembly
- Finished resetting the current domain, in  2.270 seconds
Domain Reload Profiling: 2868ms
	BeginReloadAssembly (267ms)
		ExecutionOrderSort (0ms)
		DisableScriptedObjects (20ms)
		BackupInstance (0ms)
		ReleaseScriptingObjects (0ms)
		CreateAndSetChildDomain (142ms)
	RebuildCommonClasses (30ms)
	RebuildNativeTypeToScriptingClass (9ms)
	initialDomainReloadingComplete (18ms)
	LoadAllAssembliesAndSetupDomain (274ms)
		LoadAssemblies (213ms)
		RebuildTransferFunctionScriptingTraits (0ms)
		AnalyzeDomain (136ms)
			TypeCache.Refresh (89ms)
				TypeCache.ScanAssembly (81ms)
			BuildScriptInfoCaches (36ms)
			ResolveRequiredComponents (8ms)
	FinalizeReload (2271ms)
		ReleaseScriptCaches (0ms)
		RebuildScriptCaches (0ms)
		SetupLoadedEditorAssemblies (2037ms)
			LogAssemblyErrors (0ms)
			InitializePlatformSupportModulesInManaged (18ms)
			SetLoadedEditorAssemblies (5ms)
			BeforeProcessingInitializeOnLoad (122ms)
			ProcessInitializeOnLoadAttributes (1666ms)
			ProcessInitializeOnLoadMethodAttributes (221ms)
			AfterProcessingInitializeOnLoad (3ms)
			EditorAssembliesLoaded (1ms)
		ExecutionOrderSort2 (0ms)
		AwakeInstancesAfterBackupRestoration (27ms)
Start importing Assets/XR/Settings/OpenXR Package Settings.asset using Guid(2269e0d3307f61742a4f8c45d914c72a) (NativeFormatImporter) -> (artifact id: '884c1a24e0b42c0538e3cbb5161e9a65') in 0.009606 seconds
Start importing Packages/com.unity.render-pipelines.core/Tests/Editor/UnifiedRayTracing/TraceRays.urtshader using Guid(1142bbad8b9e8c44c83a9775ff120d37) (ScriptedImporter)Launched and connected shader compiler UnityShaderCompiler.exe after 0.01 seconds
 -> (artifact id: 'a7ff7b1f41b7c7da355dd0d6bcc790ab') in 0.0378623 seconds
Start importing Packages/com.unity.render-pipelines.universal/Runtime/RendererFeatures/SurfaceCacheGI/SurfaceCacheCore/RisEstimation.urtshader using Guid(713f6141bd66a134383b787f2eaa7c11) (ScriptedImporter) -> (artifact id: '9bd57a9d0b058bfe834111af63997d96') in 0.0085914 seconds
Start importing Packages/com.unity.render-pipelines.core/Editor/Lighting/ProbeVolume/RenderingLayerMask/TraceRenderingLayerMask.urtshader using Guid(94a070d33e408384bafc1dea4a565df9) (ScriptedImporter) -> (artifact id: '450ae046edc8b86f35cc13a9587d0c7d') in 0.0090674 seconds
Start importing Packages/com.unity.render-pipelines.universal/Runtime/RendererFeatures/SurfaceCacheGI/SurfaceCacheCore/UniformEstimation.urtshader using Guid(94a39d12848d8d64ca962a72b74e7c50) (ScriptedImporter) -> (artifact id: '29cb0a251911df07c480477cfdf949d5') in 0.0059609 seconds
Start importing Packages/com.unity.render-pipelines.core/Tests/Editor/UnifiedRayTracing/TraceTransparentRays.urtshader using Guid(6513c3b892e933c4f8d00c19d5c47532) (ScriptedImporter) -> (artifact id: '1062478b9e0f540b8e08b20f3e12b324') in 0.0040277 seconds
Start importing Packages/com.unity.render-pipelines.core/Editor/Lighting/ProbeVolume/DynamicGI/DynamicGISkyOcclusion.urtshader using Guid(5a2a534753fbdb44e96c3c78b5a6999d) (ScriptedImporter) -> (artifact id: '8c1b2d04ed6d529bdc3a1bbe464a484b') in 0.0052708 seconds
Start importing Packages/com.unity.render-pipelines.core/Tests/Editor/UnifiedRayTracing/TraceRaysAndFetchAttributes.urtshader using Guid(fbc59f55df2416344b008dc23753cae2) (ScriptedImporter) -> (artifact id: '79debbdd994f95af3f660ee17cb8d057') in 0.0047583 seconds
Start importing Packages/com.unity.render-pipelines.universal/Runtime/RendererFeatures/SurfaceCacheGI/SurfaceCacheCore/RestirCandidateTemporal.urtshader using Guid(ad3a9f9982f8c4f4a839a78955e78458) (ScriptedImporter) -> (artifact id: 'a4b69a1b0066b6a93520f2ed096845cd') in 0.0065131 seconds
Start importing Packages/com.unity.render-pipelines.core/Editor/Lighting/ProbeVolume/VirtualOffset/TraceVirtualOffset.urtshader using Guid(ff2cbab5da58bf04d82c5f34037ed123) (ScriptedImporter) -> (artifact id: 'ecb6152cb6cb289878e45ca802ea50df') in 0.0071994 seconds
Refreshing native plugins compatible for Editor in 3.09 ms, found 6 plugins.
Preloading 0 native plugins for Editor in 0.00 ms.
Asset Pipeline Refresh (id=1b5d4cb0b720a404faece00e50d5bd46): Total: 4.207 seconds - Initiated by InitialRefreshV2(ForceSynchronousImport)
	Summary:
		Imports: total=10 (actual=10, local cache=0, cache server=0)
		Asset DB Process Time: managed=2 ms, native=2706 ms
		Asset DB Callback time: managed=167 ms, native=105 ms
		Scripting: domain reloads=1, domain reload time=600 ms, compile time=589 ms, other=34 ms
		Project Asset Count: scripts=1140, non-scripts=1765
		Asset File Changes: new=0, changed=0, moved=0, deleted=0
		Scan Filter Count: 0
	InvokeCustomDependenciesCallbacks: 0.001ms
	InvokePackagesCallback: 20.229ms
	ApplyChangesToAssetFolders: 0.631ms
	Scan: 114.761ms
	OnSourceAssetsModified: 0.002ms
	CategorizeAssetsWithTransientArtifact: 19.151ms
	ProcessAssetsWithTransientArtifactChanges: 45.251ms
	CategorizeAssets: 39.579ms
	ImportOutOfDateAssets: 2385.992ms (1689.457ms without children)
		ImportManagerImport: 104.596ms (2.831ms without children)
			ImportInProcess: 101.303ms
			UpdateCategorizedAssets: 0.462ms
		CompileScripts: 588.813ms
		ReloadNativeAssets: 0.024ms
		UnloadImportedAssets: 1.170ms
		ReloadImportedAssets: 1.043ms
		EnsureUptoDateAssetsAreRegisteredWithGuidPM: 0.355ms
		InitializingProgressBar: 0.008ms
		PostProcessAllAssetNotificationsAddChangedAssets: 0.001ms
		OnDemandSchedulerStart: 0.525ms
	PostProcessAllAssets: 250.365ms
	Hotreload: 4.202ms
	GatherAllCurrentPrimaryArtifactRevisions: 0.002ms
	UnloadStreamsBegin: 1.331ms
	PersistCurrentRevisions: 0.186ms
	UnloadStreamsEnd: 0.001ms
	GenerateScriptTypeHashes: 2.229ms
	Untracked: 1325.127ms

Application.AssetDatabase Initial Refresh End
Scanning for USB devices : 2.864ms
Initializing Unity extensions:
[MODES] ModeService[none].Initialize
[MODES] ModeService[none].LoadModes
[MODES] Loading mode Default (0) for mode-current-id-Anatomy XR Hospital
Unloading 63 Unused Serialized files (Serialized files now loaded: 0)
Unloading 4770 unused Assets / (11.4 MB). Loaded Objects now: 5541.
Memory consumption went from 194.4 MB to 183.0 MB.
Total: 11.311800 ms (FindLiveObjects: 0.586100 ms CreateObjectMapping: 0.253300 ms MarkObjects: 5.461500 ms  DeleteObjects: 5.009500 ms)

Start importing Assets/Hospital/Prefabs/Collision using Guid(43e0fcdd482ab5d4cb5c5b5a730e6173) (DefaultImporter) -> (artifact id: 'b5cd5902d826d911494b8f2b37f026c7') in 0.0024653 seconds
Refreshing native plugins compatible for Editor in 2.75 ms, found 6 plugins.
Preloading 0 native plugins for Editor in 0.00 ms.
Asset Pipeline Refresh (id=8d3c04ccdd74ea94189a4054792ec34d): Total: 0.079 seconds - Initiated by RefreshV2(NoUpdateAssetOptions)
Loaded scene 'Library/Unused/de8863458f8f4cd4dbed816af07f5c18'
	Deserialize:            0.241 ms
	Integration:            20.467 ms
	Integration of assets:  0.001 ms
	Thread Wait Time:       0.014 ms
	Total Operation Time:   20.722 ms
Start importing Assets/Hospital/Prefabs/Zones/EXT_Balconies.prefab using Guid(5ce11f8631c38f845b9d8a92a3f14a40) (PrefabImporter) -> (artifact id: 'a40d5a6fe5c84821448843f15e26be2b') in 0.0053749 seconds
Refreshing native plugins compatible for Editor in 3.27 ms, found 6 plugins.
Preloading 0 native plugins for Editor in 0.00 ms.
Asset Pipeline Refresh (id=efe0b7057ebebdd4c82794f0367429f5): Total: 0.034 seconds - Initiated by StopAssetImportingV2(NoUpdateAssetOptions)
Loaded scene 'Library/Unused/ccc5c2a86c80187429da78c01787fb03'
	Deserialize:            0.139 ms
	Integration:            8.695 ms
	Integration of assets:  0.002 ms
	Thread Wait Time:       0.018 ms
	Total Operation Time:   8.854 ms
Start importing Assets/Hospital/Prefabs/Zones/EXT_FrontTower.prefab using Guid(af7d80c803bec6e42b08852765ab35a4) (PrefabImporter) -> (artifact id: 'f14fea16dd8f5f1ae65839e69da27e48') in 0.0033815 seconds
Refreshing native plugins compatible for Editor in 2.94 ms, found 6 plugins.
Preloading 0 native plugins for Editor in 0.00 ms.
Asset Pipeline Refresh (id=b4241ce13a3db1f4197414d0f50eb3a5): Total: 0.035 seconds - Initiated by StopAssetImportingV2(NoUpdateAssetOptions)
Loaded scene 'Library/Unused/715a037319735f042b566e33af412a5d'
	Deserialize:            0.167 ms
	Integration:            2.691 ms
	Integration of assets:  0.001 ms
	Thread Wait Time:       0.010 ms
	Total Operation Time:   2.869 ms
Start importing Assets/Hospital/Prefabs/Zones/EXT_GlobalStructure.prefab using Guid(39cf42034488f5a4eb17d891f654d893) (PrefabImporter) -> (artifact id: 'a9399051b0e2bce81e330c4d75dac867') in 0.0032799 seconds
Refreshing native plugins compatible for Editor in 2.77 ms, found 6 plugins.
Preloading 0 native plugins for Editor in 0.00 ms.
Asset Pipeline Refresh (id=fb2f28647d797404da8b9cc9da431ea5): Total: 0.032 seconds - Initiated by StopAssetImportingV2(NoUpdateAssetOptions)
Loaded scene 'Library/Unused/4e17f43ccadd4d54aa1f75e2f3a33d1a'
	Deserialize:            0.168 ms
	Integration:            8.227 ms
	Integration of assets:  0.002 ms
	Thread Wait Time:       0.010 ms
	Total Operation Time:   8.406 ms
Start importing Assets/Hospital/Prefabs/Zones/EXT_GroundEntrance.prefab using Guid(68c1d9950c3fca84682e0140c1d25907) (PrefabImporter) -> (artifact id: 'cf40ca0875eb4f2a6fedf8b496001193') in 0.0073274 seconds
Refreshing native plugins compatible for Editor in 2.88 ms, found 6 plugins.
Preloading 0 native plugins for Editor in 0.00 ms.
Asset Pipeline Refresh (id=15f43ec9453e50e4897c6efb0c0b838c): Total: 0.051 seconds - Initiated by StopAssetImportingV2(NoUpdateAssetOptions)
Loaded scene 'Library/Unused/8056fcf3d87d4c74980a9e6a4482d622'
	Deserialize:            0.186 ms
	Integration:            5.317 ms
	Integration of assets:  0.003 ms
	Thread Wait Time:       0.036 ms
	Total Operation Time:   5.543 ms
Start importing Assets/Hospital/Prefabs/Zones/EXT_InteriorShell.prefab using Guid(6f72cf52f57410643aff3b8e26d731f4) (PrefabImporter) -> (artifact id: '21defe2e98ba1de99b16fd9db73487e4') in 0.0032301 seconds
Refreshing native plugins compatible for Editor in 2.41 ms, found 6 plugins.
Preloading 0 native plugins for Editor in 0.00 ms.
Asset Pipeline Refresh (id=a8057d4ec5649fc45b5c15d666dd1e0a): Total: 0.028 seconds - Initiated by StopAssetImportingV2(NoUpdateAssetOptions)
Loaded scene 'Library/Unused/e15d67096a472d548baefbf075ec2c22'
	Deserialize:            0.132 ms
	Integration:            5.768 ms
	Integration of assets:  0.001 ms
	Thread Wait Time:       0.011 ms
	Total Operation Time:   5.912 ms
Start importing Assets/Hospital/Prefabs/Zones/EXT_LeftFacadePodium.prefab using Guid(88c0d17146d64c74da8fa9c189c082c7) (PrefabImporter) -> (artifact id: '2442b0d7a7ba99777615b8d3ae5a776d') in 0.0034266 seconds
Refreshing native plugins compatible for Editor in 3.47 ms, found 6 plugins.
Preloading 0 native plugins for Editor in 0.00 ms.
Asset Pipeline Refresh (id=01e47831ffdbf904481318f1ed937969): Total: 0.032 seconds - Initiated by StopAssetImportingV2(NoUpdateAssetOptions)
Loaded scene 'Library/Unused/b98892d1434016642b76dd2bdbf3a13b'
	Deserialize:            0.114 ms
	Integration:            14.189 ms
	Integration of assets:  0.001 ms
	Thread Wait Time:       0.013 ms
	Total Operation Time:   14.317 ms
Start importing Assets/Hospital/Prefabs/Zones/EXT_RearService.prefab using Guid(93c8eca10319b4647aaf2f5c9635b64c) (PrefabImporter) -> (artifact id: 'd6f1df01b1e471be7396086ba205653d') in 0.0023561 seconds
Refreshing native plugins compatible for Editor in 2.22 ms, found 6 plugins.
Preloading 0 native plugins for Editor in 0.00 ms.
Asset Pipeline Refresh (id=d73cc5f170977364b9eaa98748184ff1): Total: 0.025 seconds - Initiated by StopAssetImportingV2(NoUpdateAssetOptions)
Loaded scene 'Library/Unused/e025dd792da600a4db6a8de7f5316772'
	Deserialize:            0.122 ms
	Integration:            4.759 ms
	Integration of assets:  0.001 ms
	Thread Wait Time:       0.287 ms
	Total Operation Time:   5.170 ms
Start importing Assets/Hospital/Prefabs/Zones/EXT_RightFacadeWing.prefab using Guid(819b30dbeedd5974886a7cede8ce9d7c) (PrefabImporter) -> (artifact id: 'beaa436ec22e39bb11812b0a1d6a2b27') in 0.0029631 seconds
Refreshing native plugins compatible for Editor in 2.62 ms, found 6 plugins.
Preloading 0 native plugins for Editor in 0.00 ms.
Asset Pipeline Refresh (id=eb37f85f89309e6429dc5eb4c1e54031): Total: 0.030 seconds - Initiated by StopAssetImportingV2(NoUpdateAssetOptions)
Loaded scene 'Library/Unused/d15e3177ff3908c488c83d2b6605e1d4'
	Deserialize:            0.171 ms
	Integration:            1.715 ms
	Integration of assets:  0.001 ms
	Thread Wait Time:       0.013 ms
	Total Operation Time:   1.900 ms
Start importing Assets/Hospital/Prefabs/Zones/EXT_RoofService.prefab using Guid(92e0f8d48b1da3945a3454e4d09dceca) (PrefabImporter) -> (artifact id: '73ccf241d188b68d49f554683d07ddec') in 0.0024838 seconds
Refreshing native plugins compatible for Editor in 2.29 ms, found 6 plugins.
Preloading 0 native plugins for Editor in 0.00 ms.
Asset Pipeline Refresh (id=8d75143b9a2498044a808f1224c22936): Total: 0.026 seconds - Initiated by StopAssetImportingV2(NoUpdateAssetOptions)
Loaded scene 'Library/Unused/091b756cff9c6b34d88b3020a96cbbf4'
	Deserialize:            0.144 ms
	Integration:            3.455 ms
	Integration of assets:  0.001 ms
	Thread Wait Time:       0.010 ms
	Total Operation Time:   3.610 ms
Asset Pipeline Refresh (id=b3643a8343a12d847bea58709aecf6b7): Total: 0.005 seconds - Initiated by StopAssetImportingV2(NoUpdateAssetOptions)
Start importing Assets/Hospital/Prefabs/Doors/DOORPREFAB_UE_S03B_DOOR_INNER_SlidingLeaf_01_ROOT.prefab using Guid(0fb1f128ff235ae47b53a44f772b6e49) (PrefabImporter) -> (artifact id: 'd685e0e944a39804f8929c084752743e') in 0.0035916 seconds
Refreshing native plugins compatible for Editor in 2.48 ms, found 6 plugins.
Preloading 0 native plugins for Editor in 0.00 ms.
Asset Pipeline Refresh (id=c0ff55e36e17a6b468ed79093fa0effc): Total: 0.029 seconds - Initiated by StopAssetImportingV2(NoUpdateAssetOptions)
Start importing Assets/Hospital/Prefabs/Doors/DOORPREFAB_UE_S03B_DOOR_INNER_SlidingLeaf_02_ROOT.prefab using Guid(52493719033c927468cb3746ad140c00) (PrefabImporter) -> (artifact id: 'd82d93a00a96e53a6e81ae258cc91d65') in 0.0072636 seconds
Refreshing native plugins compatible for Editor in 2.74 ms, found 6 plugins.
Preloading 0 native plugins for Editor in 0.00 ms.
Asset Pipeline Refresh (id=bd82f99a40775a0439d967567a540ff3): Total: 0.035 seconds - Initiated by StopAssetImportingV2(NoUpdateAssetOptions)
Start importing Assets/Hospital/Prefabs/Doors/DOORPREFAB_UE_S03B_DOOR_INNER_SlidingLeaf_03_ROOT.prefab using Guid(5988e0c8a3083124cba89b3bcbc628f5) (PrefabImporter) -> (artifact id: '6736330019d7690effaabafea0d771ba') in 0.0031139 seconds
Refreshing native plugins compatible for Editor in 2.36 ms, found 6 plugins.
Preloading 0 native plugins for Editor in 0.00 ms.
Asset Pipeline Refresh (id=c620c28d94e03394a83eb56b50483e9f): Total: 0.028 seconds - Initiated by StopAssetImportingV2(NoUpdateAssetOptions)
Start importing Assets/Hospital/Prefabs/Doors/DOORPREFAB_UE_S03B_DOOR_INNER_SlidingLeaf_04_ROOT.prefab using Guid(9239f595688feb7418b4a60807835c59) (PrefabImporter) -> (artifact id: '89e5c0c351880854b99118670421153f') in 0.0036985 seconds
Refreshing native plugins compatible for Editor in 2.68 ms, found 6 plugins.
Preloading 0 native plugins for Editor in 0.00 ms.
Asset Pipeline Refresh (id=10bbe1eeb0daa8e4fb5d04ad9657822b): Total: 0.028 seconds - Initiated by StopAssetImportingV2(NoUpdateAssetOptions)
Start importing Assets/Hospital/Prefabs/Doors/DOORPREFAB_UE_S03B_DOOR_OUTER_SlidingLeaf_01_ROOT.prefab using Guid(faafb43ec31df1849b2026eada4982e1) (PrefabImporter) -> (artifact id: '70872d47770e88f4080770bcdcd80d79') in 0.0036066 seconds
Refreshing native plugins compatible for Editor in 2.62 ms, found 6 plugins.
Preloading 0 native plugins for Editor in 0.00 ms.
Asset Pipeline Refresh (id=c8a0b74ae3af68542820bfabb3ad342e): Total: 0.029 seconds - Initiated by StopAssetImportingV2(NoUpdateAssetOptions)
Start importing Assets/Hospital/Prefabs/Doors/DOORPREFAB_UE_S03B_DOOR_OUTER_SlidingLeaf_02_ROOT.prefab using Guid(90ab661ec65bbc74b8d0ec9d67a8bdcc) (PrefabImporter) -> (artifact id: 'aaf9a52cddc8b21d0e2a0697f3b67e81') in 0.0032408 seconds
Refreshing native plugins compatible for Editor in 2.52 ms, found 6 plugins.
Preloading 0 native plugins for Editor in 0.00 ms.
Asset Pipeline Refresh (id=defb7d1bbb8f3d54a9eb1005a113178b): Total: 0.028 seconds - Initiated by StopAssetImportingV2(NoUpdateAssetOptions)
Start importing Assets/Hospital/Prefabs/Doors/DOORPREFAB_UE_S03B_DOOR_OUTER_SlidingLeaf_03_ROOT.prefab using Guid(1b40284e60e198b49842db69cdfee156) (PrefabImporter) -> (artifact id: '8b89e6da926521122a908f690fc089c0') in 0.0039458 seconds
Refreshing native plugins compatible for Editor in 2.82 ms, found 6 plugins.
Preloading 0 native plugins for Editor in 0.00 ms.
Asset Pipeline Refresh (id=b0ba54a0ef557234692b69405a134a8f): Total: 0.031 seconds - Initiated by StopAssetImportingV2(NoUpdateAssetOptions)
Start importing Assets/Hospital/Prefabs/Doors/DOORPREFAB_UE_S03B_DOOR_OUTER_SlidingLeaf_04_ROOT.prefab using Guid(69f9f219c2e6ce645b2926481efe0597) (PrefabImporter) -> (artifact id: '1f100752dd391abe16a2a3c97309af20') in 0.0035367 seconds
Refreshing native plugins compatible for Editor in 2.31 ms, found 6 plugins.
Preloading 0 native plugins for Editor in 0.00 ms.
Asset Pipeline Refresh (id=56c7518e122c4444ba15002f32787662): Total: 0.029 seconds - Initiated by StopAssetImportingV2(NoUpdateAssetOptions)
Start importing Assets/Hospital/Prefabs/Doors/DOORPREFAB_UE_S03C_REAR_FireExit_B_Leaf_ROOT.prefab using Guid(4da461f1f9a0377408c98d841b8ab627) (PrefabImporter) -> (artifact id: 'c36d9024e1f8f6722027176e41856c95') in 0.0041394 seconds
Refreshing native plugins compatible for Editor in 2.64 ms, found 6 plugins.
Preloading 0 native plugins for Editor in 0.00 ms.
Asset Pipeline Refresh (id=3b649ba5f185d384191149b5180b0d13): Total: 0.031 seconds - Initiated by StopAssetImportingV2(NoUpdateAssetOptions)
Start importing Assets/Hospital/Prefabs/Doors/DOORPREFAB_UE_S03C_REAR_LoadingDoor_Leaf_ROOT.prefab using Guid(bd4e6d4939955da4e8814f401c066dff) (PrefabImporter) -> (artifact id: '22e3d808e68b109781a27ad79cf48181') in 0.0031711 seconds
Refreshing native plugins compatible for Editor in 2.28 ms, found 6 plugins.
Preloading 0 native plugins for Editor in 0.00 ms.
Asset Pipeline Refresh (id=335cb4e669b62274f911d743c38b01c3): Total: 0.027 seconds - Initiated by StopAssetImportingV2(NoUpdateAssetOptions)
Start importing Assets/Hospital/Prefabs/Doors/DOORPREFAB_UE_S03C_REAR_ServiceDoor_A_Leaf_ROOT.prefab using Guid(3a9a2c3399c63e741b7303eb8b1be8db) (PrefabImporter) -> (artifact id: '221498063917e1f043c10741cfa88977') in 0.0031737 seconds
Refreshing native plugins compatible for Editor in 2.39 ms, found 6 plugins.
Preloading 0 native plugins for Editor in 0.00 ms.
Asset Pipeline Refresh (id=09830df1964f83b43ba63067f3077011): Total: 0.026 seconds - Initiated by StopAssetImportingV2(NoUpdateAssetOptions)
Start importing Assets/Hospital/Prefabs/Doors/DOORPREFAB_UE_S03C_ROOF_AccessDoor_Leaf_ROOT.prefab using Guid(3d6fdd5313075b649a396f36e58794bc) (PrefabImporter) -> (artifact id: '7949ca7af937f6eb2865511f4deebef3') in 0.0033974 seconds
Refreshing native plugins compatible for Editor in 2.32 ms, found 6 plugins.
Preloading 0 native plugins for Editor in 0.00 ms.
Asset Pipeline Refresh (id=0629bac5d0ffdd1499543934d2d54103): Total: 0.031 seconds - Initiated by StopAssetImportingV2(NoUpdateAssetOptions)
Unloading 1 Unused Serialized files (Serialized files now loaded: 0)
Unloading 2589 unused Assets / (0.7 MB). Loaded Objects now: 5541.
Memory consumption went from 232.0 MB to 231.2 MB.
Total: 6.886200 ms (FindLiveObjects: 0.239300 ms CreateObjectMapping: 0.119300 ms MarkObjects: 4.540400 ms  DeleteObjects: 1.985600 ms)

Start importing Assets/Hospital/Scenes/Additive/Exterior_Interactions.unity using Guid(b9c79e62f417b714a9028c811250fa81) (DefaultImporter) -> (artifact id: '55a6196308898fcd3a0266953eaa9b03') in 0.0013209 seconds
Refreshing native plugins compatible for Editor in 2.39 ms, found 6 plugins.
Preloading 0 native plugins for Editor in 0.00 ms.
Asset Pipeline Refresh (id=e69e095262e319347b6a5f90dcf94ea9): Total: 0.027 seconds - Initiated by StopAssetImportingV2(NoUpdateAssetOptions)
Start importing Assets/Hospital/Prefabs/Collision/HospitalExterior_R43_CollisionPrototype.prefab using Guid(a946847fa0b820d4f9237e04eee1b233) (PrefabImporter) -> (artifact id: 'db10bd0585ffdb26893c969c48f70108') in 0.0037219 seconds
Refreshing native plugins compatible for Editor in 2.32 ms, found 6 plugins.
Preloading 0 native plugins for Editor in 0.00 ms.
Asset Pipeline Refresh (id=c5fdc943ae191764c962d01f2a95d202): Total: 0.033 seconds - Initiated by StopAssetImportingV2(NoUpdateAssetOptions)
Opening scene 'Assets/Hospital/Scenes/Additive/Exterior_Base.unity'
Unloading 1 Unused Serialized files (Serialized files now loaded: 0)
Loaded scene 'Assets/Hospital/Scenes/Additive/Exterior_Base.unity'
	Deserialize:            0.366 ms
	Integration:            108.965 ms
	Integration of assets:  0.001 ms
	Thread Wait Time:       0.007 ms
	Total Operation Time:   109.339 ms
Unloading 565 unused Assets / (1.7 MB). Loaded Objects now: 5795.
Memory consumption went from 184.5 MB to 182.8 MB.
Total: 4.898600 ms (FindLiveObjects: 0.222500 ms CreateObjectMapping: 0.092900 ms MarkObjects: 4.047300 ms  DeleteObjects: 0.535100 ms)

Start importing Assets/Hospital/Scenes/Additive/Exterior_Base.unity using Guid(51f59f18f774cd34f80828a1e34f5379) (DefaultImporter) -> (artifact id: 'b3e3b4c0685aebe2edb38bff81e6887d') in 0.0013744 seconds
Refreshing native plugins compatible for Editor in 2.53 ms, found 6 plugins.
Preloading 0 native plugins for Editor in 0.00 ms.
Asset Pipeline Refresh (id=9281ce36fc52cdd42bbe6ecf4eee5b52): Total: 0.029 seconds - Initiated by StopAssetImportingV2(NoUpdateAssetOptions)
Unloading 22 Unused Serialized files (Serialized files now loaded: 0)
Unloading 385 unused Assets / (110.1 KB). Loaded Objects now: 5550.
Memory consumption went from 189.4 MB to 189.3 MB.
Total: 5.374300 ms (FindLiveObjects: 0.189200 ms CreateObjectMapping: 0.080100 ms MarkObjects: 4.706700 ms  DeleteObjects: 0.397500 ms)

Start importing Assets/Hospital/Scenes/IntegrationSandbox/Hospital_R43_TraversalHarness.unity using Guid(c324e4df28881a74fb14d8111b858417) (DefaultImporter) -> (artifact id: '9451e40d6f723cc0d14eaccf6748ca88') in 0.0009582 seconds
Refreshing native plugins compatible for Editor in 2.11 ms, found 6 plugins.
Preloading 0 native plugins for Editor in 0.00 ms.
Asset Pipeline Refresh (id=80933f9d78f9851499b23b9220a32240): Total: 0.027 seconds - Initiated by StopAssetImportingV2(NoUpdateAssetOptions)
Opening scene 'Assets/Hospital/Scenes/IntegrationSandbox/Hospital_R43_TraversalHarness.unity'
Unloading 22 Unused Serialized files (Serialized files now loaded: 0)
Loaded scene 'Assets/Hospital/Scenes/IntegrationSandbox/Hospital_R43_TraversalHarness.unity'
	Deserialize:            1.029 ms
	Integration:            118.528 ms
	Integration of assets:  0.001 ms
	Thread Wait Time:       0.009 ms
	Total Operation Time:   119.567 ms
Unloading 162 unused Assets / (38.6 KB). Loaded Objects now: 8169.
Memory consumption went from 245.8 MB to 245.8 MB.
Total: 5.704100 ms (FindLiveObjects: 0.333600 ms CreateObjectMapping: 0.141200 ms MarkObjects: 4.926600 ms  DeleteObjects: 0.301900 ms)

Unloading 1 Unused Serialized files (Serialized files now loaded: 0)
Unloading 1422 unused Assets / (311.8 KB). Loaded Objects now: 5550.
Memory consumption went from 245.0 MB to 244.7 MB.
Total: 6.203500 ms (FindLiveObjects: 0.207200 ms CreateObjectMapping: 0.085400 ms MarkObjects: 4.560700 ms  DeleteObjects: 1.349800 ms)

Unloading 43 Unused Serialized files (Serialized files now loaded: 0)
Unloading 791 unused Assets / (411.0 KB). Loaded Objects now: 5579.
Memory consumption went from 241.9 MB to 241.5 MB.
Total: 5.955000 ms (FindLiveObjects: 0.197700 ms CreateObjectMapping: 0.093700 ms MarkObjects: 4.979200 ms  DeleteObjects: 0.683800 ms)

Unloading 49 Unused Serialized files (Serialized files now loaded: 0)
Unloading 1041 unused Assets / (483.7 KB). Loaded Objects now: 5579.
Memory consumption went from 243.0 MB to 242.5 MB.
Total: 5.939700 ms (FindLiveObjects: 0.239900 ms CreateObjectMapping: 0.078400 ms MarkObjects: 4.825700 ms  DeleteObjects: 0.794200 ms)

Opening scene 'Assets/Hospital/Scenes/Additive/Exterior_Interactions.unity'
Unloading 62 Unused Serialized files (Serialized files now loaded: 0)
Loaded scene 'Assets/Hospital/Scenes/Additive/Exterior_Interactions.unity'
	Deserialize:            0.766 ms
	Integration:            124.025 ms
	Integration of assets:  0.002 ms
	Thread Wait Time:       0.008 ms
	Total Operation Time:   124.800 ms
Unloading 1039 unused Assets / (414.8 KB). Loaded Objects now: 6169.
Memory consumption went from 241.1 MB to 240.7 MB.
Total: 6.164300 ms (FindLiveObjects: 0.285200 ms CreateObjectMapping: 0.146000 ms MarkObjects: 4.785900 ms  DeleteObjects: 0.946500 ms)

Opening scene 'Assets/Hospital/Scenes/Additive/Exterior_Base.unity'
Unloading 21 Unused Serialized files (Serialized files now loaded: 0)
Loaded scene 'Assets/Hospital/Scenes/Additive/Exterior_Base.unity'
	Deserialize:            0.324 ms
	Integration:            117.693 ms
	Integration of assets:  0.001 ms
	Thread Wait Time:       0.006 ms
	Total Operation Time:   118.025 ms
Unloading 1397 unused Assets / (281.1 KB). Loaded Objects now: 6000.
Memory consumption went from 241.0 MB to 240.7 MB.
Total: 5.990900 ms (FindLiveObjects: 0.265600 ms CreateObjectMapping: 0.126800 ms MarkObjects: 4.547200 ms  DeleteObjects: 1.050500 ms)

Start importing Assets/Hospital/Settings/Stage05_R43_UnityGate.json using Guid(6b90ae6090b39bb4e9d6923328f6fa05) (TextScriptImporter) -> (artifact id: '761c95286c2f45e468a818c7cb5c3c6d') in 0.0039699 seconds
Refreshing native plugins compatible for Editor in 2.29 ms, found 6 plugins.
Preloading 0 native plugins for Editor in 0.00 ms.
Asset Pipeline Refresh (id=755a617b6b93d7d4e92c8d0c7419cbb7): Total: 0.067 seconds - Initiated by RefreshV2(NoUpdateAssetOptions)
BuildFailedException: Stage 5 R43 gate failed. See Stage05_R43_UnityGate.json.
  at CutMyBodyPlease.Hospital.Stage05.Editor.HospitalStage05R43Builder.BuildAndValidateR43 () [0x0008c] in C:\CutMyBodyPlease\Unity\AnatomyXR\Assets\Hospital\Editor\HospitalStage05R43Builder.cs:99 
UnityEngine.DebugLogHandler:Internal_LogException_Injected(Exception, IntPtr)
UnityEngine.DebugLogHandler:Internal_LogException(Exception, Object)
UnityEngine.DebugLogHandler:LogException(Exception, Object)
UnityEngine.Logger:LogException(Exception, Object)
UnityEngine.Debug:LogException(Exception)
CutMyBodyPlease.Hospital.Stage05.Editor.HospitalStage05R43Builder:BuildAndValidateR43() (at Assets\Hospital\Editor\HospitalStage05R43Builder.cs:104)

(Filename: Assets/Hospital/Editor/HospitalStage05R43Builder.cs Line: 104)

BuildFailedException: Stage 5 R43 gate failed. See Stage05_R43_UnityGate.json.
  at CutMyBodyPlease.Hospital.Stage05.Editor.HospitalStage05R43Builder.BuildAndValidateR43 () [0x000a8] in C:\CutMyBodyPlease\Unity\AnatomyXR\Assets\Hospital\Editor\HospitalStage05R43Builder.cs:105 

(Filename: Assets/Hospital/Editor/HospitalStage05R43Builder.cs Line: 105)

executeMethod method CutMyBodyPlease.Hospital.Stage05.Editor.HospitalStage05R43Builder.BuildAndValidateR43 threw exception.
Exiting without the bug reporter. Application will terminate with return code 1