
Defaulting to system architecture: x86_64. You can provide a desired architecture using --architecture|-a <architecture>	(x86_64 or arm64)
Progress:
[Unity (6000.3.20f1)] validating download...
[2A[0JProgress:
[Unity (6000.3.20f1)] in progress...
[2A[0JProgress:
[Unity (6000.3.20f1)] downloading 0.04%
[2A[0JProgress:
[Unity (6000.3.20f1)] downloading 0.10%
[2A[0JProgress:
[Unity (6000.3.20f1)] downloading 0.15%
[2A[0JProgress:
[Unity (6000.3.20f1)] downloading 0.21%
[2A[0JProgress:
[Unity (6000.3.20f1)] downloading 0.27%
[2A[0JProgress:
[Unity (6000.3.20f1)] downloading 0.33%
[2A[0JProgress:
[Unity (6000.3.20f1)] downloading 0.39%
[2A[0JProgress:
[Unity (6000.3.20f1)] downloading 0.45%
[2A[0JProgress:
[Unity (6000.3.20f1)] downloading 0.53%
[2A[0JProgress:
[Unity (6000.3.20f1)] downloading 0.58%
[2A[0JProgress:
[Unity (6000.3.20f1)] downloading 0.60%
[2A[0JProgress:
[Unity (6000.3.20f1)] downloading 0.64%
[2A[0JProgress:
[Unity (6000.3.20f1)] downloading 0.67%
[2A[0JProgress:
[Unity (6000.3.20f1)] downloading 0.71%
[2A[0JProgress:
[Unity (6000.3.20f1)] downloading 0.75%
[2A[0JProgress:
[Unity (6000.3.20f1)] downloading 0.78%
[2A[0JProgress:
[Unity (6000.3.20f1)] downloading 0.81%
[2A[0JProgress:
[Unity (6000.3.20f1)] downloading 0.85%
[2A[0JProgress:
[Unity (6000.3.20f1)] downloading 0.89%
[2A[0JProgress:
[Unity (6000.3.20f1)] downloading 0.93%
[2A[0JProgress:
[Unity (6000.3.20f1)] downloading 0.97%
[2A[0JProgress:
[Unity (6000.3.20f1)] downloading 1.03%
[2A[0JProgress:
[Unity (6000.3.20f1)] downloading 1.11%
[2A[0JProgress:
[Unity (6000.3.20f1)] downloading 1.18%
[2A[0JProgress:
[Unity (6000.3.20f1)] downloading 1.26%
[2A[0JProgress:
[Unity (6000.3.20f1)] downloading 1.36%
[2A[0JProgress:
[Unity (6000.3.20f1)] downloading 1.42%
[2A[0JProgress:
[Unity (6000.3.20f1)] downloading 1.51%
[2A[0JProgress:
[Unity (6000.3.20f1)] downloading 1.58%
[2A[0JProgress:
[Unity (6000.3.20f1)] downloading 1.65%
[2A[0JProgress:
[Unity (6000.3.20f1)] downloading 1.74%
[2A[0JProgress:
[Unity (6000.3.20f1)] downloading 1.81%
[2A[0JProgress:
[Unity (6000.3.20f1)] downloading 1.87%
[2A[0JProgress:
[Unity (6000.3.20f1)] downloading 1.95%
[2A[0JProgress:
[Unity (6000.3.20f1)] downloading 2.03%
[2A[0JProgress:
[Unity (6000.3.20f1)] downloading 2.11%
[2A[0JProgress:
[Unity (6000.3.20f1)] downloading 2.15%
[2A[0JProgress:
[Unity (6000.3.20f1)] downloading 2.21%
[2A[0JProgress:
[Unity (6000.3.20f1)] downloading 2.26%
[2A[0JProgress:
[Unity (6000.3.20f1)] downloading 2.31%
[2A[0JProgress:
[Unity (6000.3.20f1)] downloading 2.32%
[2A[0JProgress:
[Unity (6000.3.20f1)] downloading 2.34%
[2A[0JProgress:
[Unity (6000.3.20f1)] downloading 2.39%
[2A[0JProgress:
[Unity (6000.3.20f1)] downloading 2.45%
[2A[0JProgress:
[Unity (6000.3.20f1)] downloading 2.50%
[2A[0JProgress:
[Unity (6000.3.20f1)] downloading 2.56%
[2A[0JProgress:
[Unity (6000.3.20f1)] downloading 2.60%
[2A[0JProgress:
[Unity (6000.3.20f1)] downloading 2.66%
[2A[0JProgress:
[Unity (6000.3.20f1)] downloading 2.72%
[2A[0JProgress:
[Unity (6000.3.20f1)] downloading 2.79%
[2A[0JProgress:
[Unity (6000.3.20f1)] downloading 2.85%
[2A[0JProgress:
[Unity (6000.3.20f1)] downloading 2.90%
[2A[0JProgress:
[Unity (6000.3.20f1)] downloading 2.96%
[2A[0JProgress:
[Unity (6000.3.20f1)] downloading 3.00%
[2A[0JProgress:
[Unity (6000.3.20f1)] downloading 3.06%
[2A[0JProgress:
[Unity (6000.3.20f1)] downloading 3.10%
[2A[0JProgress:
[Unity (6000.3.20f1)] downloading 3.15%
[2A[0JProgress:
[Unity (6000.3.20f1)] downloading 3.22%
[2A[0JProgress:
[Unity (6000.3.20f1)] downloading 3.28%
[2A[0JProgress:
[Unity (6000.3.20f1)] downloading 3.34%
[2A[0JProgress:
[Unity (6000.3.20f1)] downloading 3.39%
[2A[0JProgress:
[Unity (6000.3.20f1)] downloading 3.45%
[2A[0JProgress:
[Unity (6000.3.20f1)] downloading 3.49%
[2A[0JProgress:
[Unity (6000.3.20f1)] downloading 3.53%
[2A[0JProgress:
[Unity (6000.3.20f1)] downloading 3.59%
[2A[0JProgress:
[Unity (6000.3.20f1)] downloading 3.65%
[2A[0JProgress:
[Unity (6000.3.20f1)] downloading 3.70%
[2A[0JProgress:
[Unity (6000.3.20f1)] downloading 3.77%
[2A[0JProgress:
[Unity (6000.3.20f1)] downloading 3.84%
[2A[0JProgress:
[Unity (6000.3.20f1)] downloading 3.90%
[2A[0JProgress:
[Unity (6000.3.20f1)] downloading 3.99%
[2A[0JProgress:
[Unity (6000.3.20f1)] downloading 4.04%
[2A[0JProgress:
[Unity (6000.3.20f1)] downloading 4.11%
[2A[0JProgress:
[Unity (6000.3.20f1)] downloading 4.16%
[2A[0JProgress:
[Unity (6000.3.20f1)] downloading 4.23%
[2A[0JProgress:
[Unity (6000.3.20f1)] downloading 4.28%
[2A[0JProgress:
[Unity (6000.3.20f1)] downloading 4.33%
[2A[0JProgress:
[Unity (6000.3.20f1)] downloading 4.37%
[2A[0JProgress:
[Unity (6000.3.20f1)] downloading 4.40%
[2A[0JProgress:
[Unity (6000.3.20f1)] downloading 4.43%
[2A[0JProgress:
[Unity (6000.3.20f1)] downloading 4.48%
[2A[0JProgress:
[Unity (6000.3.20f1)] downloading 4.50%
[2A[0JProgress:
[Unity (6000.3.20f1)] downloading 4.52%
[2A[0JProgress:
[Unity (6000.3.20f1)] downloading 4.54%
[2A[0JProgress:
[Unity (6000.3.20f1)] downloading 4.56%
[2A[0JProgress:
[Unity (6000.3.20f1)] downloading 4.58%
[2A[0JProgress:
[Unity (6000.3.20f1)] downloading 4.60%
[2A[0JProgress:
[Unity (6000.3.20f1)] downloading 4.62%
[2A[0JProgress:
[Unity (6000.3.20f1)] downloading 4.64%
[2A[0JProgress:
[Unity (6000.3.20f1)] downloading 4.65%
[2A[0JProgress:
[Unity (6000.3.20f1)] downloading 4.66%
[2A[0JProgress:
[Unity (6000.3.20f1)] downloading 4.68%
[2A[0JProgress:
[Unity (6000.3.20f1)] downloading 4.70%
[2A[0JProgress:
[Unity (6000.3.20f1)] downloading 4.72%
[2A[0JProgress:
[Unity (6000.3.20f1)] downloading 4.73%
[2A[0JProgress:
[Unity (6000.3.20f1)] downloading 4.75%
[2A[0JProgress:
[Unity (6000.3.20f1)] downloading 4.77%
[2A[0JProgress:
[Unity (6000.3.20f1)] downloading 4.79%
[2A[0JProgress:
[Unity (6000.3.20f1)] downloading 4.81%
[2A[0JProgress:
[Unity (6000.3.20f1)] downloading 4.83%
[2A[0JProgress:
[Unity (6000.3.20f1)] downloading 4.84%
[2A[0JProgress:
[Unity (6000.3.20f1)] downloading 4.84%
[2A[0JProgress:
[Unity (6000.3.20f1)] downloading 4.85%
[2A[0JProgress:
[Unity (6000.3.20f1)] downloading 4.85%
[2A[0JProgress:
[Unity (6000.3.20f1)] downloading 4.86%
[2A[0JProgress:
[Unity (6000.3.20f1)] downloading 4.86%
[2A[0JProgress:
[Unity (6000.3.20f1)] downloading 4.87%
[2A[0JProgress:
[Unity (6000.3.20f1)] downloading 4.87%
[2A[0JProgress:
[Unity (6000.3.20f1)] downloading 4.88%
[2A[0JProgress:
[Unity (6000.3.20f1)] downloading 4.88%
[2A[0JProgress:
[Unity (6000.3.20f1)] downloading 4.88%
[2A[0JProgress:
[Unity (6000.3.20f1)] downloading 4.89%
[2A[0JProgress:
[Unity (6000.3.20f1)] downloading 4.90%
[2A[0JProgress:
[Unity (6000.3.20f1)] downloading 4.91%
[2A[0JProgress:
[Unity (6000.3.20f1)] downloading 4.92%
[2A[0JProgress:
[Unity (6000.3.20f1)] downloading 4.93%
[2A[0JProgress:
[Unity (6000.3.20f1)] downloading 4.94%
[2A[0JProgress:
[Unity (6000.3.20f1)] downloading 4.95%
[2A[0JProgress:
[Unity (6000.3.20f1)] downloading 4.96%
[2A[0JProgress:
[Unity (6000.3.20f1)] downloading 4.97%
[2A[0JProgress:
[Unity (6000.3.20f1)] downloading 4.97%
[2A[0JProgress:
[Unity (6000.3.20f1)] downloading 4.99%
[2A[0JProgress:
[Unity (6000.3.20f1)] downloading 5.00%
[2A[0JProgress:
[Unity (6000.3.20f1)] downloading 5.00%
[2A[0JProgress:
[Unity (6000.3.20f1)] downloading 5.02%
[2A[0JProgress:
[Unity (6000.3.20f1)] downloading 5.02%
[2A[0JProgress:
[Unity (6000.3.20f1)] downloading 5.03%
[2A[0JProgress:
[Unity (6000.3.20f1)] downloading 5.04%
[2A[0JProgress:
[Unity (6000.3.20f1)] downloading 5.04%
[2A[0JProgress:
[Unity (6000.3.20f1)] downloading 5.05%
[2A[0JProgress:
[Unity (6000.3.20f1)] downloading 5.06%
[2A[0JProgress:
[Unity (6000.3.20f1)] downloading 5.08%
[2A[0JProgress:
[Unity (6000.3.20f1)] downloading 5.09%
[2A[0JProgress:
[Unity (6000.3.20f1)] downloading 5.11%
[2A[0JProgress:
[Unity (6000.3.20f1)] downloading 5.12%
[2A[0JProgress:
[Unity (6000.3.20f1)] downloading 5.13%
[2A[0JProgress:
[Unity (6000.3.20f1)] downloading 5.14%
[2A[0JProgress:
[Unity (6000.3.20f1)] downloading 5.16%
[2A[0JProgress:
[Unity (6000.3.20f1)] downloading 5.17%
[2A[0JProgress:
[Unity (6000.3.20f1)] downloading 5.18%
[2A[0JProgress:
[Unity (6000.3.20f1)] downloading 5.19%
[2A[0JProgress:
[Unity (6000.3.20f1)] downloading 5.19%
[2A[0JProgress:
[Unity (6000.3.20f1)] downloading 5.20%
[2A[0JProgress:
[Unity (6000.3.20f1)] downloading 5.21%
[2A[0JProgress:
[Unity (6000.3.20f1)] downloading 5.22%
[2A[0JProgress:
[Unity (6000.3.20f1)] downloading 5.23%
[2A[0JProgress:
[Unity (6000.3.20f1)] downloading 5.24%
[2A[0JProgress:
[Unity (6000.3.20f1)] downloading 5.25%
[2A[0JProgress:
[Unity (6000.3.20f1)] downloading 5.25%
[2A[0JProgress:
[Unity (6000.3.20f1)] downloading 5.26%
[2A[0JProgress:
[Unity (6000.3.20f1)] downloading 5.26%
[2A[0JProgress:
[Unity (6000.3.20f1)] downloading 5.27%
[2A[0JProgress:
[Unity (6000.3.20f1)] downloading 5.29%
[2A[0JProgress:
[Unity (6000.3.20f1)] downloading 5.30%
[2A[0JProgress:
[Unity (6000.3.20f1)] downloading 5.31%
[2A[0JProgress:
[Unity (6000.3.20f1)] downloading 5.32%
[2A[0JProgress:
[Unity (6000.3.20f1)] downloading 5.34%
[2A[0JProgress:
[Unity (6000.3.20f1)] downloading 5.36%
[2A[0JProgress:
[Unity (6000.3.20f1)] downloading 5.37%
[2A[0JProgress:
[Unity (6000.3.20f1)] downloading 5.39%
[2A[0JProgress:
[Unity (6000.3.20f1)] downloading 5.40%
[2A[0JProgress:
[Unity (6000.3.20f1)] downloading 5.41%
[2A[0JProgress:
[Unity (6000.3.20f1)] downloading 5.42%
[2A[0JProgress:
[Unity (6000.3.20f1)] downloading 5.43%
[2A[0JProgress:
[Unity (6000.3.20f1)] downloading 5.44%
[2A[0JProgress:
[Unity (6000.3.20f1)] downloading 5.46%
[2A[0JProgress:
[Unity (6000.3.20f1)] downloading 5.47%
[2A[0JProgress:
[Unity (6000.3.20f1)] downloading 5.47%
[2A[0JProgress:
[Unity (6000.3.20f1)] downloading 5.48%
[2A[0JProgress:
[Unity (6000.3.20f1)] downloading 5.49%
[2A[0JProgress:
[Unity (6000.3.20f1)] downloading 5.51%
[2A[0JProgress:
[Unity (6000.3.20f1)] downloading 5.53%
[2A[0JProgress:
[Unity (6000.3.20f1)] downloading 5.56%
[2A[0JProgress:
[Unity (6000.3.20f1)] downloading 5.59%
[2A[0JProgress:
[Unity (6000.3.20f1)] downloading 5.61%
[2A[0JProgress:
[Unity (6000.3.20f1)] downloading 5.64%
[2A[0JProgress:
[Unity (6000.3.20f1)] downloading 5.68%
[2A[0JProgress:
[Unity (6000.3.20f1)] downloading 5.70%
[2A[0JProgress:
[Unity (6000.3.20f1)] downloading 5.76%
[2A[0JProgress:
[Unity (6000.3.20f1)] downloading 5.84%
[2A[0JProgress:
[Unity (6000.3.20f1)] downloading 5.87%
[2A[0JProgress:
[Unity (6000.3.20f1)] downloading 5.89%
[2A[0JProgress:
[Unity (6000.3.20f1)] downloading 5.91%
[2A[0JProgress:
[Unity (6000.3.20f1)] downloading 5.95%
[2A[0JProgress:
[Unity (6000.3.20f1)] downloading 6.00%
[2A[0JProgress:
[Unity (6000.3.20f1)] downloading 6.05%
[2A[0JProgress:
[Unity (6000.3.20f1)] downloading 6.09%
[2A[0JProgress:
[Unity (6000.3.20f1)] downloading 6.10%
[2A[0JProgress:
[Unity (6000.3.20f1)] downloading 6.14%
[2A[0JProgress:
[Unity (6000.3.20f1)] downloading 6.17%
[2A[0JProgress:
[Unity (6000.3.20f1)] downloading 6.19%
[2A[0JProgress:
[Unity (6000.3.20f1)] downloading 6.22%
[2A[0JProgress:
[Unity (6000.3.20f1)] downloading 6.24%
[2A[0JProgress:
[Unity (6000.3.20f1)] downloading 6.27%
[2A[0JProgress:
[Unity (6000.3.20f1)] downloading 6.30%
[2A[0JProgress:
[Unity (6000.3.20f1)] downloading 6.34%
[2A[0JProgress:
[Unity (6000.3.20f1)] downloading 6.40%
[2A[0JProgress:
[Unity (6000.3.20f1)] downloading 6.43%
[2A[0JProgress:
[Unity (6000.3.20f1)] downloading 6.48%
[2A[0JProgress:
[Unity (6000.3.20f1)] downloading 6.53%
[2A[0JProgress:
[Unity (6000.3.20f1)] downloading 6.56%
[2A[0JProgress:
[Unity (6000.3.20f1)] downloading 6.58%
[2A[0JProgress:
[Unity (6000.3.20f1)] downloading 6.60%
[2A[0JProgress:
[Unity (6000.3.20f1)] downloading 6.63%
[2A[0JProgress:
[Unity (6000.3.20f1)] downloading 6.65%
[2A[0JProgress:
[Unity (6000.3.20f1)] downloading 6.67%
[2A[0JProgress:
[Unity (6000.3.20f1)] downloading 6.70%
[2A[0JProgress:
[Unity (6000.3.20f1)] downloading 6.72%
[2A[0JProgress:
[Unity (6000.3.20f1)] downloading 6.75%
[2A[0JProgress:
[Unity (6000.3.20f1)] downloading 6.79%
[2A[0JProgress:
[Unity (6000.3.20f1)] downloading 6.81%
[2A[0JProgress:
[Unity (6000.3.20f1)] downloading 6.83%
[2A[0JProgress:
[Unity (6000.3.20f1)] downloading 6.86%
[2A[0JProgress:
[Unity (6000.3.20f1)] downloading 6.89%
[2A[0JProgress:
[Unity (6000.3.20f1)] downloading 6.92%
[2A[0JProgress:
[Unity (6000.3.20f1)] downloading 6.94%
[2A[0JProgress:
[Unity (6000.3.20f1)] downloading 6.96%
[2A[0JProgress:
[Unity (6000.3.20f1)] downloading 6.99%
[2A[0JProgress:
[Unity (6000.3.20f1)] downloading 7.03%
[2A[0JProgress:
[Unity (6000.3.20f1)] downloading 7.05%
[2A[0JProgress:
[Unity (6000.3.20f1)] downloading 7.09%
[2A[0JProgress:
[Unity (6000.3.20f1)] downloading 7.12%
[2A[0JProgress:
[Unity (6000.3.20f1)] downloading 7.15%
[2A[0JProgress:
[Unity (6000.3.20f1)] downloading 7.20%
[2A[0JProgress:
[Unity (6000.3.20f1)] downloading 7.23%
[2A[0JProgress:
[Unity (6000.3.20f1)] downloading 7.25%
[2A[0JProgress:
[Unity (6000.3.20f1)] downloading 7.27%
[2A[0JProgress:
[Unity (6000.3.20f1)] downloading 7.30%
[2A[0JProgress:
[Unity (6000.3.20f1)] downloading 7.34%
[2A[0JProgress:
[Unity (6000.3.20f1)] downloading 7.37%
[2A[0JProgress:
[Unity (6000.3.20f1)] downloading 7.41%
[2A[0JProgress:
[Unity (6000.3.20f1)] downloading 7.45%
[2A[0JProgress:
[Unity (6000.3.20f1)] downloading 7.49%
[2A[0JProgress:
[Unity (6000.3.20f1)] downloading 7.53%
[2A[0JProgress:
[Unity (6000.3.20f1)] downloading 7.59%
[2A[0JProgress:
[Unity (6000.3.20f1)] downloading 7.64%
[2A[0JProgress:
[Unity (6000.3.20f1)] downloading 7.69%
[2A[0JProgress:
[Unity (6000.3.20f1)] downloading 7.77%
[2A[0JProgress:
[Unity (6000.3.20f1)] downloading 7.83%
[2A[0JProgress:
[Unity (6000.3.20f1)] downloading 7.89%
[2A[0JProgress:
[Unity (6000.3.20f1)] downloading 7.96%
[2A[0JProgress:
[Unity (6000.3.20f1)] downloading 8.01%
[2A[0JProgress:
[Unity (6000.3.20f1)] downloading 8.07%
[2A[0JProgress:
[Unity (6000.3.20f1)] downloading 8.11%
[2A[0JProgress:
[Unity (6000.3.20f1)] downloading 8.17%
[2A[0JProgress:
[Unity (6000.3.20f1)] downloading 8.23%
[2A[0JProgress:
[Unity (6000.3.20f1)] downloading 8.27%
[2A[0JProgress:
[Unity (6000.3.20f1)] downloading 8.31%
[2A[0JProgress:
[Unity (6000.3.20f1)] downloading 8.37%
[2A[0JProgress:
[Unity (6000.3.20f1)] downloading 8.42%
[2A[0JProgress:
[Unity (6000.3.20f1)] downloading 8.48%
[2A[0JProgress:
[Unity (6000.3.20f1)] downloading 8.52%
[2A[0JProgress:
[Unity (6000.3.20f1)] downloading 8.56%
[2A[0JProgress:
[Unity (6000.3.20f1)] downloading 8.61%
[2A[0JProgress:
[Unity (6000.3.20f1)] downloading 8.65%
[2A[0JProgress:
[Unity (6000.3.20f1)] downloading 8.69%
[2A[0JProgress:
[Unity (6000.3.20f1)] downloading 8.74%
[2A[0JProgress:
[Unity (6000.3.20f1)] downloading 8.77%
[2A[0JProgress:
[Unity (6000.3.20f1)] downloading 8.81%
[2A[0JProgress:
[Unity (6000.3.20f1)] downloading 8.87%
[2A[0JProgress:
[Unity (6000.3.20f1)] downloading 8.94%
[2A[0JProgress:
[Unity (6000.3.20f1)] downloading 9.00%
[2A[0JProgress:
[Unity (6000.3.20f1)] downloading 9.06%
[2A[0JProgress:
[Unity (6000.3.20f1)] downloading 9.10%
[2A[0JProgress:
[Unity (6000.3.20f1)] downloading 9.15%
[2A[0JProgress:
[Unity (6000.3.20f1)] downloading 9.19%
[2A[0JProgress:
[Unity (6000.3.20f1)] downloading 9.23%
[2A[0JProgress:
[Unity (6000.3.20f1)] downloading 9.28%
[2A[0JProgress:
[Unity (6000.3.20f1)] downloading 9.33%
[2A[0JProgress:
[Unity (6000.3.20f1)] downloading 9.37%
[2A[0JProgress:
[Unity (6000.3.20f1)] downloading 9.42%
[2A[0JProgress:
[Unity (6000.3.20f1)] downloading 9.46%
[2A[0JProgress:
[Unity (6000.3.20f1)] downloading 9.49%
[2A[0JProgress:
[Unity (6000.3.20f1)] downloading 9.53%
[2A[0JProgress:
[Unity (6000.3.20f1)] downloading 9.56%
[2A[0JProgress:
[Unity (6000.3.20f1)] downloading 9.60%
[2A[0JProgress:
[Unity (6000.3.20f1)] downloading 9.63%
[2A[0JProgress:
[Unity (6000.3.20f1)] downloading 9.67%
[2A[0JProgress:
[Unity (6000.3.20f1)] downloading 9.71%
[2A[0JProgress:
[Unity (6000.3.20f1)] downloading 9.75%
[2A[0JProgress:
[Unity (6000.3.20f1)] downloading 9.77%
[2A[0JProgress:
[Unity (6000.3.20f1)] downloading 9.80%
[2A[0JProgress:
[Unity (6000.3.20f1)] downloading 9.83%
[2A[0JProgress:
[Unity (6000.3.20f1)] downloading 9.85%
[2A[0JProgress:
[Unity (6000.3.20f1)] downloading 9.88%
[2A[0JProgress:
[Unity (6000.3.20f1)] downloading 9.90%
[2A[0JProgress:
[Unity (6000.3.20f1)] downloading 9.92%
[2A[0JProgress:
[Unity (6000.3.20f1)] downloading 9.94%
[2A[0JProgress:
[Unity (6000.3.20f1)] downloading 9.96%
[2A[0JProgress:
[Unity (6000.3.20f1)] downloading 9.99%
[2A[0JProgress:
[Unity (6000.3.20f1)] downloading 10.02%
[2A[0JProgress:
[Unity (6000.3.20f1)] downloading 10.04%
[2A[0JProgress:
[Unity (6000.3.20f1)] downloading 10.07%
[2A[0JProgress:
[Unity (6000.3.20f1)] downloading 10.10%
[2A[0JProgress:
[Unity (6000.3.20f1)] downloading 10.12%
[2A[0JProgress:
[Unity (6000.3.20f1)] downloading 10.16%
[2A[0JProgress:
[Unity (6000.3.20f1)] downloading 10.19%
[2A[0JProgress:
[Unity (6000.3.20f1)] downloading 10.23%
[2A[0JProgress:
[Unity (6000.3.20f1)] downloading 10.27%
[2A[0JProgress:
[Unity (6000.3.20f1)] downloading 10.34%
[2A[0JProgress:
[Unity (6000.3.20f1)] downloading 10.39%
[2A[0JProgress:
[Unity (6000.3.20f1)] downloading 10.45%
[2A[0JProgress:
[Unity (6000.3.20f1)] downloading 10.52%
[2A[0JProgress:
[Unity (6000.3.20f1)] downloading 10.59%
[2A[0JProgress:
[Unity (6000.3.20f1)] downloading 10.66%
[2A[0JProgress:
[Unity (6000.3.20f1)] downloading 10.72%
[2A[0JProgress:
[Unity (6000.3.20f1)] downloading 10.78%
[2A[0JProgress:
[Unity (6000.3.20f1)] downloading 10.83%
[2A[0JProgress:
[Unity (6000.3.20f1)] downloading 10.89%
[2A[0JProgress:
[Unity (6000.3.20f1)] downloading 10.95%
[2A[0JProgress:
[Unity (6000.3.20f1)] downloading 11.02%
[2A[0JProgress:
[Unity (6000.3.20f1)] downloading 11.09%
[2A[0JProgress:
[Unity (6000.3.20f1)] downloading 11.17%
[2A[0JProgress:
[Unity (6000.3.20f1)] downloading 11.24%
[2A[0JProgress:
[Unity (6000.3.20f1)] downloading 11.30%
[2A[0JProgress:
[Unity (6000.3.20f1)] downloading 11.36%
[2A[0JProgress:
[Unity (6000.3.20f1)] downloading 11.43%
[2A[0JProgress:
[Unity (6000.3.20f1)] downloading 11.49%
[2A[0JProgress:
[Unity (6000.3.20f1)] downloading 11.53%
[2A[0JProgress:
[Unity (6000.3.20f1)] downloading 11.57%
[2A[0JProgress:
[Unity (6000.3.20f1)] downloading 11.62%
[2A[0JProgress:
[Unity (6000.3.20f1)] downloading 11.66%
[2A[0JProgress:
[Unity (6000.3.20f1)] downloading 11.70%
[2A[0JProgress:
[Unity (6000.3.20f1)] downloading 11.74%
[2A[0JProgress:
[Unity (6000.3.20f1)] downloading 11.78%
[2A[0JProgress:
[Unity (6000.3.20f1)] downloading 11.82%
[2A[0JProgress:
[Unity (6000.3.20f1)] downloading 11.86%
[2A[0JProgress:
[Unity (6000.3.20f1)] downloading 11.90%
[2A[0JProgress:
[Unity (6000.3.20f1)] downloading 11.94%
[2A[0JProgress:
[Unity (6000.3.20f1)] downloading 11.96%
[2A[0JProgress:
[Unity (6000.3.20f1)] downloading 11.99%
[2A[0JProgress:
[Unity (6000.3.20f1)] downloading 12.01%
[2A[0JProgress:
[Unity (6000.3.20f1)] downloading 12.04%
[2A[0JProgress:
[Unity (6000.3.20f1)] downloading 12.07%
[2A[0JProgress:
[Unity (6000.3.20f1)] downloading 12.10%
[2A[0JProgress:
[Unity (6000.3.20f1)] downloading 12.13%
[2A[0JProgress:
[Unity (6000.3.20f1)] downloading 12.17%
[2A[0JProgress:
[Unity (6000.3.20f1)] downloading 12.20%
[2A[0JProgress:
[Unity (6000.3.20f1)] downloading 12.23%
[2A[0JProgress:
[Unity (6000.3.20f1)] downloading 12.26%
[2A[0JProgress:
[Unity (6000.3.20f1)] downloading 12.29%
[2A[0JProgress:
[Unity (6000.3.20f1)] downloading 12.32%
[2A[0JProgress:
[Unity (6000.3.20f1)] downloading 12.35%
[2A[0JProgress:
[Unity (6000.3.20f1)] downloading 12.39%
[2A[0JProgress:
[Unity (6000.3.20f1)] downloading 12.42%
[2A[0JProgress:
[Unity (6000.3.20f1)] downloading 12.46%
[2A[0JProgress:
[Unity (6000.3.20f1)] downloading 12.51%
[2A[0JProgress:
[Unity (6000.3.20f1)] downloading 12.54%
[2A[0JProgress:
[Unity (6000.3.20f1)] downloading 12.58%
[2A[0JProgress:
[Unity (6000.3.20f1)] downloading 12.61%
[2A[0JProgress:
[Unity (6000.3.20f1)] downloading 12.65%
[2A[0JProgress:
[Unity (6000.3.20f1)] downloading 12.69%
[2A[0JProgress:
[Unity (6000.3.20f1)] downloading 12.72%
[2A[0JProgress:
[Unity (6000.3.20f1)] downloading 12.76%
[2A[0JProgress:
[Unity (6000.3.20f1)] downloading 12.81%
[2A[0JProgress:
[Unity (6000.3.20f1)] downloading 12.82%
[2A[0JProgress:
[Unity (6000.3.20f1)] downloading 12.85%
[2A[0JProgress:
[Unity (6000.3.20f1)] downloading 12.89%
[2A[0JProgress:
[Unity (6000.3.20f1)] downloading 12.93%
[2A[0JProgress:
[Unity (6000.3.20f1)] downloading 12.96%
[2A[0JProgress:
[Unity (6000.3.20f1)] downloading 13.01%
[2A[0JProgress:
[Unity (6000.3.20f1)] downloading 13.05%
[2A[0JProgress:
[Unity (6000.3.20f1)] downloading 13.11%
[2A[0JProgress:
[Unity (6000.3.20f1)] downloading 13.16%
[2A[0JProgress:
[Unity (6000.3.20f1)] downloading 13.20%
[2A[0JProgress:
[Unity (6000.3.20f1)] downloading 13.25%
[2A[0JProgress:
[Unity (6000.3.20f1)] downloading 13.28%
[2A[0JProgress:
[Unity (6000.3.20f1)] downloading 13.32%
[2A[0JProgress:
[Unity (6000.3.20f1)] downloading 13.35%
[2A[0JProgress:
[Unity (6000.3.20f1)] downloading 13.38%
[2A[0JProgress:
[Unity (6000.3.20f1)] downloading 13.41%
[2A[0JProgress:
[Unity (6000.3.20f1)] downloading 13.44%
[2A[0JProgress:
[Unity (6000.3.20f1)] downloading 13.47%
[2A[0JProgress:
[Unity (6000.3.20f1)] downloading 13.51%
[2A[0JProgress:
[Unity (6000.3.20f1)] downloading 13.53%
[2A[0JProgress:
[Unity (6000.3.20f1)] downloading 13.58%
[2A[0JProgress:
[Unity (6000.3.20f1)] downloading 13.63%
[2A[0JProgress:
[Unity (6000.3.20f1)] downloading 13.67%
[2A[0JProgress:
[Unity (6000.3.20f1)] downloading 13.71%
[2A[0JProgress:
[Unity (6000.3.20f1)] downloading 13.76%
[2A[0JProgress:
[Unity (6000.3.20f1)] downloading 13.82%
[2A[0JProgress:
[Unity (6000.3.20f1)] downloading 13.88%
[2A[0JProgress:
[Unity (6000.3.20f1)] downloading 13.94%
[2A[0JProgress:
[Unity (6000.3.20f1)] downloading 13.99%
[2A[0JProgress:
[Unity (6000.3.20f1)] downloading 14.06%
[2A[0JProgress:
[Unity (6000.3.20f1)] downloading 14.12%
[2A[0JProgress:
[Unity (6000.3.20f1)] downloading 14.18%
[2A[0JProgress:
[Unity (6000.3.20f1)] downloading 14.23%
[2A[0JProgress:
[Unity (6000.3.20f1)] downloading 14.26%
[2A[0JProgress:
[Unity (6000.3.20f1)] downloading 14.28%
[2A[0JProgress:
[Unity (6000.3.20f1)] downloading 14.31%
[2A[0JProgress:
[Unity (6000.3.20f1)] downloading 14.34%
[2A[0JProgress:
[Unity (6000.3.20f1)] downloading 14.37%
[2A[0JProgress:
[Unity (6000.3.20f1)] downloading 14.40%
[2A[0JProgress:
[Unity (6000.3.20f1)] downloading 14.43%
[2A[0JProgress:
[Unity (6000.3.20f1)] downloading 14.47%
[2A[0JProgress:
[Unity (6000.3.20f1)] downloading 14.50%
[2A[0JProgress:
[Unity (6000.3.20f1)] downloading 14.54%
[2A[0JProgress:
[Unity (6000.3.20f1)] downloading 14.57%
[2A[0JProgress:
[Unity (6000.3.20f1)] downloading 14.58%
[2A[0JProgress:
[Unity (6000.3.20f1)] downloading 14.61%
[2A[0JProgress:
[Unity (6000.3.20f1)] downloading 14.64%
[2A[0JProgress:
[Unity (6000.3.20f1)] downloading 14.67%
[2A[0JProgress:
[Unity (6000.3.20f1)] downloading 14.70%
[2A[0JProgress:
[Unity (6000.3.20f1)] downloading 14.73%
[2A[0JProgress:
[Unity (6000.3.20f1)] downloading 14.76%
[2A[0JProgress:
[Unity (6000.3.20f1)] downloading 14.79%
[2A[0JProgress:
[Unity (6000.3.20f1)] downloading 14.82%
[2A[0JProgress:
[Unity (6000.3.20f1)] downloading 14.85%
[2A[0JProgress:
[Unity (6000.3.20f1)] downloading 14.90%
[2A[0JProgress:
[Unity (6000.3.20f1)] downloading 14.94%
[2A[0JProgress:
[Unity (6000.3.20f1)] downloading 14.98%
[2A[0JProgress:
[Unity (6000.3.20f1)] downloading 15.01%
[2A[0JProgress:
[Unity (6000.3.20f1)] downloading 15.06%
[2A[0JProgress:
[Unity (6000.3.20f1)] downloading 15.10%
[2A[0JProgress:
[Unity (6000.3.20f1)] downloading 15.14%
[2A[0JProgress:
[Unity (6000.3.20f1)] downloading 15.17%
[2A[0JProgress:
[Unity (6000.3.20f1)] downloading 15.22%
[2A[0JProgress:
[Unity (6000.3.20f1)] downloading 15.28%
[2A[0JProgress:
[Unity (6000.3.20f1)] downloading 15.35%
[2A[0JProgress:
[Unity (6000.3.20f1)] downloading 15.42%
[2A[0JProgress:
[Unity (6000.3.20f1)] downloading 15.47%
[2A[0JProgress:
[Unity (6000.3.20f1)] downloading 15.52%
[2A[0JProgress:
[Unity (6000.3.20f1)] downloading 15.58%
[2A[0JProgress:
[Unity (6000.3.20f1)] downloading 15.63%
[2A[0JProgress:
[Unity (6000.3.20f1)] downloading 15.68%
[2A[0JProgress:
[Unity (6000.3.20f1)] downloading 15.74%
[2A[0JProgress:
[Unity (6000.3.20f1)] downloading 15.78%
[2A[0JProgress:
[Unity (6000.3.20f1)] downloading 15.83%
[2A[0JProgress:
[Unity (6000.3.20f1)] downloading 15.87%
[2A[0JProgress:
[Unity (6000.3.20f1)] downloading 15.94%
[2A[0JProgress:
[Unity (6000.3.20f1)] downloading 15.98%
[2A[0JProgress:
[Unity (6000.3.20f1)] downloading 16.02%
[2A[0JProgress:
[Unity (6000.3.20f1)] downloading 16.07%
[2A[0JProgress:
[Unity (6000.3.20f1)] downloading 16.13%
[2A[0JProgress:
[Unity (6000.3.20f1)] downloading 16.18%
[2A[0JProgress:
[Unity (6000.3.20f1)] downloading 16.21%
[2A[0JProgress:
[Unity (6000.3.20f1)] downloading 16.25%
[2A[0JProgress:
[Unity (6000.3.20f1)] downloading 16.26%
[2A[0JProgress:
[Unity (6000.3.20f1)] downloading 16.28%
[2A[0JProgress:
[Unity (6000.3.20f1)] downloading 16.29%
[2A[0JProgress:
[Unity (6000.3.20f1)] downloading 16.32%
[2A[0JProgress:
[Unity (6000.3.20f1)] downloading 16.34%
[2A[0JProgress:
[Unity (6000.3.20f1)] downloading 16.36%
[2A[0JProgress:
[Unity (6000.3.20f1)] downloading 16.40%
[2A[0JProgress:
[Unity (6000.3.20f1)] downloading 16.42%
[2A[0JProgress:
[Unity (6000.3.20f1)] downloading 16.44%
[2A[0JProgress:
[Unity (6000.3.20f1)] downloading 16.47%
[2A[0JProgress:
[Unity (6000.3.20f1)] downloading 16.49%
[2A[0JProgress:
[Unity (6000.3.20f1)] downloading 16.52%
[2A[0JProgress:
[Unity (6000.3.20f1)] downloading 16.55%
[2A[0JProgress:
[Unity (6000.3.20f1)] downloading 16.57%
[2A[0JProgress:
[Unity (6000.3.20f1)] downloading 16.60%
[2A[0JProgress:
[Unity (6000.3.20f1)] downloading 16.64%
[2A[0JProgress:
[Unity (6000.3.20f1)] downloading 16.67%
[2A[0JProgress:
[Unity (6000.3.20f1)] downloading 16.70%
[2A[0JProgress:
[Unity (6000.3.20f1)] downloading 16.73%
[2A[0JProgress:
[Unity (6000.3.20f1)] downloading 16.75%
[2A[0JProgress:
[Unity (6000.3.20f1)] downloading 16.79%
[2A[0JProgress:
[Unity (6000.3.20f1)] downloading 16.83%
[2A[0JProgress:
[Unity (6000.3.20f1)] downloading 16.87%
[2A[0JProgress:
[Unity (6000.3.20f1)] downloading 16.91%
[2A[0JProgress:
[Unity (6000.3.20f1)] downloading 16.96%
[2A[0JProgress:
[Unity (6000.3.20f1)] downloading 17.00%
[2A[0JProgress:
[Unity (6000.3.20f1)] downloading 17.03%
[2A[0JProgress:
[Unity (6000.3.20f1)] downloading 17.06%
[2A[0JProgress:
[Unity (6000.3.20f1)] downloading 17.09%
[2A[0JProgress:
[Unity (6000.3.20f1)] downloading 17.12%
[2A[0JProgress:
[Unity (6000.3.20f1)] downloading 17.15%
[2A[0JProgress:
[Unity (6000.3.20f1)] downloading 17.17%
[2A[0JProgress:
[Unity (6000.3.20f1)] downloading 17.20%
[2A[0JProgress:
[Unity (6000.3.20f1)] downloading 17.23%
[2A[0JProgress:
[Unity (6000.3.20f1)] downloading 17.26%
[2A[0JProgress:
[Unity (6000.3.20f1)] downloading 17.29%
[2A[0JProgress:
[Unity (6000.3.20f1)] downloading 17.32%
[2A[0JProgress:
[Unity (6000.3.20f1)] downloading 17.35%
[2A[0JProgress:
[Unity (6000.3.20f1)] downloading 17.38%
[2A[0JProgress:
[Unity (6000.3.20f1)] downloading 17.41%
[2A[0JProgress:
[Unity (6000.3.20f1)] downloading 17.45%
[2A[0JProgress:
[Unity (6000.3.20f1)] downloading 17.50%
[2A[0JProgress:
[Unity (6000.3.20f1)] downloading 17.54%
[2A[0JProgress:
[Unity (6000.3.20f1)] downloading 17.57%
[2A[0JProgress:
[Unity (6000.3.20f1)] downloading 17.60%
[2A[0JProgress:
[Unity (6000.3.20f1)] downloading 17.63%
[2A[0JProgress:
[Unity (6000.3.20f1)] downloading 17.66%
[2A[0JProgress:
[Unity (6000.3.20f1)] downloading 17.69%
[2A[0JProgress:
[Unity (6000.3.20f1)] downloading 17.72%
[2A[0JProgress:
[Unity (6000.3.20f1)] downloading 17.75%
[2A[0JProgress:
[Unity (6000.3.20f1)] downloading 17.77%
[2A[0JProgress:
[Unity (6000.3.20f1)] downloading 17.79%
[2A[0JProgress:
[Unity (6000.3.20f1)] downloading 17.82%
[2A[0JProgress:
[Unity (6000.3.20f1)] downloading 17.84%
[2A[0JProgress:
[Unity (6000.3.20f1)] downloading 17.87%
[2A[0JProgress:
[Unity (6000.3.20f1)] downloading 17.89%
[2A[0JProgress:
[Unity (6000.3.20f1)] downloading 17.92%
[2A[0JProgress:
[Unity (6000.3.20f1)] downloading 17.94%
[2A[0JProgress:
[Unity (6000.3.20f1)] downloading 17.97%
[2A[0JProgress:
[Unity (6000.3.20f1)] downloading 17.99%
[2A[0JProgress:
[Unity (6000.3.20f1)] downloading 18.01%
[2A[0JProgress:
[Unity (6000.3.20f1)] downloading 18.03%
[2A[0JProgress:
[Unity (6000.3.20f1)] downloading 18.06%
[2A[0JProgress:
[Unity (6000.3.20f1)] downloading 18.10%
[2A[0JProgress:
[Unity (6000.3.20f1)] downloading 18.12%
[2A[0JProgress:
[Unity (6000.3.20f1)] downloading 18.16%
[2A[0JProgress:
[Unity (6000.3.20f1)] downloading 18.20%
[2A[0JProgress:
[Unity (6000.3.20f1)] downloading 18.24%
[2A[0JProgress:
[Unity (6000.3.20f1)] downloading 18.26%
[2A[0JProgress:
[Unity (6000.3.20f1)] downloading 18.28%
[2A[0JProgress:
[Unity (6000.3.20f1)] downloading 18.31%
[2A[0JProgress:
[Unity (6000.3.20f1)] downloading 18.34%
[2A[0JProgress:
[Unity (6000.3.20f1)] downloading 18.37%
[2A[0JProgress:
[Unity (6000.3.20f1)] downloading 18.40%
[2A[0JProgress:
[Unity (6000.3.20f1)] downloading 18.42%
[2A[0JProgress:
[Unity (6000.3.20f1)] downloading 18.44%
[2A[0JProgress:
[Unity (6000.3.20f1)] downloading 18.46%
[2A[0JProgress:
[Unity (6000.3.20f1)] downloading 18.48%
[2A[0JProgress:
[Unity (6000.3.20f1)] downloading 18.50%
[2A[0JProgress:
[Unity (6000.3.20f1)] downloading 18.53%
[2A[0JProgress:
[Unity (6000.3.20f1)] downloading 18.56%
[2A[0JProgress:
[Unity (6000.3.20f1)] downloading 18.59%
[2A[0JProgress:
[Unity (6000.3.20f1)] downloading 18.62%
[2A[0JProgress:
[Unity (6000.3.20f1)] downloading 18.66%
[2A[0JProgress:
[Unity (6000.3.20f1)] downloading 18.69%
[2A[0JProgress:
[Unity (6000.3.20f1)] downloading 18.72%
[2A[0JProgress:
[Unity (6000.3.20f1)] downloading 18.74%
[2A[0JProgress:
[Unity (6000.3.20f1)] downloading 18.78%
[2A[0JProgress:
[Unity (6000.3.20f1)] downloading 18.82%
[2A[0JProgress:
[Unity (6000.3.20f1)] downloading 18.87%
[2A[0JProgress:
[Unity (6000.3.20f1)] downloading 18.91%
[2A[0JProgress:
[Unity (6000.3.20f1)] downloading 18.96%
[2A[0JProgress:
[Unity (6000.3.20f1)] downloading 19.00%
[2A[0JProgress:
[Unity (6000.3.20f1)] downloading 19.05%
[2A[0JProgress:
[Unity (6000.3.20f1)] downloading 19.11%
[2A[0JProgress:
[Unity (6000.3.20f1)] downloading 19.18%
[2A[0JProgress:
[Unity (6000.3.20f1)] downloading 19.24%
[2A[0JProgress:
[Unity (6000.3.20f1)] downloading 19.32%
[2A[0JProgress:
[Unity (6000.3.20f1)] downloading 19.39%
[2A[0JProgress:
[Unity (6000.3.20f1)] downloading 19.43%
[2A[0JProgress:
[Unity (6000.3.20f1)] downloading 19.49%
[2A[0JProgress:
[Unity (6000.3.20f1)] downloading 19.53%
[2A[0JProgress:
[Unity (6000.3.20f1)] downloading 19.59%
[2A[0JProgress:
[Unity (6000.3.20f1)] downloading 19.64%
[2A[0JProgress:
[Unity (6000.3.20f1)] downloading 19.70%
[2A[0JProgress:
[Unity (6000.3.20f1)] downloading 19.75%
[2A[0JProgress:
[Unity (6000.3.20f1)] downloading 19.80%
[2A[0JProgress:
[Unity (6000.3.20f1)] downloading 19.85%
[2A[0JProgress:
[Unity (6000.3.20f1)] downloading 19.91%
[2A[0JProgress:
[Unity (6000.3.20f1)] downloading 19.98%
[2A[0JProgress:
[Unity (6000.3.20f1)] downloading 20.06%
[2A[0JProgress:
[Unity (6000.3.20f1)] downloading 20.14%
[2A[0JProgress:
[Unity (6000.3.20f1)] downloading 20.22%
[2A[0JProgress:
[Unity (6000.3.20f1)] downloading 20.31%
[2A[0JProgress:
[Unity (6000.3.20f1)] downloading 20.38%
[2A[0JProgress:
[Unity (6000.3.20f1)] downloading 20.45%
[2A[0JProgress:
[Unity (6000.3.20f1)] downloading 20.52%
[2A[0JProgress:
[Unity (6000.3.20f1)] downloading 20.58%
[2A[0JProgress:
[Unity (6000.3.20f1)] downloading 20.63%
[2A[0JProgress:
[Unity (6000.3.20f1)] downloading 20.64%
[2A[0JProgress:
[Unity (6000.3.20f1)] downloading 20.65%
[2A[0JProgress:
[Unity (6000.3.20f1)] downloading 20.67%
[2A[0JProgress:
[Unity (6000.3.20f1)] downloading 20.69%
[2A[0JProgress:
[Unity (6000.3.20f1)] downloading 20.71%
[2A[0JProgress:
[Unity (6000.3.20f1)] downloading 20.73%
[2A[0JProgress:
[Unity (6000.3.20f1)] downloading 20.75%
[2A[0JProgress:
[Unity (6000.3.20f1)] downloading 20.77%
[2A[0JProgress:
[Unity (6000.3.20f1)] downloading 20.81%
[2A[0JProgress:
[Unity (6000.3.20f1)] downloading 20.84%
[2A[0JProgress:
[Unity (6000.3.20f1)] downloading 20.86%
[2A[0JProgress:
[Unity (6000.3.20f1)] downloading 20.88%
[2A[0JProgress:
[Unity (6000.3.20f1)] downloading 20.91%
[2A[0JProgress:
[Unity (6000.3.20f1)] downloading 20.93%
[2A[0JProgress:
[Unity (6000.3.20f1)] downloading 20.95%
[2A[0JProgress:
[Unity (6000.3.20f1)] downloading 20.98%
[2A[0JProgress:
[Unity (6000.3.20f1)] downloading 21.00%
[2A[0JProgress:
[Unity (6000.3.20f1)] downloading 21.03%
[2A[0JProgress:
[Unity (6000.3.20f1)] downloading 21.04%
[2A[0JProgress:
[Unity (6000.3.20f1)] downloading 21.06%
[2A[0JProgress:
[Unity (6000.3.20f1)] downloading 21.08%
[2A[0JProgress:
[Unity (6000.3.20f1)] downloading 21.10%
[2A[0JProgress:
[Unity (6000.3.20f1)] downloading 21.12%
[2A[0JProgress:
[Unity (6000.3.20f1)] downloading 21.13%
[2A[0JProgress:
[Unity (6000.3.20f1)] downloading 21.16%
[2A[0JProgress:
[Unity (6000.3.20f1)] downloading 21.18%
[2A[0JProgress:
[Unity (6000.3.20f1)] downloading 21.20%
[2A[0JProgress:
[Unity (6000.3.20f1)] downloading 21.22%
[2A[0JProgress:
[Unity (6000.3.20f1)] downloading 21.25%
[2A[0JProgress:
[Unity (6000.3.20f1)] downloading 21.28%
[2A[0JProgress:
[Unity (6000.3.20f1)] downloading 21.30%
[2A[0JProgress:
[Unity (6000.3.20f1)] downloading 21.34%
[2A[0JProgress:
[Unity (6000.3.20f1)] downloading 21.38%
[2A[0JProgress:
[Unity (6000.3.20f1)] downloading 21.40%
[2A[0JProgress:
[Unity (6000.3.20f1)] downloading 21.44%
[2A[0JProgress:
[Unity (6000.3.20f1)] downloading 21.47%
[2A[0JProgress:
[Unity (6000.3.20f1)] downloading 21.51%
[2A[0JProgress:
[Unity (6000.3.20f1)] downloading 21.55%
[2A[0JProgress:
[Unity (6000.3.20f1)] downloading 21.58%
[2A[0JProgress:
[Unity (6000.3.20f1)] downloading 21.60%
[2A[0JProgress:
[Unity (6000.3.20f1)] downloading 21.64%
[2A[0JProgress:
[Unity (6000.3.20f1)] downloading 21.68%
[2A[0JProgress:
[Unity (6000.3.20f1)] downloading 21.72%
[2A[0JProgress:
[Unity (6000.3.20f1)] downloading 21.77%
[2A[0JProgress:
[Unity (6000.3.20f1)] downloading 21.82%
[2A[0JProgress:
[Unity (6000.3.20f1)] downloading 21.89%
[2A[0JProgress:
[Unity (6000.3.20f1)] downloading 22.02%
[2A[0JProgress:
[Unity (6000.3.20f1)] downloading 22.16%
[2A[0JProgress:
[Unity (6000.3.20f1)] downloading 22.31%
[2A[0JProgress:
[Unity (6000.3.20f1)] downloading 22.45%
[2A[0JProgress:
[Unity (6000.3.20f1)] downloading 22.60%
[2A[0JProgress:
[Unity (6000.3.20f1)] downloading 22.73%
[2A[0JProgress:
[Unity (6000.3.20f1)] downloading 22.86%
[2A[0JProgress:
[Unity (6000.3.20f1)] downloading 23.00%
[2A[0JProgress:
[Unity (6000.3.20f1)] downloading 23.14%
[2A[0JProgress:
[Unity (6000.3.20f1)] downloading 23.28%
[2A[0JProgress:
[Unity (6000.3.20f1)] downloading 23.37%
[2A[0JProgress:
[Unity (6000.3.20f1)] downloading 23.51%
[2A[0JProgress:
[Unity (6000.3.20f1)] downloading 23.66%
[2A[0JProgress:
[Unity (6000.3.20f1)] downloading 23.80%
[2A[0JProgress:
[Unity (6000.3.20f1)] downloading 23.95%
[2A[0JProgress:
[Unity (6000.3.20f1)] downloading 24.07%
[2A[0JProgress:
[Unity (6000.3.20f1)] downloading 24.21%
[2A[0JProgress:
[Unity (6000.3.20f1)] downloading 24.32%
[2A[0JProgress:
[Unity (6000.3.20f1)] downloading 24.43%
[2A[0JProgress:
[Unity (6000.3.20f1)] downloading 24.53%
[2A[0JProgress:
[Unity (6000.3.20f1)] downloading 24.65%
[2A[0JProgress:
[Unity (6000.3.20f1)] downloading 24.77%
[2A[0JProgress:
[Unity (6000.3.20f1)] downloading 24.93%
[2A[0JProgress:
[Unity (6000.3.20f1)] downloading 25.08%
[2A[0JProgress:
[Unity (6000.3.20f1)] downloading 25.21%
[2A[0JProgress:
[Unity (6000.3.20f1)] downloading 25.34%
[2A[0JProgress:
[Unity (6000.3.20f1)] downloading 25.48%
[2A[0JProgress:
[Unity (6000.3.20f1)] downloading 25.59%
[2A[0JProgress:
[Unity (6000.3.20f1)] downloading 25.64%
[2A[0JProgress:
[Unity (6000.3.20f1)] downloading 25.69%
[2A[0JProgress:
[Unity (6000.3.20f1)] downloading 25.81%
[2A[0JProgress:
[Unity (6000.3.20f1)] downloading 25.93%
[2A[0JProgress:
[Unity (6000.3.20f1)] downloading 26.04%
[2A[0JProgress:
[Unity (6000.3.20f1)] downloading 26.18%
[2A[0JProgress:
[Unity (6000.3.20f1)] downloading 26.28%
[2A[0JProgress:
[Unity (6000.3.20f1)] downloading 26.41%
[2A[0JProgress:
[Unity (6000.3.20f1)] downloading 26.50%
[2A[0JProgress:
[Unity (6000.3.20f1)] downloading 26.60%
[2A[0JProgress:
[Unity (6000.3.20f1)] downloading 26.68%
[2A[0JProgress:
[Unity (6000.3.20f1)] downloading 26.79%
[2A[0JProgress:
[Unity (6000.3.20f1)] downloading 26.86%
[2A[0JProgress:
[Unity (6000.3.20f1)] downloading 26.97%
[2A[0JProgress:
[Unity (6000.3.20f1)] downloading 27.09%
[2A[0JProgress:
[Unity (6000.3.20f1)] downloading 27.16%
[2A[0JProgress:
[Unity (6000.3.20f1)] downloading 27.25%
[2A[0JProgress:
[Unity (6000.3.20f1)] downloading 27.36%
[2A[0JProgress:
[Unity (6000.3.20f1)] downloading 27.49%
[2A[0JProgress:
[Unity (6000.3.20f1)] downloading 27.61%
[2A[0JProgress:
[Unity (6000.3.20f1)] downloading 27.72%
[2A[0JProgress:
[Unity (6000.3.20f1)] downloading 27.83%
[2A[0JProgress:
[Unity (6000.3.20f1)] downloading 27.94%
[2A[0JProgress:
[Unity (6000.3.20f1)] downloading 28.08%
[2A[0JProgress:
[Unity (6000.3.20f1)] downloading 28.20%
[2A[0JProgress:
[Unity (6000.3.20f1)] downloading 28.30%
[2A[0JProgress:
[Unity (6000.3.20f1)] downloading 28.37%
[2A[0JProgress:
[Unity (6000.3.20f1)] downloading 28.48%
[2A[0JProgress:
[Unity (6000.3.20f1)] downloading 28.60%
[2A[0JProgress:
[Unity (6000.3.20f1)] downloading 28.73%
[2A[0JProgress:
[Unity (6000.3.20f1)] downloading 28.85%
[2A[0JProgress:
[Unity (6000.3.20f1)] downloading 28.98%
[2A[0JProgress:
[Unity (6000.3.20f1)] downloading 29.11%
[2A[0JProgress:
[Unity (6000.3.20f1)] downloading 29.22%
[2A[0JProgress:
[Unity (6000.3.20f1)] downloading 29.35%
[2A[0JProgress:
[Unity (6000.3.20f1)] downloading 29.49%
[2A[0JProgress:
[Unity (6000.3.20f1)] downloading 29.62%
[2A[0JProgress:
[Unity (6000.3.20f1)] downloading 29.73%
[2A[0JProgress:
[Unity (6000.3.20f1)] downloading 29.83%
[2A[0JProgress:
[Unity (6000.3.20f1)] downloading 29.94%
[2A[0JProgress:
[Unity (6000.3.20f1)] downloading 30.05%
[2A[0JProgress:
[Unity (6000.3.20f1)] downloading 30.13%
[2A[0JProgress:
[Unity (6000.3.20f1)] downloading 30.20%
[2A[0JProgress:
[Unity (6000.3.20f1)] downloading 30.30%
[2A[0JProgress:
[Unity (6000.3.20f1)] downloading 30.41%
[2A[0JProgress:
[Unity (6000.3.20f1)] downloading 30.51%
[2A[0JProgress:
[Unity (6000.3.20f1)] downloading 30.62%
[2A[0JProgress:
[Unity (6000.3.20f1)] downloading 30.67%
[2A[0JProgress:
[Unity (6000.3.20f1)] downloading 30.74%
[2A[0JProgress:
[Unity (6000.3.20f1)] downloading 30.80%
[2A[0JProgress:
[Unity (6000.3.20f1)] downloading 30.88%
[2A[0JProgress:
[Unity (6000.3.20f1)] downloading 30.96%
[2A[0JProgress:
[Unity (6000.3.20f1)] downloading 31.06%
[2A[0JProgress:
[Unity (6000.3.20f1)] downloading 31.16%
[2A[0JProgress:
[Unity (6000.3.20f1)] downloading 31.28%
[2A[0JProgress:
[Unity (6000.3.20f1)] downloading 31.42%
[2A[0JProgress:
[Unity (6000.3.20f1)] downloading 31.54%
[2A[0JProgress:
[Unity (6000.3.20f1)] downloading 31.62%
[2A[0JProgress:
[Unity (6000.3.20f1)] downloading 31.72%
[2A[0JProgress:
[Unity (6000.3.20f1)] downloading 31.83%
[2A[0JProgress:
[Unity (6000.3.20f1)] downloading 31.97%
[2A[0JProgress:
[Unity (6000.3.20f1)] downloading 32.07%
[2A[0JProgress:
[Unity (6000.3.20f1)] downloading 32.18%
[2A[0JProgress:
[Unity (6000.3.20f1)] downloading 32.28%
[2A[0JProgress:
[Unity (6000.3.20f1)] downloading 32.38%
[2A[0JProgress:
[Unity (6000.3.20f1)] downloading 32.51%
[2A[0JProgress:
[Unity (6000.3.20f1)] downloading 32.65%
[2A[0JProgress:
[Unity (6000.3.20f1)] downloading 32.80%
[2A[0JProgress:
[Unity (6000.3.20f1)] downloading 32.92%
[2A[0JProgress:
[Unity (6000.3.20f1)] downloading 33.00%
[2A[0JProgress:
[Unity (6000.3.20f1)] downloading 33.14%
[2A[0JProgress:
[Unity (6000.3.20f1)] downloading 33.27%
[2A[0JProgress:
[Unity (6000.3.20f1)] downloading 33.39%
[2A[0JProgress:
[Unity (6000.3.20f1)] downloading 33.52%
[2A[0JProgress:
[Unity (6000.3.20f1)] downloading 33.64%
[2A[0JProgress:
[Unity (6000.3.20f1)] downloading 33.75%
[2A[0JProgress:
[Unity (6000.3.20f1)] downloading 33.88%
[2A[0JProgress:
[Unity (6000.3.20f1)] downloading 34.00%
[2A[0JProgress:
[Unity (6000.3.20f1)] downloading 34.13%
[2A[0JProgress:
[Unity (6000.3.20f1)] downloading 34.25%
[2A[0JProgress:
[Unity (6000.3.20f1)] downloading 34.37%
[2A[0JProgress:
[Unity (6000.3.20f1)] downloading 34.48%
[2A[0JProgress:
[Unity (6000.3.20f1)] downloading 34.59%
[2A[0JProgress:
[Unity (6000.3.20f1)] downloading 34.73%
[2A[0JProgress:
[Unity (6000.3.20f1)] downloading 34.86%
[2A[0JProgress:
[Unity (6000.3.20f1)] downloading 35.01%
[2A[0JProgress:
[Unity (6000.3.20f1)] downloading 35.15%
[2A[0JProgress:
[Unity (6000.3.20f1)] downloading 35.28%
[2A[0JProgress:
[Unity (6000.3.20f1)] downloading 35.44%
[2A[0JProgress:
[Unity (6000.3.20f1)] downloading 35.58%
[2A[0JProgress:
[Unity (6000.3.20f1)] downloading 35.71%
[2A[0JProgress:
[Unity (6000.3.20f1)] downloading 35.82%
[2A[0JProgress:
[Unity (6000.3.20f1)] downloading 35.97%
[2A[0JProgress:
[Unity (6000.3.20f1)] downloading 36.11%
[2A[0JProgress:
[Unity (6000.3.20f1)] downloading 36.24%
[2A[0JProgress:
[Unity (6000.3.20f1)] downloading 36.37%
[2A[0JProgress:
[Unity (6000.3.20f1)] downloading 36.51%
[2A[0JProgress:
[Unity (6000.3.20f1)] downloading 36.64%
[2A[0JProgress:
[Unity (6000.3.20f1)] downloading 36.77%
[2A[0JProgress:
[Unity (6000.3.20f1)] downloading 36.88%
[2A[0JProgress:
[Unity (6000.3.20f1)] downloading 37.01%
[2A[0JProgress:
[Unity (6000.3.20f1)] downloading 37.12%
[2A[0JProgress:
[Unity (6000.3.20f1)] downloading 37.25%
[2A[0JProgress:
[Unity (6000.3.20f1)] downloading 37.33%
[2A[0JProgress:
[Unity (6000.3.20f1)] downloading 37.40%
[2A[0JProgress:
[Unity (6000.3.20f1)] downloading 37.51%
[2A[0JProgress:
[Unity (6000.3.20f1)] downloading 37.60%
[2A[0JProgress:
[Unity (6000.3.20f1)] downloading 37.71%
[2A[0JProgress:
[Unity (6000.3.20f1)] downloading 37.85%
[2A[0JProgress:
[Unity (6000.3.20f1)] downloading 37.96%
[2A[0JProgress:
[Unity (6000.3.20f1)] downloading 38.05%
[2A[0JProgress:
[Unity (6000.3.20f1)] downloading 38.15%
[2A[0JProgress:
[Unity (6000.3.20f1)] downloading 38.23%
[2A[0JProgress:
[Unity (6000.3.20f1)] downloading 38.32%
[2A[0JProgress:
[Unity (6000.3.20f1)] downloading 38.43%
[2A[0JProgress:
[Unity (6000.3.20f1)] downloading 38.53%
[2A[0JProgress:
[Unity (6000.3.20f1)] downloading 38.64%
[2A[0JProgress:
[Unity (6000.3.20f1)] downloading 38.79%
[2A[0JProgress:
[Unity (6000.3.20f1)] downloading 38.91%
[2A[0JProgress:
[Unity (6000.3.20f1)] downloading 39.03%
[2A[0JProgress:
[Unity (6000.3.20f1)] downloading 39.12%
[2A[0JProgress:
[Unity (6000.3.20f1)] downloading 39.16%
[2A[0JProgress:
[Unity (6000.3.20f1)] downloading 39.20%
[2A[0JProgress:
[Unity (6000.3.20f1)] downloading 39.27%
[2A[0JProgress:
[Unity (6000.3.20f1)] downloading 39.37%
[2A[0JProgress:
[Unity (6000.3.20f1)] downloading 39.47%
[2A[0JProgress:
[Unity (6000.3.20f1)] downloading 39.58%
[2A[0JProgress:
[Unity (6000.3.20f1)] downloading 39.71%
[2A[0JProgress:
[Unity (6000.3.20f1)] downloading 39.84%
[2A[0JProgress:
[Unity (6000.3.20f1)] downloading 39.93%
[2A[0JProgress:
[Unity (6000.3.20f1)] downloading 40.07%
[2A[0JProgress:
[Unity (6000.3.20f1)] downloading 40.21%
[2A[0JProgress:
[Unity (6000.3.20f1)] downloading 40.29%
[2A[0JProgress:
[Unity (6000.3.20f1)] downloading 40.36%
[2A[0JProgress:
[Unity (6000.3.20f1)] downloading 40.42%
[2A[0JProgress:
[Unity (6000.3.20f1)] downloading 40.53%
[2A[0JProgress:
[Unity (6000.3.20f1)] downloading 40.66%
[2A[0JProgress:
[Unity (6000.3.20f1)] downloading 40.80%
[2A[0JProgress:
[Unity (6000.3.20f1)] downloading 40.90%
[2A[0JProgress:
[Unity (6000.3.20f1)] downloading 41.04%
[2A[0JProgress:
[Unity (6000.3.20f1)] downloading 41.18%
[2A[0JProgress:
[Unity (6000.3.20f1)] downloading 41.29%
[2A[0JProgress:
[Unity (6000.3.20f1)] downloading 41.44%
[2A[0JProgress:
[Unity (6000.3.20f1)] downloading 41.58%
[2A[0JProgress:
[Unity (6000.3.20f1)] downloading 41.74%
[2A[0JProgress:
[Unity (6000.3.20f1)] downloading 41.88%
[2A[0JProgress:
[Unity (6000.3.20f1)] downloading 42.04%
[2A[0JProgress:
[Unity (6000.3.20f1)] downloading 42.19%
[2A[0JProgress:
[Unity (6000.3.20f1)] downloading 42.34%
[2A[0JProgress:
[Unity (6000.3.20f1)] downloading 42.47%
[2A[0JProgress:
[Unity (6000.3.20f1)] downloading 42.63%
[2A[0JProgress:
[Unity (6000.3.20f1)] downloading 42.75%
[2A[0JProgress:
[Unity (6000.3.20f1)] downloading 42.91%
[2A[0JProgress:
[Unity (6000.3.20f1)] downloading 43.06%
[2A[0JProgress:
[Unity (6000.3.20f1)] downloading 43.21%
[2A[0JProgress:
[Unity (6000.3.20f1)] downloading 43.35%
[2A[0JProgress:
[Unity (6000.3.20f1)] downloading 43.51%
[2A[0JProgress:
[Unity (6000.3.20f1)] downloading 43.65%
[2A[0JProgress:
[Unity (6000.3.20f1)] downloading 43.80%
[2A[0JProgress:
[Unity (6000.3.20f1)] downloading 43.95%
[2A[0JProgress:
[Unity (6000.3.20f1)] downloading 44.11%
[2A[0JProgress:
[Unity (6000.3.20f1)] downloading 44.27%
[2A[0JProgress:
[Unity (6000.3.20f1)] downloading 44.44%
[2A[0JProgress:
[Unity (6000.3.20f1)] downloading 44.60%
[2A[0JProgress:
[Unity (6000.3.20f1)] downloading 44.76%
[2A[0JProgress:
[Unity (6000.3.20f1)] downloading 44.88%
[2A[0JProgress:
[Unity (6000.3.20f1)] downloading 45.02%
[2A[0JProgress:
[Unity (6000.3.20f1)] downloading 45.15%
[2A[0JProgress:
[Unity (6000.3.20f1)] downloading 45.27%
[2A[0JProgress:
[Unity (6000.3.20f1)] downloading 45.40%
[2A[0JProgress:
[Unity (6000.3.20f1)] downloading 45.53%
[2A[0JProgress:
[Unity (6000.3.20f1)] downloading 45.66%
[2A[0JProgress:
[Unity (6000.3.20f1)] downloading 45.81%
[2A[0JProgress:
[Unity (6000.3.20f1)] downloading 45.94%
[2A[0JProgress:
[Unity (6000.3.20f1)] downloading 46.08%
[2A[0JProgress:
[Unity (6000.3.20f1)] downloading 46.23%
[2A[0JProgress:
[Unity (6000.3.20f1)] downloading 46.36%
[2A[0JProgress:
[Unity (6000.3.20f1)] downloading 46.44%
[2A[0JProgress:
[Unity (6000.3.20f1)] downloading 46.48%
[2A[0JProgress:
[Unity (6000.3.20f1)] downloading 46.53%
[2A[0JProgress:
[Unity (6000.3.20f1)] downloading 46.63%
[2A[0JProgress:
[Unity (6000.3.20f1)] downloading 46.75%
[2A[0JProgress:
[Unity (6000.3.20f1)] downloading 46.89%
[2A[0JProgress:
[Unity (6000.3.20f1)] downloading 47.03%
[2A[0JProgress:
[Unity (6000.3.20f1)] downloading 47.16%
[2A[0JProgress:
[Unity (6000.3.20f1)] downloading 47.29%
[2A[0JProgress:
[Unity (6000.3.20f1)] downloading 47.42%
[2A[0JProgress:
[Unity (6000.3.20f1)] downloading 47.56%
[2A[0JProgress:
[Unity (6000.3.20f1)] downloading 47.70%
[2A[0JProgress:
[Unity (6000.3.20f1)] downloading 47.84%
[2A[0JProgress:
[Unity (6000.3.20f1)] downloading 47.94%
[2A[0JProgress:
[Unity (6000.3.20f1)] downloading 48.06%
[2A[0JProgress:
[Unity (6000.3.20f1)] downloading 48.18%
[2A[0JProgress:
[Unity (6000.3.20f1)] downloading 48.31%
[2A[0JProgress:
[Unity (6000.3.20f1)] downloading 48.44%
[2A[0JProgress:
[Unity (6000.3.20f1)] downloading 48.57%
[2A[0JProgress:
[Unity (6000.3.20f1)] downloading 48.70%
[2A[0JProgress:
[Unity (6000.3.20f1)] downloading 48.81%
[2A[0JProgress:
[Unity (6000.3.20f1)] downloading 48.91%
[2A[0JProgress:
[Unity (6000.3.20f1)] downloading 49.05%
[2A[0JProgress:
[Unity (6000.3.20f1)] downloading 49.14%
[2A[0JProgress:
[Unity (6000.3.20f1)] downloading 49.23%
[2A[0JProgress:
[Unity (6000.3.20f1)] downloading 49.37%
[2A[0JProgress:
[Unity (6000.3.20f1)] downloading 49.52%
[2A[0JProgress:
[Unity (6000.3.20f1)] downloading 49.65%
[2A[0JProgress:
[Unity (6000.3.20f1)] downloading 49.78%
[2A[0JProgress:
[Unity (6000.3.20f1)] downloading 49.87%
[2A[0JProgress:
[Unity (6000.3.20f1)] downloading 50.00%
[2A[0JProgress:
[Unity (6000.3.20f1)] downloading 50.14%
[2A[0JProgress:
[Unity (6000.3.20f1)] downloading 50.24%
[2A[0JProgress:
[Unity (6000.3.20f1)] downloading 50.37%
[2A[0JProgress:
[Unity (6000.3.20f1)] downloading 50.50%
[2A[0JProgress:
[Unity (6000.3.20f1)] downloading 50.62%
[2A[0JProgress:
[Unity (6000.3.20f1)] downloading 50.75%
[2A[0JProgress:
[Unity (6000.3.20f1)] downloading 50.89%
[2A[0JProgress:
[Unity (6000.3.20f1)] downloading 51.04%
[2A[0JProgress:
[Unity (6000.3.20f1)] downloading 51.18%
[2A[0JProgress:
[Unity (6000.3.20f1)] downloading 51.26%
[2A[0JProgress:
[Unity (6000.3.20f1)] downloading 51.39%
[2A[0JProgress:
[Unity (6000.3.20f1)] downloading 51.54%
[2A[0JProgress:
[Unity (6000.3.20f1)] downloading 51.68%
[2A[0JProgress:
[Unity (6000.3.20f1)] downloading 51.81%
[2A[0JProgress:
[Unity (6000.3.20f1)] downloading 51.96%
[2A[0JProgress:
[Unity (6000.3.20f1)] downloading 52.10%
[2A[0JProgress:
[Unity (6000.3.20f1)] downloading 52.22%
[2A[0JProgress:
[Unity (6000.3.20f1)] downloading 52.38%
[2A[0JProgress:
[Unity (6000.3.20f1)] downloading 52.50%
[2A[0JProgress:
[Unity (6000.3.20f1)] downloading 52.65%
[2A[0JProgress:
[Unity (6000.3.20f1)] downloading 52.78%
[2A[0JProgress:
[Unity (6000.3.20f1)] downloading 52.94%
[2A[0JProgress:
[Unity (6000.3.20f1)] downloading 53.09%
[2A[0JProgress:
[Unity (6000.3.20f1)] downloading 53.23%
[2A[0JProgress:
[Unity (6000.3.20f1)] downloading 53.38%
[2A[0JProgress:
[Unity (6000.3.20f1)] downloading 53.53%
[2A[0JProgress:
[Unity (6000.3.20f1)] downloading 53.67%
[2A[0JProgress:
[Unity (6000.3.20f1)] downloading 53.82%
[2A[0JProgress:
[Unity (6000.3.20f1)] downloading 53.98%
[2A[0JProgress:
[Unity (6000.3.20f1)] downloading 54.14%
[2A[0JProgress:
[Unity (6000.3.20f1)] downloading 54.27%
[2A[0JProgress:
[Unity (6000.3.20f1)] downloading 54.43%
[2A[0JProgress:
[Unity (6000.3.20f1)] downloading 54.59%
[2A[0JProgress:
[Unity (6000.3.20f1)] downloading 54.73%
[2A[0JProgress:
[Unity (6000.3.20f1)] downloading 54.88%
[2A[0JProgress:
[Unity (6000.3.20f1)] downloading 55.02%
[2A[0JProgress:
[Unity (6000.3.20f1)] downloading 55.16%
[2A[0JProgress:
[Unity (6000.3.20f1)] downloading 55.30%
[2A[0JProgress:
[Unity (6000.3.20f1)] downloading 55.44%
[2A[0JProgress:
[Unity (6000.3.20f1)] downloading 55.60%
[2A[0JProgress:
[Unity (6000.3.20f1)] downloading 55.75%
[2A[0JProgress:
[Unity (6000.3.20f1)] downloading 55.87%
[2A[0JProgress:
[Unity (6000.3.20f1)] downloading 56.01%
[2A[0JProgress:
[Unity (6000.3.20f1)] downloading 56.11%
[2A[0JProgress:
[Unity (6000.3.20f1)] downloading 56.15%
[2A[0JProgress:
[Unity (6000.3.20f1)] downloading 56.19%
[2A[0JProgress:
[Unity (6000.3.20f1)] downloading 56.22%
[2A[0JProgress:
[Unity (6000.3.20f1)] downloading 56.25%
[2A[0JProgress:
[Unity (6000.3.20f1)] downloading 56.28%
[2A[0JProgress:
[Unity (6000.3.20f1)] downloading 56.31%
[2A[0JProgress:
[Unity (6000.3.20f1)] downloading 56.35%
[2A[0JProgress:
[Unity (6000.3.20f1)] downloading 56.38%
[2A[0JProgress:
[Unity (6000.3.20f1)] downloading 56.42%
[2A[0JProgress:
[Unity (6000.3.20f1)] downloading 56.47%
[2A[0JProgress:
[Unity (6000.3.20f1)] downloading 56.51%
[2A[0JProgress:
[Unity (6000.3.20f1)] downloading 56.57%
[2A[0JProgress:
[Unity (6000.3.20f1)] downloading 56.65%
[2A[0JProgress:
[Unity (6000.3.20f1)] downloading 56.72%
[2A[0JProgress:
[Unity (6000.3.20f1)] downloading 56.79%
[2A[0JProgress:
[Unity (6000.3.20f1)] downloading 56.86%
[2A[0JProgress:
[Unity (6000.3.20f1)] downloading 56.94%
[2A[0JProgress:
[Unity (6000.3.20f1)] downloading 57.02%
[2A[0JProgress:
[Unity (6000.3.20f1)] downloading 57.09%
[2A[0JProgress:
[Unity (6000.3.20f1)] downloading 57.17%
[2A[0JProgress:
[Unity (6000.3.20f1)] downloading 57.25%
[2A[0JProgress:
[Unity (6000.3.20f1)] downloading 57.30%
[2A[0JProgress:
[Unity (6000.3.20f1)] downloading 57.35%
[2A[0JProgress:
[Unity (6000.3.20f1)] downloading 57.44%
[2A[0JProgress:
[Unity (6000.3.20f1)] downloading 57.49%
[2A[0JProgress:
[Unity (6000.3.20f1)] downloading 57.59%
[2A[0JProgress:
[Unity (6000.3.20f1)] downloading 57.67%
[2A[0JProgress:
[Unity (6000.3.20f1)] downloading 57.80%
[2A[0JProgress:
[Unity (6000.3.20f1)] downloading 57.92%
[2A[0JProgress:
[Unity (6000.3.20f1)] downloading 58.01%
[2A[0JProgress:
[Unity (6000.3.20f1)] downloading 58.13%
[2A[0JProgress:
[Unity (6000.3.20f1)] downloading 58.20%
[2A[0JProgress:
[Unity (6000.3.20f1)] downloading 58.25%
[2A[0JProgress:
[Unity (6000.3.20f1)] downloading 58.32%
[2A[0JProgress:
[Unity (6000.3.20f1)] downloading 58.37%
[2A[0JProgress:
[Unity (6000.3.20f1)] downloading 58.43%
[2A[0JProgress:
[Unity (6000.3.20f1)] downloading 58.50%
[2A[0JProgress:
[Unity (6000.3.20f1)] downloading 58.59%
[2A[0JProgress:
[Unity (6000.3.20f1)] downloading 58.68%
[2A[0JProgress:
[Unity (6000.3.20f1)] downloading 58.77%
[2A[0JProgress:
[Unity (6000.3.20f1)] downloading 58.87%
[2A[0JProgress:
[Unity (6000.3.20f1)] downloading 58.97%
[2A[0JProgress:
[Unity (6000.3.20f1)] downloading 59.06%
[2A[0JProgress:
[Unity (6000.3.20f1)] downloading 59.17%
[2A[0JProgress:
[Unity (6000.3.20f1)] downloading 59.27%
[2A[0JProgress:
[Unity (6000.3.20f1)] downloading 59.40%
[2A[0JProgress:
[Unity (6000.3.20f1)] downloading 59.53%
[2A[0JProgress:
[Unity (6000.3.20f1)] downloading 59.63%
[2A[0JProgress:
[Unity (6000.3.20f1)] downloading 59.75%
[2A[0JProgress:
[Unity (6000.3.20f1)] downloading 59.88%
[2A[0JProgress:
[Unity (6000.3.20f1)] downloading 60.01%
[2A[0JProgress:
[Unity (6000.3.20f1)] downloading 60.14%
[2A[0JProgress:
[Unity (6000.3.20f1)] downloading 60.29%
[2A[0JProgress:
[Unity (6000.3.20f1)] downloading 60.42%
[2A[0JProgress:
[Unity (6000.3.20f1)] downloading 60.56%
[2A[0JProgress:
[Unity (6000.3.20f1)] downloading 60.69%
[2A[0JProgress:
[Unity (6000.3.20f1)] downloading 60.83%
[2A[0JProgress:
[Unity (6000.3.20f1)] downloading 60.95%
[2A[0JProgress:
[Unity (6000.3.20f1)] downloading 61.06%
[2A[0JProgress:
[Unity (6000.3.20f1)] downloading 61.19%
[2A[0JProgress:
[Unity (6000.3.20f1)] downloading 61.32%
[2A[0JProgress:
[Unity (6000.3.20f1)] downloading 61.46%
[2A[0JProgress:
[Unity (6000.3.20f1)] downloading 61.59%
[2A[0JProgress:
[Unity (6000.3.20f1)] downloading 61.72%
[2A[0JProgress:
[Unity (6000.3.20f1)] downloading 61.87%
[2A[0JProgress:
[Unity (6000.3.20f1)] downloading 62.03%
[2A[0JProgress:
[Unity (6000.3.20f1)] downloading 62.16%
[2A[0JProgress:
[Unity (6000.3.20f1)] downloading 62.27%
[2A[0JProgress:
[Unity (6000.3.20f1)] downloading 62.30%
[2A[0JProgress:
[Unity (6000.3.20f1)] downloading 62.36%
[2A[0JProgress:
[Unity (6000.3.20f1)] downloading 62.47%
[2A[0JProgress:
[Unity (6000.3.20f1)] downloading 62.61%
[2A[0JProgress:
[Unity (6000.3.20f1)] downloading 62.74%
[2A[0JProgress:
[Unity (6000.3.20f1)] downloading 62.88%
[2A[0JProgress:
[Unity (6000.3.20f1)] downloading 63.04%
[2A[0JProgress:
[Unity (6000.3.20f1)] downloading 63.20%
[2A[0JProgress:
[Unity (6000.3.20f1)] downloading 63.35%
[2A[0JProgress:
[Unity (6000.3.20f1)] downloading 63.50%
[2A[0JProgress:
[Unity (6000.3.20f1)] downloading 63.64%
[2A[0JProgress:
[Unity (6000.3.20f1)] downloading 63.77%
[2A[0JProgress:
[Unity (6000.3.20f1)] downloading 63.87%
[2A[0JProgress:
[Unity (6000.3.20f1)] downloading 64.00%
[2A[0JProgress:
[Unity (6000.3.20f1)] downloading 64.12%
[2A[0JProgress:
[Unity (6000.3.20f1)] downloading 64.25%
[2A[0JProgress:
[Unity (6000.3.20f1)] downloading 64.39%
[2A[0JProgress:
[Unity (6000.3.20f1)] downloading 64.55%
[2A[0JProgress:
[Unity (6000.3.20f1)] downloading 64.70%
[2A[0JProgress:
[Unity (6000.3.20f1)] downloading 64.86%
[2A[0JProgress:
[Unity (6000.3.20f1)] downloading 65.01%
[2A[0JProgress:
[Unity (6000.3.20f1)] downloading 65.15%
[2A[0JProgress:
[Unity (6000.3.20f1)] downloading 65.26%
[2A[0JProgress:
[Unity (6000.3.20f1)] downloading 65.40%
[2A[0JProgress:
[Unity (6000.3.20f1)] downloading 65.56%
[2A[0JProgress:
[Unity (6000.3.20f1)] downloading 65.69%
[2A[0JProgress:
[Unity (6000.3.20f1)] downloading 65.83%
[2A[0JProgress:
[Unity (6000.3.20f1)] downloading 65.96%
[2A[0JProgress:
[Unity (6000.3.20f1)] downloading 66.09%
[2A[0JProgress:
[Unity (6000.3.20f1)] downloading 66.23%
[2A[0JProgress:
[Unity (6000.3.20f1)] downloading 66.38%
[2A[0JProgress:
[Unity (6000.3.20f1)] downloading 66.53%
[2A[0JProgress:
[Unity (6000.3.20f1)] downloading 66.67%
[2A[0JProgress:
[Unity (6000.3.20f1)] downloading 66.82%
[2A[0JProgress:
[Unity (6000.3.20f1)] downloading 66.97%
[2A[0JProgress:
[Unity (6000.3.20f1)] downloading 67.13%
[2A[0JProgress:
[Unity (6000.3.20f1)] downloading 67.28%
[2A[0JProgress:
[Unity (6000.3.20f1)] downloading 67.45%
[2A[0JProgress:
[Unity (6000.3.20f1)] downloading 67.59%
[2A[0JProgress:
[Unity (6000.3.20f1)] downloading 67.74%
[2A[0JProgress:
[Unity (6000.3.20f1)] downloading 67.88%
[2A[0JProgress:
[Unity (6000.3.20f1)] downloading 68.01%
[2A[0JProgress:
[Unity (6000.3.20f1)] downloading 68.15%
[2A[0JProgress:
[Unity (6000.3.20f1)] downloading 68.29%
[2A[0JProgress:
[Unity (6000.3.20f1)] downloading 68.40%
[2A[0JProgress:
[Unity (6000.3.20f1)] downloading 68.54%
[2A[0JProgress:
[Unity (6000.3.20f1)] downloading 68.69%
[2A[0JProgress:
[Unity (6000.3.20f1)] downloading 68.83%
[2A[0JProgress:
[Unity (6000.3.20f1)] downloading 68.98%
[2A[0JProgress:
[Unity (6000.3.20f1)] downloading 69.13%
[2A[0JProgress:
[Unity (6000.3.20f1)] downloading 69.30%
[2A[0JProgress:
[Unity (6000.3.20f1)] downloading 69.47%
[2A[0JProgress:
[Unity (6000.3.20f1)] downloading 69.63%
[2A[0JProgress:
[Unity (6000.3.20f1)] downloading 69.79%
[2A[0JProgress:
[Unity (6000.3.20f1)] downloading 69.92%
[2A[0JProgress:
[Unity (6000.3.20f1)] downloading 70.07%
[2A[0JProgress:
[Unity (6000.3.20f1)] downloading 70.15%
[2A[0JProgress:
[Unity (6000.3.20f1)] downloading 70.23%
[2A[0JProgress:
[Unity (6000.3.20f1)] downloading 70.30%
[2A[0JProgress:
[Unity (6000.3.20f1)] downloading 70.34%
[2A[0JProgress:
[Unity (6000.3.20f1)] downloading 70.41%
[2A[0JProgress:
[Unity (6000.3.20f1)] downloading 70.45%
[2A[0JProgress:
[Unity (6000.3.20f1)] downloading 70.52%
[2A[0JProgress:
[Unity (6000.3.20f1)] downloading 70.59%
[2A[0JProgress:
[Unity (6000.3.20f1)] downloading 70.64%
[2A[0JProgress:
[Unity (6000.3.20f1)] downloading 70.73%
[2A[0JProgress:
[Unity (6000.3.20f1)] downloading 70.80%
[2A[0JProgress:
[Unity (6000.3.20f1)] downloading 70.86%
[2A[0JProgress:
[Unity (6000.3.20f1)] downloading 70.95%
[2A[0JProgress:
[Unity (6000.3.20f1)] downloading 71.04%
[2A[0JProgress:
[Unity (6000.3.20f1)] downloading 71.14%
[2A[0JProgress:
[Unity (6000.3.20f1)] downloading 71.24%
[2A[0JProgress:
[Unity (6000.3.20f1)] downloading 71.37%
[2A[0JProgress:
[Unity (6000.3.20f1)] downloading 71.52%
[2A[0JProgress:
[Unity (6000.3.20f1)] downloading 71.65%
[2A[0JProgress:
[Unity (6000.3.20f1)] downloading 71.81%
[2A[0JProgress:
[Unity (6000.3.20f1)] downloading 71.95%
[2A[0JProgress:
[Unity (6000.3.20f1)] downloading 72.06%
[2A[0JProgress:
[Unity (6000.3.20f1)] downloading 72.18%
[2A[0JProgress:
[Unity (6000.3.20f1)] downloading 72.31%
[2A[0JProgress:
[Unity (6000.3.20f1)] downloading 72.45%
[2A[0JProgress:
[Unity (6000.3.20f1)] downloading 72.58%
[2A[0JProgress:
[Unity (6000.3.20f1)] downloading 72.72%
[2A[0JProgress:
[Unity (6000.3.20f1)] downloading 72.87%
[2A[0JProgress:
[Unity (6000.3.20f1)] downloading 73.00%
[2A[0JProgress:
[Unity (6000.3.20f1)] downloading 73.13%
[2A[0JProgress:
[Unity (6000.3.20f1)] downloading 73.27%
[2A[0JProgress:
[Unity (6000.3.20f1)] downloading 73.39%
[2A[0JProgress:
[Unity (6000.3.20f1)] downloading 73.54%
[2A[0JProgress:
[Unity (6000.3.20f1)] downloading 73.64%
[2A[0JProgress:
[Unity (6000.3.20f1)] downloading 73.79%
[2A[0JProgress:
[Unity (6000.3.20f1)] downloading 73.94%
[2A[0JProgress:
[Unity (6000.3.20f1)] downloading 74.09%
[2A[0JProgress:
[Unity (6000.3.20f1)] downloading 74.23%
[2A[0JProgress:
[Unity (6000.3.20f1)] downloading 74.38%
[2A[0JProgress:
[Unity (6000.3.20f1)] downloading 74.51%
[2A[0JProgress:
[Unity (6000.3.20f1)] downloading 74.65%
[2A[0JProgress:
[Unity (6000.3.20f1)] downloading 74.79%
[2A[0JProgress:
[Unity (6000.3.20f1)] downloading 74.94%
[2A[0JProgress:
[Unity (6000.3.20f1)] downloading 75.05%
[2A[0JProgress:
[Unity (6000.3.20f1)] downloading 75.18%
[2A[0JProgress:
[Unity (6000.3.20f1)] downloading 75.33%
[2A[0JProgress:
[Unity (6000.3.20f1)] downloading 75.49%
[2A[0JProgress:
[Unity (6000.3.20f1)] downloading 75.62%
[2A[0JProgress:
[Unity (6000.3.20f1)] downloading 75.76%
[2A[0JProgress:
[Unity (6000.3.20f1)] downloading 75.90%
[2A[0JProgress:
[Unity (6000.3.20f1)] downloading 76.04%
[2A[0JProgress:
[Unity (6000.3.20f1)] downloading 76.17%
[2A[0JProgress:
[Unity (6000.3.20f1)] downloading 76.32%
[2A[0JProgress:
[Unity (6000.3.20f1)] downloading 76.45%
[2A[0JProgress:
[Unity (6000.3.20f1)] downloading 76.52%
[2A[0JProgress:
[Unity (6000.3.20f1)] downloading 76.65%
[2A[0JProgress:
[Unity (6000.3.20f1)] downloading 76.78%
[2A[0JProgress:
[Unity (6000.3.20f1)] downloading 76.91%
[2A[0JProgress:
[Unity (6000.3.20f1)] downloading 77.02%
[2A[0JProgress:
[Unity (6000.3.20f1)] downloading 77.18%
[2A[0JProgress:
[Unity (6000.3.20f1)] downloading 77.33%
[2A[0JProgress:
[Unity (6000.3.20f1)] downloading 77.46%
[2A[0JProgress:
[Unity (6000.3.20f1)] downloading 77.60%
[2A[0JProgress:
[Unity (6000.3.20f1)] downloading 77.75%
[2A[0JProgress:
[Unity (6000.3.20f1)] downloading 77.89%
[2A[0JProgress:
[Unity (6000.3.20f1)] downloading 78.06%
[2A[0JProgress:
[Unity (6000.3.20f1)] downloading 78.22%
[2A[0JProgress:
[Unity (6000.3.20f1)] downloading 78.37%
[2A[0JProgress:
[Unity (6000.3.20f1)] downloading 78.51%
[2A[0JProgress:
[Unity (6000.3.20f1)] downloading 78.65%
[2A[0JProgress:
[Unity (6000.3.20f1)] downloading 78.78%
[2A[0JProgress:
[Unity (6000.3.20f1)] downloading 78.92%
[2A[0JProgress:
[Unity (6000.3.20f1)] downloading 79.05%
[2A[0JProgress:
[Unity (6000.3.20f1)] downloading 79.20%
[2A[0JProgress:
[Unity (6000.3.20f1)] downloading 79.35%
[2A[0JProgress:
[Unity (6000.3.20f1)] downloading 79.45%
[2A[0JProgress:
[Unity (6000.3.20f1)] downloading 79.57%
[2A[0JProgress:
[Unity (6000.3.20f1)] downloading 79.70%
[2A[0JProgress:
[Unity (6000.3.20f1)] downloading 79.84%
[2A[0JProgress:
[Unity (6000.3.20f1)] downloading 79.96%
[2A[0JProgress:
[Unity (6000.3.20f1)] downloading 80.10%
[2A[0JProgress:
[Unity (6000.3.20f1)] downloading 80.25%
[2A[0JProgress:
[Unity (6000.3.20f1)] downloading 80.39%
[2A[0JProgress:
[Unity (6000.3.20f1)] downloading 80.53%
[2A[0JProgress:
[Unity (6000.3.20f1)] downloading 80.69%
[2A[0JProgress:
[Unity (6000.3.20f1)] downloading 80.81%
[2A[0JProgress:
[Unity (6000.3.20f1)] downloading 80.93%
[2A[0JProgress:
[Unity (6000.3.20f1)] downloading 81.09%
[2A[0JProgress:
[Unity (6000.3.20f1)] downloading 81.23%
[2A[0JProgress:
[Unity (6000.3.20f1)] downloading 81.38%
[2A[0JProgress:
[Unity (6000.3.20f1)] downloading 81.52%
[2A[0JProgress:
[Unity (6000.3.20f1)] downloading 81.66%
[2A[0JProgress:
[Unity (6000.3.20f1)] downloading 81.79%
[2A[0JProgress:
[Unity (6000.3.20f1)] downloading 81.94%
[2A[0JProgress:
[Unity (6000.3.20f1)] downloading 82.08%
[2A[0JProgress:
[Unity (6000.3.20f1)] downloading 82.21%
[2A[0JProgress:
[Unity (6000.3.20f1)] downloading 82.36%
[2A[0JProgress:
[Unity (6000.3.20f1)] downloading 82.51%
[2A[0JProgress:
[Unity (6000.3.20f1)] downloading 82.64%
[2A[0JProgress:
[Unity (6000.3.20f1)] downloading 82.79%
[2A[0JProgress:
[Unity (6000.3.20f1)] downloading 82.91%
[2A[0JProgress:
[Unity (6000.3.20f1)] downloading 83.03%
[2A[0JProgress:
[Unity (6000.3.20f1)] downloading 83.18%
[2A[0JProgress:
[Unity (6000.3.20f1)] downloading 83.32%
[2A[0JProgress:
[Unity (6000.3.20f1)] downloading 83.46%
[2A[0JProgress:
[Unity (6000.3.20f1)] downloading 83.59%
[2A[0JProgress:
[Unity (6000.3.20f1)] downloading 83.74%
[2A[0JProgress:
[Unity (6000.3.20f1)] downloading 83.89%
[2A[0JProgress:
[Unity (6000.3.20f1)] downloading 84.03%
[2A[0JProgress:
[Unity (6000.3.20f1)] downloading 84.18%
[2A[0JProgress:
[Unity (6000.3.20f1)] downloading 84.28%
[2A[0JProgress:
[Unity (6000.3.20f1)] downloading 84.42%
[2A[0JProgress:
[Unity (6000.3.20f1)] downloading 84.56%
[2A[0JProgress:
[Unity (6000.3.20f1)] downloading 84.70%
[2A[0JProgress:
[Unity (6000.3.20f1)] downloading 84.84%
[2A[0JProgress:
[Unity (6000.3.20f1)] downloading 84.95%
[2A[0JProgress:
[Unity (6000.3.20f1)] downloading 85.08%
[2A[0JProgress:
[Unity (6000.3.20f1)] downloading 85.21%
[2A[0JProgress:
[Unity (6000.3.20f1)] downloading 85.36%
[2A[0JProgress:
[Unity (6000.3.20f1)] downloading 85.50%
[2A[0JProgress:
[Unity (6000.3.20f1)] downloading 85.63%
[2A[0JProgress:
[Unity (6000.3.20f1)] downloading 85.75%
[2A[0JProgress:
[Unity (6000.3.20f1)] downloading 85.89%
[2A[0JProgress:
[Unity (6000.3.20f1)] downloading 86.02%
[2A[0JProgress:
[Unity (6000.3.20f1)] downloading 86.17%
[2A[0JProgress:
[Unity (6000.3.20f1)] downloading 86.32%
[2A[0JProgress:
[Unity (6000.3.20f1)] downloading 86.46%
[2A[0JProgress:
[Unity (6000.3.20f1)] downloading 86.59%
[2A[0JProgress:
[Unity (6000.3.20f1)] downloading 86.74%
[2A[0JProgress:
[Unity (6000.3.20f1)] downloading 86.86%
[2A[0JProgress:
[Unity (6000.3.20f1)] downloading 86.99%
[2A[0JProgress:
[Unity (6000.3.20f1)] downloading 87.14%
[2A[0JProgress:
[Unity (6000.3.20f1)] downloading 87.29%
[2A[0JProgress:
[Unity (6000.3.20f1)] downloading 87.43%
[2A[0JProgress:
[Unity (6000.3.20f1)] downloading 87.57%
[2A[0JProgress:
[Unity (6000.3.20f1)] downloading 87.71%
[2A[0JProgress:
[Unity (6000.3.20f1)] downloading 87.84%
[2A[0JProgress:
[Unity (6000.3.20f1)] downloading 87.98%
[2A[0JProgress:
[Unity (6000.3.20f1)] downloading 88.12%
[2A[0JProgress:
[Unity (6000.3.20f1)] downloading 88.25%
[2A[0JProgress:
[Unity (6000.3.20f1)] downloading 88.39%
[2A[0JProgress:
[Unity (6000.3.20f1)] downloading 88.55%
[2A[0JProgress:
[Unity (6000.3.20f1)] downloading 88.69%
[2A[0JProgress:
[Unity (6000.3.20f1)] downloading 88.84%
[2A[0JProgress:
[Unity (6000.3.20f1)] downloading 89.00%
[2A[0JProgress:
[Unity (6000.3.20f1)] downloading 89.15%
[2A[0JProgress:
[Unity (6000.3.20f1)] downloading 89.30%
[2A[0JProgress:
[Unity (6000.3.20f1)] downloading 89.41%
[2A[0JProgress:
[Unity (6000.3.20f1)] downloading 89.54%
[2A[0JProgress:
[Unity (6000.3.20f1)] downloading 89.68%
[2A[0JProgress:
[Unity (6000.3.20f1)] downloading 89.83%
[2A[0JProgress:
[Unity (6000.3.20f1)] downloading 89.98%
[2A[0JProgress:
[Unity (6000.3.20f1)] downloading 90.12%
[2A[0JProgress:
[Unity (6000.3.20f1)] downloading 90.28%
[2A[0JProgress:
[Unity (6000.3.20f1)] downloading 90.43%
[2A[0JProgress:
[Unity (6000.3.20f1)] downloading 90.58%
[2A[0JProgress:
[Unity (6000.3.20f1)] downloading 90.75%
[2A[0JProgress:
[Unity (6000.3.20f1)] downloading 90.86%
[2A[0JProgress:
[Unity (6000.3.20f1)] downloading 91.01%
[2A[0JProgress:
[Unity (6000.3.20f1)] downloading 91.15%
[2A[0JProgress:
[Unity (6000.3.20f1)] downloading 91.28%
[2A[0JProgress:
[Unity (6000.3.20f1)] downloading 91.42%
[2A[0JProgress:
[Unity (6000.3.20f1)] downloading 91.58%
[2A[0JProgress:
[Unity (6000.3.20f1)] downloading 91.73%
[2A[0JProgress:
[Unity (6000.3.20f1)] downloading 91.86%
[2A[0JProgress:
[Unity (6000.3.20f1)] downloading 92.01%
[2A[0JProgress:
[Unity (6000.3.20f1)] downloading 92.16%
[2A[0JProgress:
[Unity (6000.3.20f1)] downloading 92.30%
[2A[0JProgress:
[Unity (6000.3.20f1)] downloading 92.41%
[2A[0JProgress:
[Unity (6000.3.20f1)] downloading 92.57%
[2A[0JProgress:
[Unity (6000.3.20f1)] downloading 92.71%
[2A[0JProgress:
[Unity (6000.3.20f1)] downloading 92.85%
[2A[0JProgress:
[Unity (6000.3.20f1)] downloading 92.97%
[2A[0JProgress:
[Unity (6000.3.20f1)] downloading 93.11%
[2A[0JProgress:
[Unity (6000.3.20f1)] downloading 93.26%
[2A[0JProgress:
[Unity (6000.3.20f1)] downloading 93.40%
[2A[0JProgress:
[Unity (6000.3.20f1)] downloading 93.55%
[2A[0JProgress:
[Unity (6000.3.20f1)] downloading 93.71%
[2A[0JProgress:
[Unity (6000.3.20f1)] downloading 93.82%
[2A[0JProgress:
[Unity (6000.3.20f1)] downloading 93.97%
[2A[0JProgress:
[Unity (6000.3.20f1)] downloading 94.11%
[2A[0JProgress:
[Unity (6000.3.20f1)] downloading 94.24%
[2A[0JProgress:
[Unity (6000.3.20f1)] downloading 94.37%
[2A[0JProgress:
[Unity (6000.3.20f1)] downloading 94.50%
[2A[0JProgress:
[Unity (6000.3.20f1)] downloading 94.63%
[2A[0JProgress:
[Unity (6000.3.20f1)] downloading 94.78%
[2A[0JProgress:
[Unity (6000.3.20f1)] downloading 94.91%
[2A[0JProgress:
[Unity (6000.3.20f1)] downloading 95.07%
[2A[0JProgress:
[Unity (6000.3.20f1)] downloading 95.19%
[2A[0JProgress:
[Unity (6000.3.20f1)] downloading 95.33%
[2A[0JProgress:
[Unity (6000.3.20f1)] downloading 95.46%
[2A[0JProgress:
[Unity (6000.3.20f1)] downloading 95.61%
[2A[0JProgress:
[Unity (6000.3.20f1)] downloading 95.75%
[2A[0JProgress:
[Unity (6000.3.20f1)] downloading 95.87%
[2A[0JProgress:
[Unity (6000.3.20f1)] downloading 96.02%
[2A[0JProgress:
[Unity (6000.3.20f1)] downloading 96.14%
[2A[0JProgress:
[Unity (6000.3.20f1)] downloading 96.30%
[2A[0JProgress:
[Unity (6000.3.20f1)] downloading 96.46%
[2A[0JProgress:
[Unity (6000.3.20f1)] downloading 96.58%
[2A[0JProgress:
[Unity (6000.3.20f1)] downloading 96.70%
[2A[0JProgress:
[Unity (6000.3.20f1)] downloading 96.85%
[2A[0JProgress:
[Unity (6000.3.20f1)] downloading 96.98%
[2A[0JProgress:
[Unity (6000.3.20f1)] downloading 97.12%
[2A[0JProgress:
[Unity (6000.3.20f1)] downloading 97.26%
[2A[0JProgress:
[Unity (6000.3.20f1)] downloading 97.41%
[2A[0JProgress:
[Unity (6000.3.20f1)] downloading 97.55%
[2A[0JProgress:
[Unity (6000.3.20f1)] downloading 97.70%
[2A[0JProgress:
[Unity (6000.3.20f1)] downloading 97.82%
[2A[0JProgress:
[Unity (6000.3.20f1)] downloading 97.96%
[2A[0JProgress:
[Unity (6000.3.20f1)] downloading 98.10%
[2A[0JProgress:
[Unity (6000.3.20f1)] downloading 98.23%
[2A[0JProgress:
[Unity (6000.3.20f1)] downloading 98.37%
[2A[0JProgress:
[Unity (6000.3.20f1)] downloading 98.51%
[2A[0JProgress:
[Unity (6000.3.20f1)] downloading 98.66%
[2A[0JProgress:
[Unity (6000.3.20f1)] downloading 98.79%
[2A[0JProgress:
[Unity (6000.3.20f1)] downloading 98.93%
[2A[0JProgress:
[Unity (6000.3.20f1)] downloading 99.10%
[2A[0JProgress:
[Unity (6000.3.20f1)] downloading 99.25%
[2A[0JProgress:
[Unity (6000.3.20f1)] downloading 99.39%
[2A[0JProgress:
[Unity (6000.3.20f1)] downloading 99.53%
[2A[0JProgress:
[Unity (6000.3.20f1)] downloading 99.67%
[2A[0JProgress:
[Unity (6000.3.20f1)] downloading 99.76%
[2A[0JProgress:
[Unity (6000.3.20f1)] downloading 99.90%
[2A[0JProgress:
[Unity (6000.3.20f1)] finished downloading.
[2A[0JProgress:
[Unity (6000.3.20f1)] queued for install.
[2A[0JProgress:
[Unity (6000.3.20f1)] validating installation...
[2A[0JProgress:
[Unity (6000.3.20f1)] installing...
[2A[0JProgress:
[Unity (6000.3.20f1)] installed successfully.
All Tasks Completed Successfully.
