[Licensing::Module] Trying to connect to existing licensing client channel...
Built from '6000.3/staging' branch; Version is '6000.3.20f1 (c9ba695d4f07) revision 13220457'; Using compiler version '194234433'; Build Type 'Release'
OS: 'Windows 11  (10.0.26200) CoreSingleLanguage' Language: 'en' Physical Memory: 32472 MB
BatchMode: 1, IsHumanControllingUs: 0, StartBugReporterOnCrash: 0, Is64bit: 1
[Licensing::IpcConnector] Successfully connected to: "LicenseClient-benli" at "2026-08-09T15:51:03.239252Z"
System  architecture: x64
Process architecture: x64
Date: 2026-08-09T15:51:03Z

COMMAND LINE ARGUMENTS:
C:\Program Files\Unity\Hub\Editor\6000.3.20f1\Editor\Unity.exe
-batchmode
-quit
-projectPath
C:\CutMyBodyPlease\Unity\AnatomyXR
-executeMethod
CutMyBodyPlease.Hospital.Stage05.Editor.HospitalStage05R41Builder.BuildAndValidateR41
-logFile
C:\CutMyBodyPlease\Reviews\HospitalExterior\Stage05_R41\Unity_6000.3.20f1_R41BuildGate_final.log
Successfully changed project path to: C:\CutMyBodyPlease\Unity\AnatomyXR
C:/CutMyBodyPlease/Unity/AnatomyXR
[UnityMemory] Configuration Parameters - Can be set up in boot.config
    "memorysetup-temp-allocator-size-nav-mesh-worker=65536"
    "memorysetup-temp-allocator-size-audio-worker=65536"
    "memorysetup-temp-allocator-size-gfx=262144"
    "memorysetup-allocator-temp-initial-block-size-main=262144"
    "memorysetup-allocator-temp-initial-block-size-worker=262144"
    "memorysetup-temp-allocator-size-background-worker=32768"
    "memorysetup-temp-allocator-size-job-worker=262144"
    "memorysetup-temp-allocator-size-preload-manager=33554432"
    "memorysetup-temp-allocator-size-gi-baking-worker=262144"
    "memorysetup-temp-allocator-size-gi-baking-worker=262144"
    "memorysetup-temp-allocator-size-gi-baking-worker=262144"
    "memorysetup-temp-allocator-size-gi-baking-worker=262144"
    "memorysetup-temp-allocator-size-gi-baking-worker=262144"
    "memorysetup-bucket-allocator-granularity=16"
    "memorysetup-bucket-allocator-bucket-count=8"
    "memorysetup-bucket-allocator-block-size=33554432"
    "memorysetup-bucket-allocator-block-count=8"
    "memorysetup-main-allocator-block-size=16777216"
    "memorysetup-thread-allocator-block-size=16777216"
    "memorysetup-gfx-main-allocator-block-size=16777216"
    "memorysetup-gfx-thread-allocator-block-size=16777216"
    "memorysetup-cache-allocator-block-size=4194304"
    "memorysetup-typetree-allocator-block-size=2097152"
    "memorysetup-profiler-bucket-allocator-granularity=16"
    "memorysetup-profiler-bucket-allocator-bucket-count=8"
    "memorysetup-profiler-bucket-allocator-block-size=33554432"
    "memorysetup-profiler-bucket-allocator-block-count=8"
    "memorysetup-profiler-allocator-block-size=16777216"
    "memorysetup-profiler-editor-allocator-block-size=1048576"
    "memorysetup-temp-allocator-size-main=16777216"
    "memorysetup-job-temp-allocator-block-size=2097152"
    "memorysetup-job-temp-allocator-block-size-background=1048576"
    "memorysetup-job-temp-allocator-reduction-small-platforms=262144"
    "memorysetup-temp-allocator-size-cloud-worker=32768"
Player connection [63920]  Target information:

Player connection [63920]  * "[IP] 192.168.56.1 [Port] 55504 [Flags] 2 [Guid] 4208548513 [EditorId] 4208548513 [Version] 1048832 [Id] WindowsEditor(7,Ben0928) [Debug] 1 [PackageName] WindowsEditor [ProjectName] Editor" 

Player connection [63920]  * "[IP] 172.19.25.183 [Port] 55504 [Flags] 2 [Guid] 4208548513 [EditorId] 4208548513 [Version] 1048832 [Id] WindowsEditor(7,Ben0928) [Debug] 1 [PackageName] WindowsEditor [ProjectName] Editor" 

Player connection [63920] Host joined multi-casting on [225.0.0.222:54997]...
Player connection [63920] Host joined alternative multi-casting on [225.0.0.222:34997]...
Input System module state changed to: Initialized.
[Physics::Module] Initialized fallback backend.
[Physics::Module] Id: 0xdecafbad
[Package Manager] Connected to IPC stream "Upm-65316" after 0.2 seconds.
[Licensing::Module] Licensing is not yet initialized.
[Licensing::Client] Error: HandshakeResponse reported an error:
	ResponseCode: 505
	ResponseStatus: Unsupported protocol version '1.18.1'.
[Licensing::Module] Error: Failed to handshake to channel: "LicenseClient-benli"
[Licensing::IpcConnector] LicenseClient-benli channel disconnected successfully.
[Licensing::IpcConnector] Channel LicenseClient-benli-6000.3.20 doesn't exist
[Licensing::Module] Successfully launched the LicensingClient (PId: 62756)
[Licensing::IpcConnector] Successfully connected to: "LicenseClient-benli-6000.3.20" at "2026-08-09T15:51:05.0878952Z"
[Licensing::Client] Code 10 while verifying Licensing Client signature (process Id: 62756, path: "C:/Program Files/Unity/Hub/Editor/6000.3.20f1/Editor/Data/Resources/Licensing/Client/Unity.Licensing.Client.exe")
[Licensing::Module] LicensingClient has failed validation; ignoring
[Licensing::Client] Handshaking with LicensingClient:
  Version:                 1.18.1+9fbee8e
  Session Id:              fa35d49114734c2faf9bd7830a7061cc
  Correlation Id:          0a6d5e84379a9be2e5666fc1837dbdb4
  External correlation Id: 4176464265741636364
  Machine Id:              K/xaE00r9U15jR2vrRRSBHB/pCQ=
[Licensing::Module] Successfully connected to LicensingClient on channel: "LicenseClient-benli-6000.3.20" (connect: 0.25s, validation: 0.25s, handshake: 0.01s)
[Licensing::IpcConnector] Successfully connected to: "LicenseClient-benli-6000.3.20-notifications" at "2026-08-09T15:51:05.3494701Z"
[Licensing::Module] Connected to LicensingClient (PId: 62756, launch time: 0.00, total connection time: 0.51s)
[Licensing::Module] Error: Access token is unavailable; failed to update
[Licensing::Client] Successfully resolved entitlement details
[Licensing::Module] License group:
  Id: 18968468702908-UnityPersXXXX
  Product: Unity Personal
  Type: Assigned
  Expiration: Unlimited
[Licensing::Client] Successfully updated license, isAsync: True, time: 0.01
[Licensing::Client] Successfully resolved entitlement details
[Licensing::Module] Licensing Background thread has ended after 2.14s
[Licensing::Module] Licensing is initialized (took 1.37s).
[Licensing::Client] Successfully resolved entitlement details
Library Redirect Path: Library/
[Physics::Module] Selected backend.
[Physics::Module] Name: PhysX
[Physics::Module] Id: 0xf2b8ea05
[Physics::Module] SDK Version: 4.1.2
[Physics::Module] Integration Version: 1.0.0
[Physics::Module] Threading Mode: Multi-Threaded
Artifact Garbage Collection - Removed 1 unused hashed content files
Refreshing native plugins compatible for Editor in 0.53 ms, found 0 plugins.
Preloading 0 native plugins for Editor in 0.00 ms.
Initialize engine version: 6000.3.20f1 (c9ba695d4f07)
[Subsystems] Discovering subsystems at path C:/Program Files/Unity/Hub/Editor/6000.3.20f1/Editor/Data/Resources/UnitySubsystems
[Subsystems] Discovering subsystems at path C:/CutMyBodyPlease/Unity/AnatomyXR/Assets
GfxDevice: creating device client; kGfxThreadingModeNonThreaded
Direct3D:
    Version:  Direct3D 11.0 [level 11.1]
    Renderer: NVIDIA GeForce RTX 4050 Laptop GPU (ID=0x28e1)
    Vendor:   NVIDIA
    VRAM:     5920 MB
    Driver:   32.0.15.9595
Initialize mono
Mono path[0] = 'C:/Program Files/Unity/Hub/Editor/6000.3.20f1/Editor/Data/Managed'
Mono path[1] = 'C:/Program Files/Unity/Hub/Editor/6000.3.20f1/Editor/Data/MonoBleedingEdge/lib/mono/unityjit-win32'
Mono config path = 'C:/Program Files/Unity/Hub/Editor/6000.3.20f1/Editor/Data/MonoBleedingEdge/etc'
Using monoOptions --debugger-agent=transport=dt_socket,embedding=1,server=y,suspend=n,address=127.0.0.1:56316
Using cacheserver namespaces - metadata:defaultmetadata, artifacts:defaultartifacts
Using cacheserver namespaces - metadata:defaultmetadata, artifacts:defaultartifacts
ImportWorker Server TCP listen port: 0
AcceleratorClientConnectionCallback - disconnected - :0
Begin MonoManager ReloadAssembly
Registering precompiled unity dll's ...
Register platform support module: C:/Program Files/Unity/Hub/Editor/6000.3.20f1/Editor/Data/PlaybackEngines/WindowsStandaloneSupport/UnityEditor.WindowsStandalone.Extensions.dll
Registered in 0.001273 seconds.
- Loaded All Assemblies, in  0.311 seconds
Native extension for WindowsStandalone target not found
Package Manager log level set to [2]
ScheduleIndexationOnStartup MainProcess:False IndexOnStartup:False
Mono: successfully reloaded assembly
- Finished resetting the current domain, in  0.286 seconds
Domain Reload Profiling: 595ms
	BeginReloadAssembly (106ms)
		ExecutionOrderSort (0ms)
		DisableScriptedObjects (0ms)
		BackupInstance (0ms)
		ReleaseScriptingObjects (0ms)
		CreateAndSetChildDomain (14ms)
	RebuildCommonClasses (28ms)
	RebuildNativeTypeToScriptingClass (12ms)
	initialDomainReloadingComplete (35ms)
	LoadAllAssembliesAndSetupDomain (128ms)
		LoadAssemblies (90ms)
		RebuildTransferFunctionScriptingTraits (0ms)
		AnalyzeDomain (126ms)
			TypeCache.Refresh (124ms)
				TypeCache.ScanAssembly (113ms)
			BuildScriptInfoCaches (0ms)
			ResolveRequiredComponents (0ms)
	FinalizeReload (286ms)
		ReleaseScriptCaches (0ms)
		RebuildScriptCaches (0ms)
		SetupLoadedEditorAssemblies (258ms)
			LogAssemblyErrors (0ms)
			InitializePlatformSupportModulesInManaged (35ms)
			SetLoadedEditorAssemblies (3ms)
			BeforeProcessingInitializeOnLoad (58ms)
			ProcessInitializeOnLoadAttributes (102ms)
			ProcessInitializeOnLoadMethodAttributes (60ms)
			AfterProcessingInitializeOnLoad (0ms)
			EditorAssembliesLoaded (0ms)
		ExecutionOrderSort2 (0ms)
		AwakeInstancesAfterBackupRestoration (0ms)
[Licensing::Client] Successfully resolved entitlement details
Application.AssetDatabase Initial Refresh Start
[Package Manager] Restoring resolved packages state from cache
[Licensing::Client] Successfully resolved entitlement details
[Package Manager] Registered 55 packages:
  Packages from [https://packages.unity.com]:
    com.unity.inputsystem@1.20.0 (location: C:\CutMyBodyPlease\Unity\AnatomyXR\Library\PackageCache\com.unity.inputsystem@7a4e1a2a8194)
    com.unity.xr.interaction.toolkit@3.5.1 (location: C:\CutMyBodyPlease\Unity\AnatomyXR\Library\PackageCache\com.unity.xr.interaction.toolkit@63ca3b7ce776)
    com.unity.xr.management@4.7.0 (location: C:\CutMyBodyPlease\Unity\AnatomyXR\Library\PackageCache\com.unity.xr.management@2ad85c7dd480)
    com.unity.xr.openxr@1.17.1 (location: C:\CutMyBodyPlease\Unity\AnatomyXR\Library\PackageCache\com.unity.xr.openxr@58837b2992e0)
    com.unity.xr.core-utils@2.6.0 (location: C:\CutMyBodyPlease\Unity\AnatomyXR\Library\PackageCache\com.unity.xr.core-utils@a8b900321199)
    com.unity.xr.legacyinputhelpers@2.1.13 (location: C:\CutMyBodyPlease\Unity\AnatomyXR\Library\PackageCache\com.unity.xr.legacyinputhelpers@9535ff2c27ac)
    com.unity.mathematics@1.3.3 (location: C:\CutMyBodyPlease\Unity\AnatomyXR\Library\PackageCache\com.unity.mathematics@19a9377c4ffa)
    com.unity.searcher@4.9.4 (location: C:\CutMyBodyPlease\Unity\AnatomyXR\Library\PackageCache\com.unity.searcher@d45a78918735)
    com.unity.burst@1.8.29 (location: C:\CutMyBodyPlease\Unity\AnatomyXR\Library\PackageCache\com.unity.burst@6bb9aca3ef38)
    com.unity.collections@2.6.6 (location: C:\CutMyBodyPlease\Unity\AnatomyXR\Library\PackageCache\com.unity.collections@9796e5ee0d9e)
    com.unity.nuget.mono-cecil@1.11.6 (location: C:\CutMyBodyPlease\Unity\AnatomyXR\Library\PackageCache\com.unity.nuget.mono-cecil@ecb9724e46ff)
    com.unity.test-framework.performance@3.5.0 (location: C:\CutMyBodyPlease\Unity\AnatomyXR\Library\PackageCache\com.unity.test-framework.performance@8b56083ec0f0)
  Built-in packages:
    com.unity.render-pipelines.universal@17.3.0 (location: C:\CutMyBodyPlease\Unity\AnatomyXR\Library\PackageCache\com.unity.render-pipelines.universal@37e06a5b08b3)
    com.unity.modules.accessibility@1.0.0 (location: C:\CutMyBodyPlease\Unity\AnatomyXR\Library\PackageCache\com.unity.modules.accessibility)
    com.unity.modules.adaptiveperformance@1.0.0 (location: C:\CutMyBodyPlease\Unity\AnatomyXR\Library\PackageCache\com.unity.modules.adaptiveperformance)
    com.unity.modules.ai@1.0.0 (location: C:\CutMyBodyPlease\Unity\AnatomyXR\Library\PackageCache\com.unity.modules.ai)
    com.unity.modules.androidjni@1.0.0 (location: C:\CutMyBodyPlease\Unity\AnatomyXR\Library\PackageCache\com.unity.modules.androidjni)
    com.unity.modules.animation@1.0.0 (location: C:\CutMyBodyPlease\Unity\AnatomyXR\Library\PackageCache\com.unity.modules.animation)
    com.unity.modules.assetbundle@1.0.0 (location: C:\CutMyBodyPlease\Unity\AnatomyXR\Library\PackageCache\com.unity.modules.assetbundle)
    com.unity.modules.audio@1.0.0 (location: C:\CutMyBodyPlease\Unity\AnatomyXR\Library\PackageCache\com.unity.modules.audio)
    com.unity.modules.cloth@1.0.0 (location: C:\CutMyBodyPlease\Unity\AnatomyXR\Library\PackageCache\com.unity.modules.cloth)
    com.unity.modules.director@1.0.0 (location: C:\CutMyBodyPlease\Unity\AnatomyXR\Library\PackageCache\com.unity.modules.director)
    com.unity.modules.imageconversion@1.0.0 (location: C:\CutMyBodyPlease\Unity\AnatomyXR\Library\PackageCache\com.unity.modules.imageconversion)
    com.unity.modules.imgui@1.0.0 (location: C:\CutMyBodyPlease\Unity\AnatomyXR\Library\PackageCache\com.unity.modules.imgui)
    com.unity.modules.jsonserialize@1.0.0 (location: C:\CutMyBodyPlease\Unity\AnatomyXR\Library\PackageCache\com.unity.modules.jsonserialize)
    com.unity.modules.particlesystem@1.0.0 (location: C:\CutMyBodyPlease\Unity\AnatomyXR\Library\PackageCache\com.unity.modules.particlesystem)
    com.unity.modules.physics@1.0.0 (location: C:\CutMyBodyPlease\Unity\AnatomyXR\Library\PackageCache\com.unity.modules.physics)
    com.unity.modules.physics2d@1.0.0 (location: C:\CutMyBodyPlease\Unity\AnatomyXR\Library\PackageCache\com.unity.modules.physics2d)
    com.unity.modules.screencapture@1.0.0 (location: C:\CutMyBodyPlease\Unity\AnatomyXR\Library\PackageCache\com.unity.modules.screencapture)
    com.unity.modules.terrain@1.0.0 (location: C:\CutMyBodyPlease\Unity\AnatomyXR\Library\PackageCache\com.unity.modules.terrain)
    com.unity.modules.terrainphysics@1.0.0 (location: C:\CutMyBodyPlease\Unity\AnatomyXR\Library\PackageCache\com.unity.modules.terrainphysics)
    com.unity.modules.tilemap@1.0.0 (location: C:\CutMyBodyPlease\Unity\AnatomyXR\Library\PackageCache\com.unity.modules.tilemap)
    com.unity.modules.ui@1.0.0 (location: C:\CutMyBodyPlease\Unity\AnatomyXR\Library\PackageCache\com.unity.modules.ui)
    com.unity.modules.uielements@1.0.0 (location: C:\CutMyBodyPlease\Unity\AnatomyXR\Library\PackageCache\com.unity.modules.uielements)
    com.unity.modules.umbra@1.0.0 (location: C:\CutMyBodyPlease\Unity\AnatomyXR\Library\PackageCache\com.unity.modules.umbra)
    com.unity.modules.unityanalytics@1.0.0 (location: C:\CutMyBodyPlease\Unity\AnatomyXR\Library\PackageCache\com.unity.modules.unityanalytics)
    com.unity.modules.unitywebrequest@1.0.0 (location: C:\CutMyBodyPlease\Unity\AnatomyXR\Library\PackageCache\com.unity.modules.unitywebrequest)
    com.unity.modules.unitywebrequestassetbundle@1.0.0 (location: C:\CutMyBodyPlease\Unity\AnatomyXR\Library\PackageCache\com.unity.modules.unitywebrequestassetbundle)
    com.unity.modules.unitywebrequestaudio@1.0.0 (location: C:\CutMyBodyPlease\Unity\AnatomyXR\Library\PackageCache\com.unity.modules.unitywebrequestaudio)
    com.unity.modules.unitywebrequesttexture@1.0.0 (location: C:\CutMyBodyPlease\Unity\AnatomyXR\Library\PackageCache\com.unity.modules.unitywebrequesttexture)
    com.unity.modules.unitywebrequestwww@1.0.0 (location: C:\CutMyBodyPlease\Unity\AnatomyXR\Library\PackageCache\com.unity.modules.unitywebrequestwww)
    com.unity.modules.vectorgraphics@1.0.0 (location: C:\CutMyBodyPlease\Unity\AnatomyXR\Library\PackageCache\com.unity.modules.vectorgraphics)
    com.unity.modules.vehicles@1.0.0 (location: C:\CutMyBodyPlease\Unity\AnatomyXR\Library\PackageCache\com.unity.modules.vehicles)
    com.unity.modules.video@1.0.0 (location: C:\CutMyBodyPlease\Unity\AnatomyXR\Library\PackageCache\com.unity.modules.video)
    com.unity.modules.vr@1.0.0 (location: C:\CutMyBodyPlease\Unity\AnatomyXR\Library\PackageCache\com.unity.modules.vr)
    com.unity.modules.wind@1.0.0 (location: C:\CutMyBodyPlease\Unity\AnatomyXR\Library\PackageCache\com.unity.modules.wind)
    com.unity.modules.xr@1.0.0 (location: C:\CutMyBodyPlease\Unity\AnatomyXR\Library\PackageCache\com.unity.modules.xr)
    com.unity.modules.subsystems@1.0.0 (location: C:\CutMyBodyPlease\Unity\AnatomyXR\Library\PackageCache\com.unity.modules.subsystems)
    com.unity.modules.hierarchycore@1.0.0 (location: C:\CutMyBodyPlease\Unity\AnatomyXR\Library\PackageCache\com.unity.modules.hierarchycore)
    com.unity.ugui@2.0.0 (location: C:\CutMyBodyPlease\Unity\AnatomyXR\Library\PackageCache\com.unity.ugui@e20f1880fa04)
    com.unity.render-pipelines.core@17.3.0 (location: C:\CutMyBodyPlease\Unity\AnatomyXR\Library\PackageCache\com.unity.render-pipelines.core@731b06833851)
    com.unity.shadergraph@17.3.0 (location: C:\CutMyBodyPlease\Unity\AnatomyXR\Library\PackageCache\com.unity.shadergraph@fe0f710ccc2d)
    com.unity.render-pipelines.universal-config@17.0.3 (location: C:\CutMyBodyPlease\Unity\AnatomyXR\Library\PackageCache\com.unity.render-pipelines.universal-config@8dc1aab4af1d)
    com.unity.test-framework@1.6.0 (location: C:\CutMyBodyPlease\Unity\AnatomyXR\Library\PackageCache\com.unity.test-framework@bd7f943e9647)
    com.unity.ext.nunit@2.0.5 (location: C:\CutMyBodyPlease\Unity\AnatomyXR\Library\PackageCache\com.unity.ext.nunit@d8c07649098d)
[Subsystems] Looking for new subsystems at path C:\CutMyBodyPlease\Unity\AnatomyXR\Library\PackageCache\com.unity.xr.openxr@58837b2992e0
[Subsystems] Novel subsystem found at Library/PackageCache/com.unity.xr.openxr@58837b2992e0/Runtime/UnitySubsystemsManifest.json
[Subsystems] Discovering subsystems at path C:/Program Files/Unity/Hub/Editor/6000.3.20f1/Editor/Data/Resources/UnitySubsystems
[Subsystems] Discovering subsystems at path C:/CutMyBodyPlease/Unity/AnatomyXR/Assets
[Subsystems] Discovering subsystems at path C:\CutMyBodyPlease\Unity\AnatomyXR\Library\PackageCache\com.unity.xr.openxr@58837b2992e0
[Subsystems] No descriptors matched for  examples in Library/PackageCache/com.unity.xr.openxr@58837b2992e0/Runtime/UnitySubsystemsManifest.json.
[Subsystems] 1 'inputs' descriptors matched in Library/PackageCache/com.unity.xr.openxr@58837b2992e0/Runtime/UnitySubsystemsManifest.json
[Subsystems] 1 'displays' descriptors matched in Library/PackageCache/com.unity.xr.openxr@58837b2992e0/Runtime/UnitySubsystemsManifest.json
[Subsystems] No descriptors matched for  meshings in Library/PackageCache/com.unity.xr.openxr@58837b2992e0/Runtime/UnitySubsystemsManifest.json.
[Package Manager] Done registering packages in 0.01 seconds
[ScriptCompilation] Requested script compilation because: Assetdatabase observed changes in script compilation related files
Starting: C:\Program Files\Unity\Hub\Editor\6000.3.20f1\Editor\Data\Tools\BuildPipeline\bee_backend.exe --ipc --defer-dag-verification --dagfile="Library/Bee/1900b0aE.dag" --continue-on-failure --profile="Library/Bee/backend1.traceevents" ScriptAssemblies
WorkingDir: C:/CutMyBodyPlease/Unity/AnatomyXR
DisplayProgressbar: Compiling Scripts
ExitCode: 0 Duration: 0s676ms
[685/879    0s] ILPP-Configuration Library/ilpp-configuration.nevergeneratedoutput
[875/879    0s] Csc Library/Bee/artifacts/1900b0aE.dag/Assembly-CSharp-Editor.dll (+2 others)
[876/879    0s] ILPostProcess Library/Bee/artifacts/1900b0aE.dag/post-processed/Assembly-CSharp-Editor.dll (+pdb)
Processing assembly Library/Bee/artifacts/1900b0aE.dag/Assembly-CSharp-Editor.dll, with 137 defines and 325 references

processors: Unity.Jobs.CodeGen.JobsILPostProcessor, zzzUnity.Burst.CodeGen.BurstILPostProcessor

running Unity.Jobs.CodeGen.JobsILPostProcessor

running zzzUnity.Burst.CodeGen.BurstILPostProcessor
[877/879    0s] CopyFiles Library/ScriptAssemblies/Assembly-CSharp-Editor.pdb
[878/879    0s] CopyFiles Library/ScriptAssemblies/Assembly-CSharp-Editor.dll
*** Tundra build success (0.65 seconds), 5 items updated, 879 evaluated
AssetDatabase: script compilation time: 1.055964s
Begin MonoManager ReloadAssembly
- Loaded All Assemblies, in  0.621 seconds
Refreshing native plugins compatible for Editor in 2.96 ms, found 6 plugins.
Native extension for WindowsStandalone target not found
ScheduleIndexationOnStartup MainProcess:True IndexOnStartup:True
Mono: successfully reloaded assembly
- Finished resetting the current domain, in  2.188 seconds
Domain Reload Profiling: 2806ms
	BeginReloadAssembly (279ms)
		ExecutionOrderSort (0ms)
		DisableScriptedObjects (22ms)
		BackupInstance (0ms)
		ReleaseScriptingObjects (0ms)
		CreateAndSetChildDomain (148ms)
	RebuildCommonClasses (28ms)
	RebuildNativeTypeToScriptingClass (11ms)
	initialDomainReloadingComplete (21ms)
	LoadAllAssembliesAndSetupDomain (279ms)
		LoadAssemblies (210ms)
		RebuildTransferFunctionScriptingTraits (0ms)
		AnalyzeDomain (141ms)
			TypeCache.Refresh (88ms)
				TypeCache.ScanAssembly (79ms)
			BuildScriptInfoCaches (39ms)
			ResolveRequiredComponents (11ms)
	FinalizeReload (2188ms)
		ReleaseScriptCaches (0ms)
		RebuildScriptCaches (0ms)
		SetupLoadedEditorAssemblies (2027ms)
			LogAssemblyErrors (0ms)
			InitializePlatformSupportModulesInManaged (19ms)
			SetLoadedEditorAssemblies (4ms)
			BeforeProcessingInitializeOnLoad (135ms)
			ProcessInitializeOnLoadAttributes (1626ms)
			ProcessInitializeOnLoadMethodAttributes (237ms)
			AfterProcessingInitializeOnLoad (4ms)
			EditorAssembliesLoaded (0ms)
		ExecutionOrderSort2 (0ms)
		AwakeInstancesAfterBackupRestoration (21ms)
Start importing Assets/XR/Settings/OpenXR Package Settings.asset using Guid(2269e0d3307f61742a4f8c45d914c72a) (NativeFormatImporter) -> (artifact id: '884c1a24e0b42c0538e3cbb5161e9a65') in 0.0088428 seconds
Refreshing native plugins compatible for Editor in 2.66 ms, found 6 plugins.
Preloading 0 native plugins for Editor in 0.00 ms.
Asset Pipeline Refresh (id=bf327101eb4ab9848bdfca9f853bf5c3): Total: 4.470 seconds - Initiated by InitialRefreshV2(ForceSynchronousImport)
	Summary:
		Imports: total=1 (actual=1, local cache=0, cache server=0)
		Asset DB Process Time: managed=1 ms, native=2553 ms
		Asset DB Callback time: managed=180 ms, native=21 ms
		Scripting: domain reloads=1, domain reload time=621 ms, compile time=1057 ms, other=35 ms
		Project Asset Count: scripts=1143, non-scripts=1740
		Asset File Changes: new=0, changed=1, moved=0, deleted=0
		Scan Filter Count: 0
	InvokeCustomDependenciesCallbacks: 0.001ms
	InvokePackagesCallback: 17.652ms
	ApplyChangesToAssetFolders: 0.782ms
	Scan: 136.774ms
	OnSourceAssetsModified: 0.785ms
	CategorizeAssetsWithTransientArtifact: 21.692ms
	ProcessAssetsWithTransientArtifactChanges: 43.961ms
	CategorizeAssets: 36.586ms
	ImportOutOfDateAssets: 2210.652ms (1140.691ms without children)
		ImportManagerImport: 10.516ms (1.238ms without children)
			ImportInProcess: 9.249ms
			UpdateCategorizedAssets: 0.029ms
		CompileScripts: 1057.229ms
		ReloadNativeAssets: 0.028ms
		UnloadImportedAssets: 1.061ms
		ReloadImportedAssets: 0.230ms
		EnsureUptoDateAssetsAreRegisteredWithGuidPM: 0.384ms
		InitializingProgressBar: 0.007ms
		PostProcessAllAssetNotificationsAddChangedAssets: 0.001ms
		OnDemandSchedulerStart: 0.506ms
	PostProcessAllAssets: 180.691ms
	Hotreload: 3.618ms
	GatherAllCurrentPrimaryArtifactRevisions: 0.003ms
	UnloadStreamsBegin: 1.467ms
	PersistCurrentRevisions: 0.092ms
	UnloadStreamsEnd: 0.001ms
	GenerateScriptTypeHashes: 2.111ms
	Untracked: 1815.432ms

Application.AssetDatabase Initial Refresh End
Launched and connected shader compiler UnityShaderCompiler.exe after 0.01 seconds
Scanning for USB devices : 2.566ms
Initializing Unity extensions:
[MODES] ModeService[none].Initialize
[MODES] ModeService[none].LoadModes
[MODES] Loading mode Default (0) for mode-current-id-Anatomy XR Hospital
Unloading 57 Unused Serialized files (Serialized files now loaded: 0)
Unloading 4754 unused Assets / (10.2 MB). Loaded Objects now: 5537.
Memory consumption went from 186.5 MB to 176.3 MB.
Total: 10.367300 ms (FindLiveObjects: 0.620300 ms CreateObjectMapping: 0.260600 ms MarkObjects: 5.090900 ms  DeleteObjects: 4.394200 ms)

Asset Pipeline Refresh (id=80ed7407430640a4b95464e8d9de6374): Total: 0.038 seconds - Initiated by RefreshV2(NoUpdateAssetOptions)
Start importing Assets/XR/Settings/OpenXR Package Settings.asset using Guid(2269e0d3307f61742a4f8c45d914c72a) (NativeFormatImporter) -> (artifact id: '884c1a24e0b42c0538e3cbb5161e9a65') in 0.0022963 seconds
Start importing Assets/Hospital/Settings/XRGeneralSettingsPerBuildTarget.asset using Guid(d54efd4665ab34742b750f386ac16965) (NativeFormatImporter) -> (artifact id: 'cb50dd9f6cda316764be3734467d8013') in 0.0017259 seconds
Refreshing native plugins compatible for Editor in 2.78 ms, found 6 plugins.
Preloading 0 native plugins for Editor in 0.00 ms.
Asset Pipeline Refresh (id=d57050a57c19ea0418f44e397f7f8f88): Total: 0.024 seconds - Initiated by StopAssetImportingV2(NoUpdateAssetOptions)
STAGE05_WINDOWS_OPENXR=CONFIGURED openxr_loader=True; only_loader=True; quest2_profile=True; quest3_profile=True; single_pass_instanced=True; init_on_start=True
UnityEngine.Debug:ExtractStackTraceNoAlloc (byte*,int,string)
UnityEngine.StackTraceUtility:ExtractStackTrace ()
UnityEngine.DebugLogHandler:Internal_Log (UnityEngine.LogType,UnityEngine.LogOption,string,UnityEngine.Object)
UnityEngine.DebugLogHandler:LogFormat (UnityEngine.LogType,UnityEngine.Object,string,object[])
UnityEngine.Logger:Log (UnityEngine.LogType,object)
UnityEngine.Debug:Log (object)
CutMyBodyPlease.Hospital.Stage05.Editor.HospitalStage05XRSetup:Configure () (at Assets/Hospital/Editor/HospitalStage05XRSetup.cs:63)
CutMyBodyPlease.Hospital.Stage05.Editor.HospitalStage05R41Builder:BuildAndValidateR41 () (at Assets/Hospital/Editor/HospitalStage05R41Builder.cs:74)

(Filename: Assets/Hospital/Editor/HospitalStage05XRSetup.cs Line: 63)

Asset Pipeline Refresh (id=079373547635f5542bca25eda3c697a8): Total: 0.035 seconds - Initiated by RefreshV2(NoUpdateAssetOptions)
Start importing ProjectSettings/ProjectSettings.asset using Guid(00000000000000004000000000000000) (LibraryAssetImporter) -> (artifact id: '23a66668730609685d79987ab719c906') in 0.003855 seconds
Start importing ProjectSettings/GraphicsSettings.asset using Guid(00000000000000006100000000000000) (LibraryAssetImporter) -> (artifact id: '9224ae4bdf25320a6774e2da3417b8bc') in 0.0028287 seconds
Start importing Assets/Hospital/Settings/Hospital_PCVR_Renderer.asset using Guid(f85eacc74777b03459a612985df23860) (NativeFormatImporter) -> (artifact id: 'ca2615a0c82a6a2c6a34ff669d946a06') in 0.0021016 seconds
Start importing Assets/Hospital/Settings/Hospital_PCVR_URP.asset using Guid(09fbd1b998cd4d2418d6b2ea8189e940) (NativeFormatImporter) -> (artifact id: '6c93cb978c181317d3a944ba46c1d6fe') in 0.0022913 seconds
Refreshing native plugins compatible for Editor in 2.53 ms, found 6 plugins.
Preloading 0 native plugins for Editor in 0.00 ms.
Asset Pipeline Refresh (id=3520b920b8b44b4418113369f0c69642): Total: 0.084 seconds - Initiated by StopAssetImportingV2(NoUpdateAssetOptions)
Start importing Assets/Hospital/Materials/MAT_S03E_InteriorWall_WarmWhite.mat using Guid(000c452005418c84f89195398934c2ac) (NativeFormatImporter) -> (artifact id: 'b7be9807feb0d78657e149594ffe1a4d') in 0.0023011 seconds
Start importing Assets/Hospital/Materials/MAT_Entrance_PolishedArrivalStone.mat using Guid(3165a9a48f74c024fab97974108bb69a) (NativeFormatImporter) -> (artifact id: 'a9f3f4f42883ecd30b94e3b85f167721') in 0.0017413 seconds
Start importing Assets/Hospital/Materials/MAT_Composite_WarmOffWhite.mat using Guid(81af0662b33f0ec48ad8a354fdb14560) (NativeFormatImporter) -> (artifact id: '5a6ed1fe46712001d194375315d48c39') in 0.0015607 seconds
Start importing Assets/Hospital/Materials/MAT_S03E_FurnitureSilhouette.mat using Guid(d1b63c295f434c44f9b627a5fa9983a4) (NativeFormatImporter) -> (artifact id: 'ffb95b3f8aa47a7e2529b21446a1ee63') in 0.0018468 seconds
Start importing Assets/Hospital/Materials/MAT_LED_Warm_3200K.mat using Guid(822dc5fbd0f97bd49982758f8675c77d) (NativeFormatImporter) -> (artifact id: '70a82f33c51e176d130ce86fd7ed3f30') in 0.0015965 seconds
Start importing Assets/Hospital/Materials/MAT_Entrance_RefinedBronze.mat using Guid(331c48feccda88647b66f03f508333ef) (NativeFormatImporter) -> (artifact id: '48f5d22eb1b823fb2aa6f885cb3929fc') in 0.001533 seconds
Start importing Assets/Hospital/Materials/MAT_Entrance_DeepGreenFoliage.mat using Guid(438ecf2f66fbeb94b8ea583a771401f2) (NativeFormatImporter) -> (artifact id: '0393cb76deba7ee6b2b428588b875fe0') in 0.0016097 seconds
Start importing Assets/Hospital/Materials/MAT_CornerBalcony_UltraClearGuard.mat using Guid(83539c5aea37112409432afb340f8810) (NativeFormatImporter) -> (artifact id: 'a85cc447ee99560cb46bb01fee137bc3') in 0.0014788 seconds
Start importing Assets/Hospital/Materials/MAT_Entrance_HighClarityGlass.mat using Guid(b47c30317a8483a45a888256012efb95) (NativeFormatImporter) -> (artifact id: '605824f677bb9f0a409a306b48a23ea7') in 0.0012693 seconds
Start importing Assets/Hospital/Materials/MAT_S03E_PrivacyShade.mat using Guid(c503c9e93cdbf954cbc758650bd6030d) (NativeFormatImporter) -> (artifact id: '2678696a98bf198dafa0faecce2276a2') in 0.0016302 seconds
Start importing Assets/Hospital/Materials/MAT_Architectural_ShadowGap.mat using Guid(065782ae8ca97d64497d51628550788c) (NativeFormatImporter) -> (artifact id: 'b8b4f73505acbb4c61e48ac969e57123') in 0.0019477 seconds
Start importing Assets/Hospital/Materials/MAT_S03E_Ceiling_SoftWhite.mat using Guid(36ff0ec412e491a4a8774f6b414510a5) (NativeFormatImporter) -> (artifact id: '4ce20241c02cde25865dbfdbfbf2a366') in 0.0018698 seconds
Start importing Assets/Hospital/Materials/MAT_Interior_WarmDaylightSurface.mat using Guid(1728498b8f46f7e4a80ff2baba0eb6a4) (NativeFormatImporter) -> (artifact id: 'c0ef6e1fc2d742dee55e25fcea60e62b') in 0.0020307 seconds
Start importing Assets/Hospital/Materials/MAT_Composite_LightGrey.mat using Guid(67714f9bf3fb02945a40b6571a64c58b) (NativeFormatImporter) -> (artifact id: '85cc317a50966f0189cbd8f4e1c959c6') in 0.0044135 seconds
Start importing Assets/Hospital/Materials/MAT_Entrance_HonedTravertine.mat using Guid(77fd61d79836ea44c829f69720fe877f) (NativeFormatImporter) -> (artifact id: 'a2034552e9ab23955e5fd56777fa324c') in 0.0056337 seconds
Start importing Assets/Hospital/Materials/MAT_Lobby_HonedTerrazzo.mat using Guid(48af3a80caeadc44c933f22365562b50) (NativeFormatImporter) -> (artifact id: 'a3000c413e876adc06474065642eb51c') in 0.0042744 seconds
Start importing Assets/Hospital/Materials/MAT_Neutral_Concrete.mat using Guid(58e1e105d87e8e34a92122bcb4200db1) (NativeFormatImporter) -> (artifact id: 'b05a0ba3bef6bea963b19cf75903fef3') in 0.0105852 seconds
Start importing Assets/Hospital/Materials/MAT_CornerBalcony_BlueGreyRoomGlass.mat using Guid(3a6a01099d12cf648888298db67e5a89) (NativeFormatImporter) -> (artifact id: '09f88d1e982f8e19db401131aaca1aa4') in 0.0018076 seconds
Start importing Assets/Hospital/Materials/MAT_Glass_BlueGrey.mat using Guid(da28c897c8f23f64aa90bc4d63f6e00f) (NativeFormatImporter) -> (artifact id: '31bcd05b163db7313fb8357c09403168') in 0.0014039 seconds
Start importing Assets/Hospital/Materials/MAT_S03E_WarmTimber.mat using Guid(4b9b6ac8bc4f05141b6e38b24e580b2e) (NativeFormatImporter) -> (artifact id: '4c85082ba2efcc078136d95996026872') in 0.0012672 seconds
Start importing Assets/Hospital/Materials/MAT_S03E_Floor_HonedTerrazzo.mat using Guid(9b8908fe7aa0b1f4d9515434b9395738) (NativeFormatImporter) -> (artifact id: '81ce23e4a26b01905f97b33fdf50a329') in 0.0013673 seconds
Start importing Assets/Hospital/Materials/MAT_Entrance_DoorGlass.mat using Guid(bbb182272c94c2444a6277950295135c) (NativeFormatImporter) -> (artifact id: '9c1ca9b0b226a6fc367ad293aa7f0446') in 0.0015884 seconds
Start importing Assets/Hospital/Materials/MAT_Canopy_RecessedSoffit.mat using Guid(db058a0f4fed39e43a6c3e985f9fb756) (NativeFormatImporter) -> (artifact id: 'd152f13077e4626fd2b2adf2fba5557d') in 0.0016988 seconds
Start importing Assets/Hospital/Materials/MAT_S03E_ServiceBackdrop.mat using Guid(6c7d3fc23cbaa644f909f3591b22ff71) (NativeFormatImporter) -> (artifact id: '464201982cded4f6375bb644e80d3ba2') in 0.001941 seconds
Start importing Assets/Hospital/Materials/MAT_Lobby_WarmStone.mat using Guid(8c69794c8b2e6c64e971da5650ab24bd) (NativeFormatImporter) -> (artifact id: '05bda313ebce7cac540ed3734f50587e') in 0.0016185 seconds
Start importing Assets/Hospital/Materials/MAT_Aluminium_Charcoal.mat using Guid(4d6647e5dd7154546b4d8d04ae147e9c) (NativeFormatImporter) -> (artifact id: '3a2b8e0f873603763c8affb419ed6f50') in 0.0014776 seconds
Start importing Assets/Hospital/Materials/MAT_Lobby_WoodCharcoal.mat using Guid(8d6c7eaf110c1a04cbeb82ce0bbe352c) (NativeFormatImporter) -> (artifact id: '3bc5e5fa51a845dcaabce27808bb1470') in 0.0013262 seconds
Start importing Assets/Hospital/Materials/MAT_Portal_DarkBronze.mat using Guid(2fb91e1224506ce449b6c46cc2d75dfd) (NativeFormatImporter) -> (artifact id: 'db483589d21df0ca8ad6c6549be605ec') in 0.001227 seconds
Start importing Assets/Hospital/Materials/MAT_Signage_WarmWhite_NonEmissive.mat using Guid(bf60d98d58578b0459f1c0e7b9bd07a4) (NativeFormatImporter) -> (artifact id: 'ceb9a94d76f5095769eb22d8b75bc1bf') in 0.0012295 seconds
Start importing Assets/Hospital/Materials/MAT_CornerBalcony_IntegratedDoorGlass.mat using Guid(ef7fc5a5a2e51a1458e91dd2db305749) (NativeFormatImporter) -> (artifact id: '52dcad2416b89aff710b99dcb859eb5d') in 0.0012344 seconds
Refreshing native plugins compatible for Editor in 2.95 ms, found 6 plugins.
Preloading 0 native plugins for Editor in 0.00 ms.
Asset Pipeline Refresh (id=7b39f2a53cbe6484d8ba430071c6b46a): Total: 0.117 seconds - Initiated by StopAssetImportingV2(NoUpdateAssetOptions)
Start importing Assets/Hospital/Settings/Stage05_R41_MaterialSource.json using Guid(08b4c0e0a069f3a4081ffdcfee8c836c) (TextScriptImporter) -> (artifact id: 'b1f8ebfc2e5f544b8884e054cd850fcc') in 0.0027675 seconds
Start importing Assets/Hospital/Settings/Stage05_R41_InputManifest.json using Guid(3ecc961e84b3f0a4da50ab6eb1428ebf) (TextScriptImporter) -> (artifact id: 'c325a61970a504a7decd3437b12ee6fe') in 0.0024015 seconds
Refreshing native plugins compatible for Editor in 2.47 ms, found 6 plugins.
Preloading 0 native plugins for Editor in 0.00 ms.
Asset Pipeline Refresh (id=c6f98bf8812bba04fb8a4eb5ff7ab0c6): Total: 0.038 seconds - Initiated by RefreshV2(ForceUpdate)
Start importing Assets/Hospital/SourceFBX/R40/Hospital_EXT_GlobalStructure.fbx using Guid(e4e2b74e35fcebf4c9053a4da90a392c) (FBXImporter) -> (artifact id: 'f23bf793c6bfbe599a631fe805728d48') in 0.0603443 seconds
Refreshing native plugins compatible for Editor in 2.89 ms, found 6 plugins.
Preloading 0 native plugins for Editor in 0.00 ms.
Asset Pipeline Refresh (id=7b2ceae447fe6704f9346c8595f60624): Total: 0.076 seconds - Initiated by StopAssetImportingV2(NoUpdateAssetOptions)
Start importing Assets/Hospital/SourceFBX/R40/Hospital_EXT_GroundEntrance.fbx using Guid(422a12929c78f0b499cde29d7b1665af) (FBXImporter) -> (artifact id: '546b621eec0e4b182b2077b2c5cc5031') in 0.1133836 seconds
Refreshing native plugins compatible for Editor in 2.41 ms, found 6 plugins.
Preloading 0 native plugins for Editor in 0.00 ms.
Asset Pipeline Refresh (id=401c77b794146b44f800260ca6253df7): Total: 0.131 seconds - Initiated by StopAssetImportingV2(NoUpdateAssetOptions)
Start importing Assets/Hospital/SourceFBX/R40/Hospital_ACT_InteractiveDoors.fbx using Guid(a661af9d099edfe40b4796769626a043) (FBXImporter) -> (artifact id: '05910403ee0b036eb676f888e9e29896') in 0.0405694 seconds
Refreshing native plugins compatible for Editor in 2.26 ms, found 6 plugins.
Preloading 0 native plugins for Editor in 0.00 ms.
Asset Pipeline Refresh (id=867e193210e454e41b2b2925f45c48bb): Total: 0.055 seconds - Initiated by StopAssetImportingV2(NoUpdateAssetOptions)
Asset Pipeline Refresh (id=2536084adc393584ea243423c92b1c14): Total: 0.005 seconds - Initiated by StopAssetImportingV2(NoUpdateAssetOptions)
Asset Pipeline Refresh (id=a9fc42d36383c0d4f8b0367536b4c9c0): Total: 0.005 seconds - Initiated by StopAssetImportingV2(NoUpdateAssetOptions)
Asset Pipeline Refresh (id=0996edc5c4b23d8499db51395c9e200a): Total: 0.005 seconds - Initiated by StopAssetImportingV2(NoUpdateAssetOptions)
Unloading 0 Unused Serialized files (Serialized files now loaded: 0)
Unloading 810 unused Assets / (313.6 KB). Loaded Objects now: 5537.
Memory consumption went from 208.4 MB to 208.1 MB.
Total: 150.344300 ms (FindLiveObjects: 0.188600 ms CreateObjectMapping: 0.081700 ms MarkObjects: 149.063300 ms  DeleteObjects: 1.009600 ms)

Start importing Assets/Hospital/Materials/MAT_Entrance_HighClarityGlass.mat using Guid(b47c30317a8483a45a888256012efb95) (NativeFormatImporter) -> (artifact id: '6be4fd0d31258358a4dc6c3a89578a86') in 0.0023386 seconds
Start importing Assets/Hospital/Materials/MAT_Glass_BlueGrey.mat using Guid(da28c897c8f23f64aa90bc4d63f6e00f) (NativeFormatImporter) -> (artifact id: 'd614d868c73239843bee6f95e8cd64e9') in 0.0016501 seconds
Start importing Assets/Hospital/Materials/MAT_Entrance_DoorGlass.mat using Guid(bbb182272c94c2444a6277950295135c) (NativeFormatImporter) -> (artifact id: 'a6cf3be85053c65f7f77ecb7b1f00528') in 0.0016233 seconds
Refreshing native plugins compatible for Editor in 2.34 ms, found 6 plugins.
Preloading 0 native plugins for Editor in 0.00 ms.
Asset Pipeline Refresh (id=bc719590f012f1e489c3565cf704184a): Total: 0.035 seconds - Initiated by StopAssetImportingV2(NoUpdateAssetOptions)
Start importing Assets/Hospital/Scenes/IntegrationSandbox/Hospital_R41_IntegrationSandbox.unity using Guid(55027c5f1274af948a66a439336eaf26) (DefaultImporter) -> (artifact id: '37ea757f9a5c6004b6f1828b991ba972') in 0.0011731 seconds
Refreshing native plugins compatible for Editor in 2.68 ms, found 6 plugins.
Preloading 0 native plugins for Editor in 0.00 ms.
Asset Pipeline Refresh (id=93f1ad7dd4a89ad4c99b419e656dc1c8): Total: 0.027 seconds - Initiated by StopAssetImportingV2(NoUpdateAssetOptions)
Opening scene 'Assets/Hospital/Scenes/IntegrationSandbox/Hospital_R41_IntegrationSandbox.unity'
Unloading 29 Unused Serialized files (Serialized files now loaded: 0)
Loaded scene 'Assets/Hospital/Scenes/IntegrationSandbox/Hospital_R41_IntegrationSandbox.unity'
	Deserialize:            0.477 ms
	Integration:            303.428 ms
	Integration of assets:  0.001 ms
	Thread Wait Time:       0.009 ms
	Total Operation Time:   303.916 ms
Unloading 175 unused Assets / (150.9 KB). Loaded Objects now: 6605.
Memory consumption went from 223.9 MB to 223.8 MB.
Total: 5.682700 ms (FindLiveObjects: 0.249400 ms CreateObjectMapping: 0.090700 ms MarkObjects: 5.028100 ms  DeleteObjects: 0.313700 ms)

Start importing Assets/Hospital/Settings/Stage05_R41_UnityGate.json using Guid(9f01ba88832e0db4b8d9c5fde1b3ce23) (TextScriptImporter) -> (artifact id: 'cd63c679cface2f4d7500b0789e20b32') in 0.0016932 seconds
Refreshing native plugins compatible for Editor in 2.40 ms, found 6 plugins.
Preloading 0 native plugins for Editor in 0.00 ms.
Asset Pipeline Refresh (id=1642dd95bf32c72419b68879ae277ba4): Total: 0.053 seconds - Initiated by RefreshV2(NoUpdateAssetOptions)
STAGE05_R41_GATE=PASS
UnityEngine.Debug:ExtractStackTraceNoAlloc (byte*,int,string)
UnityEngine.StackTraceUtility:ExtractStackTrace ()
UnityEngine.DebugLogHandler:Internal_Log (UnityEngine.LogType,UnityEngine.LogOption,string,UnityEngine.Object)
UnityEngine.DebugLogHandler:LogFormat (UnityEngine.LogType,UnityEngine.Object,string,object[])
UnityEngine.Logger:Log (UnityEngine.LogType,object)
UnityEngine.Debug:Log (object)
CutMyBodyPlease.Hospital.Stage05.Editor.HospitalStage05R41Builder:BuildAndValidateR41 () (at Assets/Hospital/Editor/HospitalStage05R41Builder.cs:96)

(Filename: Assets/Hospital/Editor/HospitalStage05R41Builder.cs Line: 96)

Batchmode quit successfully invoked - shutting down!
[Physics::Module] Cleanup current backend.
[Physics::Module] Id: 0xf2b8ea05
Input System module state changed to: ShutdownInProgress.
Input System polling thread exited.
Input System module state changed to: Shutdown.
[Licensing::IpcConnector] LicenseClient-benli-6000.3.20-notifications channel disconnected successfully.
[Licensing::IpcConnector] LicenseClient-benli-6000.3.20 channel disconnected successfully.
AcceleratorClientConnectionCallback - disconnected - :0
Cleanup mono
Exiting batchmode successfully now!
Exiting without the bug reporter. Application will terminate with return code 0